******************************************************************************
                  MSP430 Linker PC v4.3.3                      
******************************************************************************
>> Linked Mon May 04 02:52:10 2015

OUTPUT FILE NAME:   <LCD_Adafruit.out>
ENTRY POINT SYMBOL: "_c_int00"  address: 0000a6a2


MEMORY CONFIGURATION

         name            origin    length      used     unused   attr    fill
----------------------  --------  ---------  --------  --------  ----  --------
  SFR                   00000000   00000010  00000000  00000010  RWIX
  PERIPHERALS_8BIT      00000010   000000f0  00000000  000000f0  RWIX
  PERIPHERALS_16BIT     00000100   00000100  00000000  00000100  RWIX
  RAM                   00000200   00000400  000000fd  00000303  RWIX
  INFOD                 00001000   00000040  00000000  00000040  RWIX
  INFOC                 00001040   00000040  00000000  00000040  RWIX
  INFOB                 00001080   00000040  00000000  00000040  RWIX
  INFOA                 000010c0   00000040  00000000  00000040  RWIX
  FLASH                 00008000   00007fde  00002f76  00005068  RWIX
  INT00                 0000ffe0   00000002  00000000  00000002  RWIX
  INT01                 0000ffe2   00000002  00000000  00000002  RWIX
  INT02                 0000ffe4   00000002  00000002  00000000  RWIX
  INT03                 0000ffe6   00000002  00000002  00000000  RWIX
  INT04                 0000ffe8   00000002  00000000  00000002  RWIX
  INT05                 0000ffea   00000002  00000002  00000000  RWIX
  INT06                 0000ffec   00000002  00000002  00000000  RWIX
  INT07                 0000ffee   00000002  00000002  00000000  RWIX
  INT08                 0000fff0   00000002  00000002  00000000  RWIX
  INT09                 0000fff2   00000002  00000002  00000000  RWIX
  INT10                 0000fff4   00000002  00000002  00000000  RWIX
  INT11                 0000fff6   00000002  00000000  00000002  RWIX
  INT12                 0000fff8   00000002  00000002  00000000  RWIX
  INT13                 0000fffa   00000002  00000002  00000000  RWIX
  INT14                 0000fffc   00000002  00000002  00000000  RWIX
  RESET                 0000fffe   00000002  00000002  00000000  RWIX


SECTION ALLOCATION MAP

 output                                  attributes/
section   page    origin      length       input sections
--------  ----  ----------  ----------   ----------------
.init_array 
*          0    00008000    00000000     UNINITIALIZED

.bss       0    00000200    000000ad     UNINITIALIZED
                  00000200    0000002a     (.common:fs)
                  0000022a    0000001e     (.common:buffer)
                  00000248    00000014     (.common:name)
                  0000025c    00000008     (.common:bmp_header)
                  00000264    00000008     (.common:btn1)
                  0000026c    00000008     (.common:btn2)
                  00000274    00000008     (.common:btn3)
                  0000027c    00000008     (.common:btn4)
                  00000284    00000004     (.common:ms_time)
                  00000288    00000004     (.common:time_btn_enable)
                  0000028c    00000004     (.common:time_push)
                  00000290    00000002     (.common:FatFs)
                  00000292    00000002     (.common:_height)
                  00000294    00000002     (.common:_width)
                  00000296    00000002     (.common:cursor_x)
                  00000298    00000002     (.common:cursor_y)
                  0000029a    00000002     (.common:dres)
                  0000029c    00000002     (.common:flagReg)
                  0000029e    00000002     (.common:pres)
                  000002a0    00000002     (.common:start_pos)
                  000002a2    00000002     (.common:textbgcolor)
                  000002a4    00000002     (.common:textcolor)
                  000002a6    00000002     (.common:textsize)
                  000002a8    00000002     (.common:wrap)
                  000002aa    00000001     (.common:CardType)
                  000002ab    00000001     (.common:activeButton)
                  000002ac    00000001     (.common:selectedButton)

.TI.noinit 
*          0    00000200    00000000     UNINITIALIZED

.stack     0    000005b0    00000050     UNINITIALIZED
                  000005b0    00000002     rts430_eabi.lib : boot.obj (.stack)
                  000005b2    0000004e     --HOLE--

.text      0    00008000    000028f6     
                  00008000    000002de     tft_master.obj (.text:tft_begin)
                  000082de    0000022e     parser.obj (.text:get_pokemon_data)
                  0000850c    0000022c     pff.obj (.text:pf_mount)
                  00008738    000001dc     game_gfx.obj (.text:get_pokemon_image)
                  00008914    00000146     mmc.obj (.text:disk_initialize)
                  00008a5a    0000012a     tft_gfx.obj (.text:tft_drawCircle)
                  00008b84    0000011e     pff.obj (.text:pf_read)
                  00008ca2    00000116     rts430_eabi.lib : _printfi_min.obj (.text:_setfield)
                  00008db8    00000114     tft_gfx.obj (.text:tft_drawChar)
                  00008ecc    00000102     main.obj (.text:main)
                  00008fce    000000fa     game_gfx.obj (.text:draw_health)
                  000090c8    000000d2     tft_gfx.obj (.text:tft_drawCircleHelper)
                  0000919a    000000d0     tft_gfx.obj (.text:tft_drawRoundRect)
                  0000926a    000000ca     rts430_eabi.lib : _printfi_min.obj (.text:__TI_printfi_minimal)
                  00009334    000000c8     tft_gfx.obj (.text:tft_fillCircleHelper)
                  000093fc    000000ba     pff.obj (.text:get_fat)
                  000094b6    000000b8     setup.obj (.text:setup_lcd_fs)
                  0000956e    000000ae     pff.obj (.text:pf_open)
                  0000961c    000000ac     pff.obj (.text:follow_path)
                  000096c8    000000aa     game_gfx.obj (.text:drawButton)
                  00009772    0000009a     pff.obj (.text:dir_next)
                  0000980c    00000090     pff.obj (.text:check_fs)
                  0000989c    00000090     mmc.obj (.text:send_cmd)
                  0000992c    0000008a     pff.obj (.text:create_name)
                  000099b6    00000086     mmc.obj (.text:disk_readp)
                  00009a3c    00000080     tft_master.obj (.text:tft_fillRect)
                  00009abc    0000007e     tft_gfx.obj (.text:tft_write)
                  00009b3a    0000007a     tmr_int.obj (.text:button_handler)
                  00009bb4    0000007a     pff.obj (.text:dir_find)
                  00009c2e    0000007a     tft_gfx.obj (.text:tft_fillRoundRect)
                  00009ca8    00000072     pff.obj (.text:dir_rewind)
                  00009d1a    00000072     parser.obj (.text:get_attack_Name)
                  00009d8c    00000070     game_gfx.obj (.text:draw_names)
                  00009dfc    0000006a     parser.obj (.text:get_Name)
                  00009e66    00000060     game_gfx.obj (.text:updateButtons)
                  00009ec6    0000005e     rts430_eabi.lib : autoinit.obj (.text:_auto_init)
                  00009f24    0000005e     parser.obj (.text:parseCommaData)
                  00009f82    0000005c     rts430_eabi.lib : lsr32.obj (.text:l_lsr_const)
                  00009fde    00000058                     : div32u.obj (.text)
                  0000a036    00000056                     : _printfi_min.obj (.text:_ltostr)
                  0000a08c    00000054                     : atoi.obj (.text:atoi)
                  0000a0e0    00000050     tft_master.obj (.text:tft_drawFastHLine)
                  0000a130    00000050     tft_master.obj (.text:tft_drawFastVLine)
                  0000a180    0000004e     rts430_eabi.lib : _printfi_min.obj (.text:_pproc_diouxp)
                  0000a1ce    0000004c     parser.obj (.text:parsedata)
                  0000a21a    0000004c     rts430_eabi.lib : lsr16.obj (.text)
                  0000a266    0000004c     tft_gfx.obj (.text:tft_drawRect)
                  0000a2b2    00000048     rts430_eabi.lib : _printfi_min.obj (.text:_pproc_str)
                  0000a2fa    00000046     tmr_int.obj (.text:ms_timer_handler)
                  0000a340    00000042     game_gfx.obj (.text:initButtons)
                  0000a382    00000040     pff.obj (.text:clust2sect)
                  0000a3c2    0000003e     rts430_eabi.lib : lsl32.obj (.text:l_lsl_const)
                  0000a400    0000003c     game_gfx.obj (.text:draw_borders)
                  0000a43c    0000003a     tmr_int.obj (.text:init_button)
                  0000a476    0000003a     tft_master.obj (.text:tft_drawPixel)
                  0000a4b0    00000038     rts430_eabi.lib : sprintf.obj (.text:sprintf)
                  0000a4e8    00000038     tft_gfx.obj (.text:tft_fillCircle)
                  0000a520    00000034     tft_master.obj (.text:tft_setAddrWindow)
                  0000a554    0000002e     rts430_eabi.lib : _printfi_min.obj (.text:_getarg_diouxp)
                  0000a582    0000002c                     : lsl16.obj (.text)
                  0000a5ae    0000002a     usci_spi.obj (.text:spi_initialize)
                  0000a5d8    00000026     rts430_eabi.lib : mult32.obj (.text)
                  0000a5fe    00000024     tft_master.obj (.text:tft_Color565)
                  0000a622    00000022     rts430_eabi.lib : mult1632.obj (.text:__mpyul)
                  0000a644    00000022     usci_spi.obj (.text:spi_set_divisor)
                  0000a666    00000020     tmr_int.obj (.text:init_systimer)
                  0000a686    0000001c     rts430_eabi.lib : memccpy.obj (.text:memccpy)
                  0000a6a2    0000001a                     : boot.obj (.text:_c_int00_noexit)
                  0000a6bc    0000001a                     : sprintf.obj (.text:_outs)
                  0000a6d6    0000001a     delays.obj (.text:delay_ms)
                  0000a6f0    0000001a     tft_master.obj (.text:tft_fillScreen)
                  0000a70a    00000018     rts430_eabi.lib : _printfi_min.obj (.text:_div)
                  0000a722    00000018     pff.obj (.text:mem_cmp)
                  0000a73a    00000016     rts430_eabi.lib : div16u.obj (.text)
                  0000a750    00000016     usci_spi.obj (.text:spi_receive)
                  0000a766    00000016     usci_spi.obj (.text:spi_send)
                  0000a77c    00000016     tft_gfx.obj (.text:tft_writeString)
                  0000a792    00000014     rts430_eabi.lib : copy_zero_init.obj (.text:decompress:ZI:__TI_zero_init)
                  0000a7a6    00000014                     : memset.obj (.text:memset)
                  0000a7ba    00000014                     : mult16.obj (.text)
                  0000a7ce    00000012                     : sprintf.obj (.text:_outc)
                  0000a7e0    00000012                     : memcpy.obj (.text:memcpy)
                  0000a7f2    00000012     tft_master.obj (.text:tft_pushColor)
                  0000a804    00000012     tft_gfx.obj (.text:tft_setTextSize)
                  0000a816    00000012     tft_master.obj (.text:tft_spiwrite16)
                  0000a828    00000012     tft_master.obj (.text:tft_spiwrite8)
                  0000a83a    00000012     tft_master.obj (.text:tft_writecommand)
                  0000a84c    00000012     tft_master.obj (.text:tft_writedata16)
                  0000a85e    00000012     tft_master.obj (.text:tft_writedata)
                  0000a870    00000010     pff.obj (.text:mem_set)
                  0000a880    00000010     rts430_eabi.lib : epilog.obj (.text)
                  0000a890    00000010     setup.obj (.text:setup_timer_buttons)
                  0000a8a0    0000000e     rts430_eabi.lib : strlen.obj (.text:strlen)
                  0000a8ae    0000000e     tft_master.obj (.text:tft_init_hw)
                  0000a8bc    0000000a     tft_gfx.obj (.text:tft_setCursor)
                  0000a8c6    0000000a     tft_gfx.obj (.text:tft_setTextColor)
                  0000a8d0    00000006     rts430_eabi.lib : isr_trap.obj (.text:__TI_ISR_TRAP)
                  0000a8d6    00000006     game_gfx.obj (.text:set_button1_text)
                  0000a8dc    00000006     game_gfx.obj (.text:set_button2_text)
                  0000a8e2    00000006     game_gfx.obj (.text:set_button3_text)
                  0000a8e8    00000006     game_gfx.obj (.text:set_button4_text)
                  0000a8ee    00000004     rts430_eabi.lib : pre_init.obj (.text:_system_pre_init)
                  0000a8f2    00000004                     : exit.obj (.text:abort)

.const     0    0000a8f6    00000676     
                  0000a8f6    000004fb     tft_gfx.obj (.const:.string:font)
                  0000adf1    00000001     --HOLE-- [fill = 0]
                  0000adf2    00000101     rts430_eabi.lib : ctype.obj (.const:.string:_ctypes_)
                  0000aef3    00000001     --HOLE-- [fill = 0]
                  0000aef4    0000002c     game_gfx.obj (.const:.string)
                  0000af20    00000024     setup.obj (.const:.string)
                  0000af44    00000014     parser.obj (.const:.string)
                  0000af58    00000014     rts430_eabi.lib : _printfi_min.obj (.const:.string)

.cinit     0    0000af6c    0000000a     
                  0000af6c    00000004     (.cinit..bss.load) [load image, compression = zero_init]
                  0000af70    00000002     (__TI_handler_table)
                  0000af72    00000004     (__TI_cinit_table)

PORT1      0    0000ffe4    00000002     
                  0000ffe4    00000002     tmr_int.obj (.int02)

PORT2      0    0000ffe6    00000002     
                  0000ffe6    00000002     rts430_eabi.lib : int03.obj (.int03)

ADC10      0    0000ffea    00000002     
                  0000ffea    00000002     rts430_eabi.lib : int05.obj (.int05)

USCIAB0TX 
*          0    0000ffec    00000002     
                  0000ffec    00000002     rts430_eabi.lib : int06.obj (.int06)

USCIAB0RX 
*          0    0000ffee    00000002     
                  0000ffee    00000002     rts430_eabi.lib : int07.obj (.int07)

TIMERA1    0    0000fff0    00000002     
                  0000fff0    00000002     rts430_eabi.lib : int08.obj (.int08)

TIMERA0    0    0000fff2    00000002     
                  0000fff2    00000002     rts430_eabi.lib : int09.obj (.int09)

WDT        0    0000fff4    00000002     
                  0000fff4    00000002     rts430_eabi.lib : int10.obj (.int10)

TIMERB1    0    0000fff8    00000002     
                  0000fff8    00000002     rts430_eabi.lib : int12.obj (.int12)

TIMERB0    0    0000fffa    00000002     
                  0000fffa    00000002     tmr_int.obj (.int13)

NMI        0    0000fffc    00000002     
                  0000fffc    00000002     rts430_eabi.lib : int14.obj (.int14)

.reset     0    0000fffe    00000002     
                  0000fffe    00000002     rts430_eabi.lib : boot.obj (.reset)


LINKER GENERATED COPY TABLES

__TI_cinit_table @ 0000af72 records: 1, size/record: 4, table size: 4
	.bss: load addr=0000af6c, load size=00000004 bytes, run addr=00000200, run size=000000ad bytes, compression=zero_init


LINKER GENERATED HANDLER TABLE

__TI_handler_table @ 0000af70 records: 1, size/record: 2, table size: 2
	index: 0, handler: __TI_zero_init


GLOBAL SYMBOLS: SORTED ALPHABETICALLY BY Name 

address    name
--------   ----
0000004a   ADC10AE0
0000004b   ADC10AE1
000001b0   ADC10CTL0
000001b2   ADC10CTL1
00000048   ADC10DTC0
00000049   ADC10DTC1
000001b4   ADC10MEM
000001bc   ADC10SA
00000057   BCSCTL1
00000058   BCSCTL2
00000053   BCSCTL3
0000a8f2   C$$EXIT
000010fb   CALBC1_12MHZ
000010f9   CALBC1_16MHZ
000010ff   CALBC1_1MHZ
000010fd   CALBC1_8MHZ
000010fa   CALDCO_12MHZ
000010f8   CALDCO_16MHZ
000010fe   CALDCO_1MHZ
000010fc   CALDCO_8MHZ
00000056   DCOCTL
00000128   FCTL1
0000012a   FCTL2
0000012c   FCTL3
00000000   IE1
00000001   IE2
00000002   IFG1
00000003   IFG2
000000c0   OA0CTL0
000000c1   OA0CTL1
000000c2   OA1CTL0
000000c3   OA1CTL1
00000022   P1DIR
00000025   P1IE
00000024   P1IES
00000023   P1IFG
00000020   P1IN
00000021   P1OUT
00000027   P1REN
00000026   P1SEL
0000002a   P2DIR
0000002d   P2IE
0000002c   P2IES
0000002b   P2IFG
00000028   P2IN
00000029   P2OUT
0000002f   P2REN
0000002e   P2SEL
0000001a   P3DIR
00000018   P3IN
00000019   P3OUT
00000010   P3REN
0000001b   P3SEL
0000001e   P4DIR
0000001c   P4IN
0000001d   P4OUT
00000011   P4REN
0000001f   P4SEL
00000172   TACCR0
00000174   TACCR1
00000176   TACCR2
00000162   TACCTL0
00000164   TACCTL1
00000166   TACCTL2
00000160   TACTL
0000012e   TAIV
00000170   TAR
00000192   TBCCR0
00000194   TBCCR1
00000196   TBCCR2
00000182   TBCCTL0
00000184   TBCCTL1
00000186   TBCCTL2
00000180   TBCTL
0000011e   TBIV
00000190   TBR
0000005d   UCA0ABCTL
00000062   UCA0BR0
00000063   UCA0BR1
00000060   UCA0CTL0
00000061   UCA0CTL1
0000005f   UCA0IRRCTL
0000005e   UCA0IRTCTL
00000064   UCA0MCTL
00000066   UCA0RXBUF
00000065   UCA0STAT
00000067   UCA0TXBUF
0000006a   UCB0BR0
0000006b   UCB0BR1
00000068   UCB0CTL0
00000069   UCB0CTL1
0000006c   UCB0I2CIE
00000118   UCB0I2COA
0000011a   UCB0I2CSA
0000006e   UCB0RXBUF
0000006d   UCB0STAT
0000006f   UCB0TXBUF
00000120   WDTCTL
00000600   __STACK_END
00000050   __STACK_SIZE
0000af72   __TI_CINIT_Base
0000af76   __TI_CINIT_Limit
0000af70   __TI_Handler_Table_Base
0000af72   __TI_Handler_Table_Limit
UNDEFED    __TI_INITARRAY_Base
UNDEFED    __TI_INITARRAY_Limit
0000a8d0   __TI_ISR_TRAP
00000001   __TI_args_main
00000001   __TI_exit
0000ffe4   __TI_int02
0000ffe6   __TI_int03
0000ffea   __TI_int05
0000ffec   __TI_int06
0000ffee   __TI_int07
0000fff0   __TI_int08
0000fff2   __TI_int09
0000fff4   __TI_int10
0000fff8   __TI_int12
0000fffa   __TI_int13
0000fffc   __TI_int14
0000926a   __TI_printfi_minimal
0000a792   __TI_zero_init
ffffffff   __binit__
ffffffff   __c_args__
0000a73a   __mspabi_divu
00009fde   __mspabi_divul
0000a88c   __mspabi_func_epilog_1
0000a88a   __mspabi_func_epilog_2
0000a888   __mspabi_func_epilog_3
0000a886   __mspabi_func_epilog_4
0000a884   __mspabi_func_epilog_5
0000a882   __mspabi_func_epilog_6
0000a880   __mspabi_func_epilog_7
0000a7ba   __mspabi_mpyi
0000a5d8   __mspabi_mpyl
0000a622   __mspabi_mpyul
0000a73a   __mspabi_remu
00009fde   __mspabi_remul
0000a582   __mspabi_slli
0000a5aa   __mspabi_slli_1
0000a598   __mspabi_slli_10
0000a596   __mspabi_slli_11
0000a594   __mspabi_slli_12
0000a592   __mspabi_slli_13
0000a590   __mspabi_slli_14
0000a58e   __mspabi_slli_15
0000a5a8   __mspabi_slli_2
0000a5a6   __mspabi_slli_3
0000a5a4   __mspabi_slli_4
0000a5a2   __mspabi_slli_5
0000a5a0   __mspabi_slli_6
0000a59e   __mspabi_slli_7
0000a59c   __mspabi_slli_8
0000a59a   __mspabi_slli_9
0000a3fa   __mspabi_slll_1
0000a3d6   __mspabi_slll_10
0000a3d2   __mspabi_slll_11
0000a3ce   __mspabi_slll_12
0000a3ca   __mspabi_slll_13
0000a3c6   __mspabi_slll_14
0000a3c2   __mspabi_slll_15
0000a3f6   __mspabi_slll_2
0000a3f2   __mspabi_slll_3
0000a3ee   __mspabi_slll_4
0000a3ea   __mspabi_slll_5
0000a3e6   __mspabi_slll_6
0000a3e2   __mspabi_slll_7
0000a3de   __mspabi_slll_8
0000a3da   __mspabi_slll_9
0000a21a   __mspabi_srli
0000a260   __mspabi_srli_1
0000a23c   __mspabi_srli_10
0000a238   __mspabi_srli_11
0000a234   __mspabi_srli_12
0000a230   __mspabi_srli_13
0000a22c   __mspabi_srli_14
0000a228   __mspabi_srli_15
0000a25c   __mspabi_srli_2
0000a258   __mspabi_srli_3
0000a254   __mspabi_srli_4
0000a250   __mspabi_srli_5
0000a24c   __mspabi_srli_6
0000a248   __mspabi_srli_7
0000a244   __mspabi_srli_8
0000a240   __mspabi_srli_9
00009fd6   __mspabi_srll_1
00009fa0   __mspabi_srll_10
00009f9a   __mspabi_srll_11
00009f94   __mspabi_srll_12
00009f8e   __mspabi_srll_13
00009f88   __mspabi_srll_14
00009f82   __mspabi_srll_15
00009fd0   __mspabi_srll_2
00009fca   __mspabi_srll_3
00009fc4   __mspabi_srll_4
00009fbe   __mspabi_srll_5
00009fb8   __mspabi_srll_6
00009fb2   __mspabi_srll_7
00009fac   __mspabi_srll_8
00009fa6   __mspabi_srll_9
00009ec6   _auto_init
0000a6a2   _c_int00
0000a6a2   _c_int00_noexit
0000adf2   _ctypes_
00000292   _height
0000fffe   _reset_vector
000005b0   _stack
0000a8ee   _system_pre_init
00000294   _width
0000a8f2   abort
000002ab   activeButton
0000a08c   atoi
ffffffff   binit
0000025c   bmp_header
00000264   btn1
0000026c   btn2
00000274   btn3
0000027c   btn4
0000022a   buffer
00009b3a   button_handler
00000296   cursor_x
00000298   cursor_y
0000a6d6   delay_ms
00008914   disk_initialize
000099b6   disk_readp
000096c8   drawButton
0000a400   draw_borders
00008fce   draw_health
00009d8c   draw_names
0000029a   dres
0000029c   flagReg
00000200   fs
00009dfc   get_Name
00009d1a   get_attack_Name
000082de   get_pokemon_data
00008738   get_pokemon_image
0000a340   initButtons
0000a43c   init_button
0000a666   init_systimer
00008ecc   main
0000a686   memccpy
0000a7e0   memcpy
0000a7a6   memset
00000284   ms_time
0000a2fa   ms_timer_handler
00000248   name
00009f24   parseCommaData
0000a1ce   parsedata
0000850c   pf_mount
0000956e   pf_open
00008b84   pf_read
0000029e   pres
000002ac   selectedButton
0000a8d6   set_button1_text
0000a8dc   set_button2_text
0000a8e2   set_button3_text
0000a8e8   set_button4_text
000094b6   setup_lcd_fs
0000a890   setup_timer_buttons
0000a5ae   spi_initialize
0000a750   spi_receive
0000a766   spi_send
0000a644   spi_set_divisor
0000a4b0   sprintf
000002a0   start_pos
0000a8a0   strlen
000002a2   textbgcolor
000002a4   textcolor
000002a6   textsize
0000a5fe   tft_Color565
00008000   tft_begin
00008db8   tft_drawChar
00008a5a   tft_drawCircle
000090c8   tft_drawCircleHelper
0000a0e0   tft_drawFastHLine
0000a130   tft_drawFastVLine
0000a476   tft_drawPixel
0000a266   tft_drawRect
0000919a   tft_drawRoundRect
0000a4e8   tft_fillCircle
00009334   tft_fillCircleHelper
00009a3c   tft_fillRect
00009c2e   tft_fillRoundRect
0000a6f0   tft_fillScreen
0000a8ae   tft_init_hw
0000a7f2   tft_pushColor
0000a520   tft_setAddrWindow
0000a8bc   tft_setCursor
0000a8c6   tft_setTextColor
0000a804   tft_setTextSize
0000a816   tft_spiwrite16
0000a828   tft_spiwrite8
00009abc   tft_write
0000a77c   tft_writeString
0000a83a   tft_writecommand
0000a85e   tft_writedata
0000a84c   tft_writedata16
00000288   time_btn_enable
0000028c   time_push
00009e66   updateButtons
000002a8   wrap


GLOBAL SYMBOLS: SORTED BY Symbol Address 

address    name
--------   ----
00000000   IE1
00000001   IE2
00000001   __TI_args_main
00000001   __TI_exit
00000002   IFG1
00000003   IFG2
00000010   P3REN
00000011   P4REN
00000018   P3IN
00000019   P3OUT
0000001a   P3DIR
0000001b   P3SEL
0000001c   P4IN
0000001d   P4OUT
0000001e   P4DIR
0000001f   P4SEL
00000020   P1IN
00000021   P1OUT
00000022   P1DIR
00000023   P1IFG
00000024   P1IES
00000025   P1IE
00000026   P1SEL
00000027   P1REN
00000028   P2IN
00000029   P2OUT
0000002a   P2DIR
0000002b   P2IFG
0000002c   P2IES
0000002d   P2IE
0000002e   P2SEL
0000002f   P2REN
00000048   ADC10DTC0
00000049   ADC10DTC1
0000004a   ADC10AE0
0000004b   ADC10AE1
00000050   __STACK_SIZE
00000053   BCSCTL3
00000056   DCOCTL
00000057   BCSCTL1
00000058   BCSCTL2
0000005d   UCA0ABCTL
0000005e   UCA0IRTCTL
0000005f   UCA0IRRCTL
00000060   UCA0CTL0
00000061   UCA0CTL1
00000062   UCA0BR0
00000063   UCA0BR1
00000064   UCA0MCTL
00000065   UCA0STAT
00000066   UCA0RXBUF
00000067   UCA0TXBUF
00000068   UCB0CTL0
00000069   UCB0CTL1
0000006a   UCB0BR0
0000006b   UCB0BR1
0000006c   UCB0I2CIE
0000006d   UCB0STAT
0000006e   UCB0RXBUF
0000006f   UCB0TXBUF
000000c0   OA0CTL0
000000c1   OA0CTL1
000000c2   OA1CTL0
000000c3   OA1CTL1
00000118   UCB0I2COA
0000011a   UCB0I2CSA
0000011e   TBIV
00000120   WDTCTL
00000128   FCTL1
0000012a   FCTL2
0000012c   FCTL3
0000012e   TAIV
00000160   TACTL
00000162   TACCTL0
00000164   TACCTL1
00000166   TACCTL2
00000170   TAR
00000172   TACCR0
00000174   TACCR1
00000176   TACCR2
00000180   TBCTL
00000182   TBCCTL0
00000184   TBCCTL1
00000186   TBCCTL2
00000190   TBR
00000192   TBCCR0
00000194   TBCCR1
00000196   TBCCR2
000001b0   ADC10CTL0
000001b2   ADC10CTL1
000001b4   ADC10MEM
000001bc   ADC10SA
00000200   fs
0000022a   buffer
00000248   name
0000025c   bmp_header
00000264   btn1
0000026c   btn2
00000274   btn3
0000027c   btn4
00000284   ms_time
00000288   time_btn_enable
0000028c   time_push
00000292   _height
00000294   _width
00000296   cursor_x
00000298   cursor_y
0000029a   dres
0000029c   flagReg
0000029e   pres
000002a0   start_pos
000002a2   textbgcolor
000002a4   textcolor
000002a6   textsize
000002a8   wrap
000002ab   activeButton
000002ac   selectedButton
000005b0   _stack
00000600   __STACK_END
000010f8   CALDCO_16MHZ
000010f9   CALBC1_16MHZ
000010fa   CALDCO_12MHZ
000010fb   CALBC1_12MHZ
000010fc   CALDCO_8MHZ
000010fd   CALBC1_8MHZ
000010fe   CALDCO_1MHZ
000010ff   CALBC1_1MHZ
00008000   tft_begin
000082de   get_pokemon_data
0000850c   pf_mount
00008738   get_pokemon_image
00008914   disk_initialize
00008a5a   tft_drawCircle
00008b84   pf_read
00008db8   tft_drawChar
00008ecc   main
00008fce   draw_health
000090c8   tft_drawCircleHelper
0000919a   tft_drawRoundRect
0000926a   __TI_printfi_minimal
00009334   tft_fillCircleHelper
000094b6   setup_lcd_fs
0000956e   pf_open
000096c8   drawButton
000099b6   disk_readp
00009a3c   tft_fillRect
00009abc   tft_write
00009b3a   button_handler
00009c2e   tft_fillRoundRect
00009d1a   get_attack_Name
00009d8c   draw_names
00009dfc   get_Name
00009e66   updateButtons
00009ec6   _auto_init
00009f24   parseCommaData
00009f82   __mspabi_srll_15
00009f88   __mspabi_srll_14
00009f8e   __mspabi_srll_13
00009f94   __mspabi_srll_12
00009f9a   __mspabi_srll_11
00009fa0   __mspabi_srll_10
00009fa6   __mspabi_srll_9
00009fac   __mspabi_srll_8
00009fb2   __mspabi_srll_7
00009fb8   __mspabi_srll_6
00009fbe   __mspabi_srll_5
00009fc4   __mspabi_srll_4
00009fca   __mspabi_srll_3
00009fd0   __mspabi_srll_2
00009fd6   __mspabi_srll_1
00009fde   __mspabi_divul
00009fde   __mspabi_remul
0000a08c   atoi
0000a0e0   tft_drawFastHLine
0000a130   tft_drawFastVLine
0000a1ce   parsedata
0000a21a   __mspabi_srli
0000a228   __mspabi_srli_15
0000a22c   __mspabi_srli_14
0000a230   __mspabi_srli_13
0000a234   __mspabi_srli_12
0000a238   __mspabi_srli_11
0000a23c   __mspabi_srli_10
0000a240   __mspabi_srli_9
0000a244   __mspabi_srli_8
0000a248   __mspabi_srli_7
0000a24c   __mspabi_srli_6
0000a250   __mspabi_srli_5
0000a254   __mspabi_srli_4
0000a258   __mspabi_srli_3
0000a25c   __mspabi_srli_2
0000a260   __mspabi_srli_1
0000a266   tft_drawRect
0000a2fa   ms_timer_handler
0000a340   initButtons
0000a3c2   __mspabi_slll_15
0000a3c6   __mspabi_slll_14
0000a3ca   __mspabi_slll_13
0000a3ce   __mspabi_slll_12
0000a3d2   __mspabi_slll_11
0000a3d6   __mspabi_slll_10
0000a3da   __mspabi_slll_9
0000a3de   __mspabi_slll_8
0000a3e2   __mspabi_slll_7
0000a3e6   __mspabi_slll_6
0000a3ea   __mspabi_slll_5
0000a3ee   __mspabi_slll_4
0000a3f2   __mspabi_slll_3
0000a3f6   __mspabi_slll_2
0000a3fa   __mspabi_slll_1
0000a400   draw_borders
0000a43c   init_button
0000a476   tft_drawPixel
0000a4b0   sprintf
0000a4e8   tft_fillCircle
0000a520   tft_setAddrWindow
0000a582   __mspabi_slli
0000a58e   __mspabi_slli_15
0000a590   __mspabi_slli_14
0000a592   __mspabi_slli_13
0000a594   __mspabi_slli_12
0000a596   __mspabi_slli_11
0000a598   __mspabi_slli_10
0000a59a   __mspabi_slli_9
0000a59c   __mspabi_slli_8
0000a59e   __mspabi_slli_7
0000a5a0   __mspabi_slli_6
0000a5a2   __mspabi_slli_5
0000a5a4   __mspabi_slli_4
0000a5a6   __mspabi_slli_3
0000a5a8   __mspabi_slli_2
0000a5aa   __mspabi_slli_1
0000a5ae   spi_initialize
0000a5d8   __mspabi_mpyl
0000a5fe   tft_Color565
0000a622   __mspabi_mpyul
0000a644   spi_set_divisor
0000a666   init_systimer
0000a686   memccpy
0000a6a2   _c_int00
0000a6a2   _c_int00_noexit
0000a6d6   delay_ms
0000a6f0   tft_fillScreen
0000a73a   __mspabi_divu
0000a73a   __mspabi_remu
0000a750   spi_receive
0000a766   spi_send
0000a77c   tft_writeString
0000a792   __TI_zero_init
0000a7a6   memset
0000a7ba   __mspabi_mpyi
0000a7e0   memcpy
0000a7f2   tft_pushColor
0000a804   tft_setTextSize
0000a816   tft_spiwrite16
0000a828   tft_spiwrite8
0000a83a   tft_writecommand
0000a84c   tft_writedata16
0000a85e   tft_writedata
0000a880   __mspabi_func_epilog_7
0000a882   __mspabi_func_epilog_6
0000a884   __mspabi_func_epilog_5
0000a886   __mspabi_func_epilog_4
0000a888   __mspabi_func_epilog_3
0000a88a   __mspabi_func_epilog_2
0000a88c   __mspabi_func_epilog_1
0000a890   setup_timer_buttons
0000a8a0   strlen
0000a8ae   tft_init_hw
0000a8bc   tft_setCursor
0000a8c6   tft_setTextColor
0000a8d0   __TI_ISR_TRAP
0000a8d6   set_button1_text
0000a8dc   set_button2_text
0000a8e2   set_button3_text
0000a8e8   set_button4_text
0000a8ee   _system_pre_init
0000a8f2   C$$EXIT
0000a8f2   abort
0000adf2   _ctypes_
0000af70   __TI_Handler_Table_Base
0000af72   __TI_CINIT_Base
0000af72   __TI_Handler_Table_Limit
0000af76   __TI_CINIT_Limit
0000ffe4   __TI_int02
0000ffe6   __TI_int03
0000ffea   __TI_int05
0000ffec   __TI_int06
0000ffee   __TI_int07
0000fff0   __TI_int08
0000fff2   __TI_int09
0000fff4   __TI_int10
0000fff8   __TI_int12
0000fffa   __TI_int13
0000fffc   __TI_int14
0000fffe   _reset_vector
ffffffff   __binit__
ffffffff   __c_args__
ffffffff   binit
UNDEFED    __TI_INITARRAY_Base
UNDEFED    __TI_INITARRAY_Limit

[301 symbols]
