******************************************************************************
                  MSP430 Linker PC v4.3.3                      
******************************************************************************
>> Linked Sun May 03 02:19:17 2015

OUTPUT FILE NAME:   <LCD_Adafruit.out>
ENTRY POINT SYMBOL: "_c_int00"  address: 0000a288


MEMORY CONFIGURATION

         name            origin    length      used     unused   attr    fill
----------------------  --------  ---------  --------  --------  ----  --------
  SFR                   00000000   00000010  00000000  00000010  RWIX
  PERIPHERALS_8BIT      00000010   000000f0  00000000  000000f0  RWIX
  PERIPHERALS_16BIT     00000100   00000100  00000000  00000100  RWIX
  RAM                   00000200   00000400  000000e7  00000319  RWIX
  INFOD                 00001000   00000040  00000000  00000040  RWIX
  INFOC                 00001040   00000040  00000000  00000040  RWIX
  INFOB                 00001080   00000040  00000000  00000040  RWIX
  INFOA                 000010c0   00000040  00000000  00000040  RWIX
  FLASH                 00008000   00007fde  00002ace  00005510  RWIX
  INT00                 0000ffe0   00000002  00000000  00000002  RWIX
  INT01                 0000ffe2   00000002  00000000  00000002  RWIX
  INT02                 0000ffe4   00000002  00000002  00000000  RWIX
  INT03                 0000ffe6   00000002  00000002  00000000  RWIX
  INT04                 0000ffe8   00000002  00000000  00000002  RWIX
  INT05                 0000ffea   00000002  00000002  00000000  RWIX
  INT06                 0000ffec   00000002  00000002  00000000  RWIX
  INT07                 0000ffee   00000002  00000002  00000000  RWIX
  INT08                 0000fff0   00000002  00000002  00000000  RWIX
  INT09                 0000fff2   00000002  00000002  00000000  RWIX
  INT10                 0000fff4   00000002  00000002  00000000  RWIX
  INT11                 0000fff6   00000002  00000000  00000002  RWIX
  INT12                 0000fff8   00000002  00000002  00000000  RWIX
  INT13                 0000fffa   00000002  00000002  00000000  RWIX
  INT14                 0000fffc   00000002  00000002  00000000  RWIX
  RESET                 0000fffe   00000002  00000002  00000000  RWIX


SECTION ALLOCATION MAP

 output                                  attributes/
section   page    origin      length       input sections
--------  ----  ----------  ----------   ----------------
.init_array 
*          0    00008000    00000000     UNINITIALIZED

.bss       0    00000200    00000097     UNINITIALIZED
                  00000200    0000002a     (.common:fs)
                  0000022a    0000001e     (.common:buffer)
                  00000248    00000008     (.common:bmp_header)
                  00000250    00000008     (.common:btn1)
                  00000258    00000008     (.common:btn2)
                  00000260    00000008     (.common:btn3)
                  00000268    00000008     (.common:btn4)
                  00000270    00000004     (.common:ms_time)
                  00000274    00000004     (.common:time_btn_enable)
                  00000278    00000004     (.common:time_push)
                  0000027c    00000002     (.common:FatFs)
                  0000027e    00000002     (.common:_height)
                  00000280    00000002     (.common:_width)
                  00000282    00000002     (.common:cursor_x)
                  00000284    00000002     (.common:cursor_y)
                  00000286    00000002     (.common:dres)
                  00000288    00000002     (.common:flagReg)
                  0000028a    00000002     (.common:pres)
                  0000028c    00000002     (.common:textbgcolor)
                  0000028e    00000002     (.common:textcolor)
                  00000290    00000002     (.common:textsize)
                  00000292    00000002     (.common:wrap)
                  00000294    00000001     (.common:CardType)
                  00000295    00000001     (.common:activeButton)
                  00000296    00000001     (.common:selectedButton)

.TI.noinit 
*          0    00000200    00000000     UNINITIALIZED

.stack     0    000005b0    00000050     UNINITIALIZED
                  000005b0    00000002     rts430_eabi.lib : boot.obj (.stack)
                  000005b2    0000004e     --HOLE--

.text      0    00008000    000024c4     
                  00008000    000002de     tft_master.obj (.text:tft_begin)
                  000082de    0000022c     pff.obj (.text:pf_mount)
                  0000850a    000001e0     game_gfx.obj (.text:get_pokemon)
                  000086ea    00000146     mmc.obj (.text:disk_initialize)
                  00008830    0000012a     tft_gfx.obj (.text:tft_drawCircle)
                  0000895a    0000011e     pff.obj (.text:pf_read)
                  00008a78    00000116     rts430_eabi.lib : _printfi_min.obj (.text:_setfield)
                  00008b8e    00000114     tft_gfx.obj (.text:tft_drawChar)
                  00008ca2    000000fa     game_gfx.obj (.text:draw_health)
                  00008d9c    000000d2     tft_gfx.obj (.text:tft_drawCircleHelper)
                  00008e6e    000000d0     tft_gfx.obj (.text:tft_drawRoundRect)
                  00008f3e    000000ca     rts430_eabi.lib : _printfi_min.obj (.text:__TI_printfi_minimal)
                  00009008    000000c8     tft_gfx.obj (.text:tft_fillCircleHelper)
                  000090d0    000000ba     pff.obj (.text:get_fat)
                  0000918a    000000b8     setup.obj (.text:setup_lcd_fs)
                  00009242    000000ae     pff.obj (.text:pf_open)
                  000092f0    000000ac     pff.obj (.text:follow_path)
                  0000939c    000000aa     game_gfx.obj (.text:drawButton)
                  00009446    0000009a     pff.obj (.text:dir_next)
                  000094e0    0000009a     main.obj (.text:main)
                  0000957a    00000090     pff.obj (.text:check_fs)
                  0000960a    00000090     mmc.obj (.text:send_cmd)
                  0000969a    0000008a     pff.obj (.text:create_name)
                  00009724    00000086     mmc.obj (.text:disk_readp)
                  000097aa    00000080     tft_master.obj (.text:tft_fillRect)
                  0000982a    0000007e     tft_gfx.obj (.text:tft_write)
                  000098a8    0000007a     tmr_int.obj (.text:button_handler)
                  00009922    0000007a     pff.obj (.text:dir_find)
                  0000999c    0000007a     tft_gfx.obj (.text:tft_fillRoundRect)
                  00009a16    00000072     pff.obj (.text:dir_rewind)
                  00009a88    0000006e     game_gfx.obj (.text:message_write)
                  00009af6    00000060     game_gfx.obj (.text:updateButtons)
                  00009b56    0000005e     rts430_eabi.lib : autoinit.obj (.text:_auto_init)
                  00009bb4    0000005c                     : lsr32.obj (.text:l_lsr_const)
                  00009c10    0000005a     game_gfx.obj (.text:initButtons)
                  00009c6a    00000058     rts430_eabi.lib : div32u.obj (.text)
                  00009cc2    00000056                     : _printfi_min.obj (.text:_ltostr)
                  00009d18    00000050     tft_master.obj (.text:tft_drawFastHLine)
                  00009d68    00000050     tft_master.obj (.text:tft_drawFastVLine)
                  00009db8    0000004e     rts430_eabi.lib : _printfi_min.obj (.text:_pproc_diouxp)
                  00009e06    0000004c                     : lsr16.obj (.text)
                  00009e52    0000004c     tft_gfx.obj (.text:tft_drawRect)
                  00009e9e    00000048     rts430_eabi.lib : _printfi_min.obj (.text:_pproc_str)
                  00009ee6    00000046     tmr_int.obj (.text:ms_timer_handler)
                  00009f2c    00000040     pff.obj (.text:clust2sect)
                  00009f6c    0000003e     rts430_eabi.lib : lsl32.obj (.text:l_lsl_const)
                  00009faa    0000003c     game_gfx.obj (.text:draw_borders)
                  00009fe6    0000003c     game_gfx.obj (.text:draw_names)
                  0000a022    0000003a     tmr_int.obj (.text:init_button)
                  0000a05c    0000003a     tft_master.obj (.text:tft_drawPixel)
                  0000a096    00000038     rts430_eabi.lib : sprintf.obj (.text:sprintf)
                  0000a0ce    00000038     tft_gfx.obj (.text:tft_fillCircle)
                  0000a106    00000034     tft_master.obj (.text:tft_setAddrWindow)
                  0000a13a    0000002e     rts430_eabi.lib : _printfi_min.obj (.text:_getarg_diouxp)
                  0000a168    0000002c                     : lsl16.obj (.text)
                  0000a194    0000002a     usci_spi.obj (.text:spi_initialize)
                  0000a1be    00000026     rts430_eabi.lib : mult32.obj (.text)
                  0000a1e4    00000024     tft_master.obj (.text:tft_Color565)
                  0000a208    00000022     rts430_eabi.lib : mult1632.obj (.text:__mpyul)
                  0000a22a    00000022     usci_spi.obj (.text:spi_set_divisor)
                  0000a24c    00000020     tmr_int.obj (.text:init_systimer)
                  0000a26c    0000001c     rts430_eabi.lib : memccpy.obj (.text:memccpy)
                  0000a288    0000001a                     : boot.obj (.text:_c_int00_noexit)
                  0000a2a2    0000001a                     : sprintf.obj (.text:_outs)
                  0000a2bc    0000001a     tft_master.obj (.text:delay_ms)
                  0000a2d6    0000001a     tft_master.obj (.text:tft_fillScreen)
                  0000a2f0    00000018     rts430_eabi.lib : _printfi_min.obj (.text:_div)
                  0000a308    00000018     pff.obj (.text:mem_cmp)
                  0000a320    00000016     rts430_eabi.lib : div16u.obj (.text)
                  0000a336    00000016     usci_spi.obj (.text:spi_receive)
                  0000a34c    00000016     usci_spi.obj (.text:spi_send)
                  0000a362    00000016     tft_gfx.obj (.text:tft_writeString)
                  0000a378    00000014     rts430_eabi.lib : copy_zero_init.obj (.text:decompress:ZI:__TI_zero_init)
                  0000a38c    00000014                     : memset.obj (.text:memset)
                  0000a3a0    00000014                     : mult16.obj (.text)
                  0000a3b4    00000012                     : sprintf.obj (.text:_outc)
                  0000a3c6    00000012                     : memcpy.obj (.text:memcpy)
                  0000a3d8    00000012     tft_master.obj (.text:tft_pushColor)
                  0000a3ea    00000012     tft_gfx.obj (.text:tft_setTextSize)
                  0000a3fc    00000012     tft_master.obj (.text:tft_spiwrite16)
                  0000a40e    00000012     tft_master.obj (.text:tft_spiwrite8)
                  0000a420    00000012     tft_master.obj (.text:tft_writecommand)
                  0000a432    00000012     tft_master.obj (.text:tft_writedata16)
                  0000a444    00000012     tft_master.obj (.text:tft_writedata)
                  0000a456    00000010     pff.obj (.text:mem_set)
                  0000a466    00000010     rts430_eabi.lib : epilog.obj (.text)
                  0000a476    00000010     setup.obj (.text:setup_timer_buttons)
                  0000a486    0000000e     rts430_eabi.lib : strlen.obj (.text:strlen)
                  0000a494    0000000e     tft_master.obj (.text:tft_init_hw)
                  0000a4a2    0000000a     tft_gfx.obj (.text:tft_setCursor)
                  0000a4ac    0000000a     tft_gfx.obj (.text:tft_setTextColor)
                  0000a4b6    00000006     rts430_eabi.lib : isr_trap.obj (.text:__TI_ISR_TRAP)
                  0000a4bc    00000004                     : pre_init.obj (.text:_system_pre_init)
                  0000a4c0    00000004                     : exit.obj (.text:abort)

.const     0    0000a4c4    00000600     
                  0000a4c4    000004fb     tft_gfx.obj (.const:.string:font)
                  0000a9bf    00000001     --HOLE-- [fill = 0]
                  0000a9c0    0000007c     main.obj (.const:.string)
                  0000aa3c    00000048     game_gfx.obj (.const:.string)
                  0000aa84    00000024     setup.obj (.const:.string)
                  0000aaa8    00000014     rts430_eabi.lib : _printfi_min.obj (.const:.string)
                  0000aabc    00000008     game_gfx.obj (.const:MSG_COLOR)

.cinit     0    0000aac4    0000000a     
                  0000aac4    00000004     (.cinit..bss.load) [load image, compression = zero_init]
                  0000aac8    00000002     (__TI_handler_table)
                  0000aaca    00000004     (__TI_cinit_table)

PORT1      0    0000ffe4    00000002     
                  0000ffe4    00000002     tmr_int.obj (.int02)

PORT2      0    0000ffe6    00000002     
                  0000ffe6    00000002     rts430_eabi.lib : int03.obj (.int03)

ADC10      0    0000ffea    00000002     
                  0000ffea    00000002     rts430_eabi.lib : int05.obj (.int05)

USCIAB0TX 
*          0    0000ffec    00000002     
                  0000ffec    00000002     rts430_eabi.lib : int06.obj (.int06)

USCIAB0RX 
*          0    0000ffee    00000002     
                  0000ffee    00000002     rts430_eabi.lib : int07.obj (.int07)

TIMERA1    0    0000fff0    00000002     
                  0000fff0    00000002     rts430_eabi.lib : int08.obj (.int08)

TIMERA0    0    0000fff2    00000002     
                  0000fff2    00000002     rts430_eabi.lib : int09.obj (.int09)

WDT        0    0000fff4    00000002     
                  0000fff4    00000002     rts430_eabi.lib : int10.obj (.int10)

TIMERB1    0    0000fff8    00000002     
                  0000fff8    00000002     rts430_eabi.lib : int12.obj (.int12)

TIMERB0    0    0000fffa    00000002     
                  0000fffa    00000002     tmr_int.obj (.int13)

NMI        0    0000fffc    00000002     
                  0000fffc    00000002     rts430_eabi.lib : int14.obj (.int14)

.reset     0    0000fffe    00000002     
                  0000fffe    00000002     rts430_eabi.lib : boot.obj (.reset)


LINKER GENERATED COPY TABLES

__TI_cinit_table @ 0000aaca records: 1, size/record: 4, table size: 4
	.bss: load addr=0000aac4, load size=00000004 bytes, run addr=00000200, run size=00000097 bytes, compression=zero_init


LINKER GENERATED HANDLER TABLE

__TI_handler_table @ 0000aac8 records: 1, size/record: 2, table size: 2
	index: 0, handler: __TI_zero_init


GLOBAL SYMBOLS: SORTED ALPHABETICALLY BY Name 

address    name
--------   ----
0000004a   ADC10AE0
0000004b   ADC10AE1
000001b0   ADC10CTL0
000001b2   ADC10CTL1
00000048   ADC10DTC0
00000049   ADC10DTC1
000001b4   ADC10MEM
000001bc   ADC10SA
00000057   BCSCTL1
00000058   BCSCTL2
00000053   BCSCTL3
0000a4c0   C$$EXIT
000010fb   CALBC1_12MHZ
000010f9   CALBC1_16MHZ
000010ff   CALBC1_1MHZ
000010fd   CALBC1_8MHZ
000010fa   CALDCO_12MHZ
000010f8   CALDCO_16MHZ
000010fe   CALDCO_1MHZ
000010fc   CALDCO_8MHZ
00000056   DCOCTL
00000128   FCTL1
0000012a   FCTL2
0000012c   FCTL3
00000000   IE1
00000001   IE2
00000002   IFG1
00000003   IFG2
0000aabc   MSG_COLOR
000000c0   OA0CTL0
000000c1   OA0CTL1
000000c2   OA1CTL0
000000c3   OA1CTL1
00000022   P1DIR
00000025   P1IE
00000024   P1IES
00000023   P1IFG
00000020   P1IN
00000021   P1OUT
00000027   P1REN
00000026   P1SEL
0000002a   P2DIR
0000002d   P2IE
0000002c   P2IES
0000002b   P2IFG
00000028   P2IN
00000029   P2OUT
0000002f   P2REN
0000002e   P2SEL
0000001a   P3DIR
00000018   P3IN
00000019   P3OUT
00000010   P3REN
0000001b   P3SEL
0000001e   P4DIR
0000001c   P4IN
0000001d   P4OUT
00000011   P4REN
0000001f   P4SEL
00000172   TACCR0
00000174   TACCR1
00000176   TACCR2
00000162   TACCTL0
00000164   TACCTL1
00000166   TACCTL2
00000160   TACTL
0000012e   TAIV
00000170   TAR
00000192   TBCCR0
00000194   TBCCR1
00000196   TBCCR2
00000182   TBCCTL0
00000184   TBCCTL1
00000186   TBCCTL2
00000180   TBCTL
0000011e   TBIV
00000190   TBR
0000005d   UCA0ABCTL
00000062   UCA0BR0
00000063   UCA0BR1
00000060   UCA0CTL0
00000061   UCA0CTL1
0000005f   UCA0IRRCTL
0000005e   UCA0IRTCTL
00000064   UCA0MCTL
00000066   UCA0RXBUF
00000065   UCA0STAT
00000067   UCA0TXBUF
0000006a   UCB0BR0
0000006b   UCB0BR1
00000068   UCB0CTL0
00000069   UCB0CTL1
0000006c   UCB0I2CIE
00000118   UCB0I2COA
0000011a   UCB0I2CSA
0000006e   UCB0RXBUF
0000006d   UCB0STAT
0000006f   UCB0TXBUF
00000120   WDTCTL
00000600   __STACK_END
00000050   __STACK_SIZE
0000aaca   __TI_CINIT_Base
0000aace   __TI_CINIT_Limit
0000aac8   __TI_Handler_Table_Base
0000aaca   __TI_Handler_Table_Limit
UNDEFED    __TI_INITARRAY_Base
UNDEFED    __TI_INITARRAY_Limit
0000a4b6   __TI_ISR_TRAP
00000001   __TI_args_main
00000001   __TI_exit
0000ffe4   __TI_int02
0000ffe6   __TI_int03
0000ffea   __TI_int05
0000ffec   __TI_int06
0000ffee   __TI_int07
0000fff0   __TI_int08
0000fff2   __TI_int09
0000fff4   __TI_int10
0000fff8   __TI_int12
0000fffa   __TI_int13
0000fffc   __TI_int14
00008f3e   __TI_printfi_minimal
0000a378   __TI_zero_init
ffffffff   __binit__
ffffffff   __c_args__
0000a320   __mspabi_divu
00009c6a   __mspabi_divul
0000a472   __mspabi_func_epilog_1
0000a470   __mspabi_func_epilog_2
0000a46e   __mspabi_func_epilog_3
0000a46c   __mspabi_func_epilog_4
0000a46a   __mspabi_func_epilog_5
0000a468   __mspabi_func_epilog_6
0000a466   __mspabi_func_epilog_7
0000a3a0   __mspabi_mpyi
0000a1be   __mspabi_mpyl
0000a208   __mspabi_mpyul
0000a320   __mspabi_remu
00009c6a   __mspabi_remul
0000a168   __mspabi_slli
0000a190   __mspabi_slli_1
0000a17e   __mspabi_slli_10
0000a17c   __mspabi_slli_11
0000a17a   __mspabi_slli_12
0000a178   __mspabi_slli_13
0000a176   __mspabi_slli_14
0000a174   __mspabi_slli_15
0000a18e   __mspabi_slli_2
0000a18c   __mspabi_slli_3
0000a18a   __mspabi_slli_4
0000a188   __mspabi_slli_5
0000a186   __mspabi_slli_6
0000a184   __mspabi_slli_7
0000a182   __mspabi_slli_8
0000a180   __mspabi_slli_9
00009fa4   __mspabi_slll_1
00009f80   __mspabi_slll_10
00009f7c   __mspabi_slll_11
00009f78   __mspabi_slll_12
00009f74   __mspabi_slll_13
00009f70   __mspabi_slll_14
00009f6c   __mspabi_slll_15
00009fa0   __mspabi_slll_2
00009f9c   __mspabi_slll_3
00009f98   __mspabi_slll_4
00009f94   __mspabi_slll_5
00009f90   __mspabi_slll_6
00009f8c   __mspabi_slll_7
00009f88   __mspabi_slll_8
00009f84   __mspabi_slll_9
00009e06   __mspabi_srli
00009e4c   __mspabi_srli_1
00009e28   __mspabi_srli_10
00009e24   __mspabi_srli_11
00009e20   __mspabi_srli_12
00009e1c   __mspabi_srli_13
00009e18   __mspabi_srli_14
00009e14   __mspabi_srli_15
00009e48   __mspabi_srli_2
00009e44   __mspabi_srli_3
00009e40   __mspabi_srli_4
00009e3c   __mspabi_srli_5
00009e38   __mspabi_srli_6
00009e34   __mspabi_srli_7
00009e30   __mspabi_srli_8
00009e2c   __mspabi_srli_9
00009c08   __mspabi_srll_1
00009bd2   __mspabi_srll_10
00009bcc   __mspabi_srll_11
00009bc6   __mspabi_srll_12
00009bc0   __mspabi_srll_13
00009bba   __mspabi_srll_14
00009bb4   __mspabi_srll_15
00009c02   __mspabi_srll_2
00009bfc   __mspabi_srll_3
00009bf6   __mspabi_srll_4
00009bf0   __mspabi_srll_5
00009bea   __mspabi_srll_6
00009be4   __mspabi_srll_7
00009bde   __mspabi_srll_8
00009bd8   __mspabi_srll_9
00009b56   _auto_init
0000a288   _c_int00
0000a288   _c_int00_noexit
0000027e   _height
0000fffe   _reset_vector
000005b0   _stack
0000a4bc   _system_pre_init
00000280   _width
0000a4c0   abort
00000295   activeButton
ffffffff   binit
00000248   bmp_header
00000250   btn1
00000258   btn2
00000260   btn3
00000268   btn4
0000022a   buffer
000098a8   button_handler
00000282   cursor_x
00000284   cursor_y
0000a2bc   delay_ms
000086ea   disk_initialize
00009724   disk_readp
0000939c   drawButton
00009faa   draw_borders
00008ca2   draw_health
00009fe6   draw_names
00000286   dres
00000288   flagReg
00000200   fs
0000850a   get_pokemon
00009c10   initButtons
0000a022   init_button
0000a24c   init_systimer
000094e0   main
0000a26c   memccpy
0000a3c6   memcpy
0000a38c   memset
00009a88   message_write
00000270   ms_time
00009ee6   ms_timer_handler
000082de   pf_mount
00009242   pf_open
0000895a   pf_read
0000028a   pres
00000296   selectedButton
0000918a   setup_lcd_fs
0000a476   setup_timer_buttons
0000a194   spi_initialize
0000a336   spi_receive
0000a34c   spi_send
0000a22a   spi_set_divisor
0000a096   sprintf
0000a486   strlen
0000028c   textbgcolor
0000028e   textcolor
00000290   textsize
0000a1e4   tft_Color565
00008000   tft_begin
00008b8e   tft_drawChar
00008830   tft_drawCircle
00008d9c   tft_drawCircleHelper
00009d18   tft_drawFastHLine
00009d68   tft_drawFastVLine
0000a05c   tft_drawPixel
00009e52   tft_drawRect
00008e6e   tft_drawRoundRect
0000a0ce   tft_fillCircle
00009008   tft_fillCircleHelper
000097aa   tft_fillRect
0000999c   tft_fillRoundRect
0000a2d6   tft_fillScreen
0000a494   tft_init_hw
0000a3d8   tft_pushColor
0000a106   tft_setAddrWindow
0000a4a2   tft_setCursor
0000a4ac   tft_setTextColor
0000a3ea   tft_setTextSize
0000a3fc   tft_spiwrite16
0000a40e   tft_spiwrite8
0000982a   tft_write
0000a362   tft_writeString
0000a420   tft_writecommand
0000a444   tft_writedata
0000a432   tft_writedata16
00000274   time_btn_enable
00000278   time_push
00009af6   updateButtons
00000292   wrap


GLOBAL SYMBOLS: SORTED BY Symbol Address 

address    name
--------   ----
00000000   IE1
00000001   IE2
00000001   __TI_args_main
00000001   __TI_exit
00000002   IFG1
00000003   IFG2
00000010   P3REN
00000011   P4REN
00000018   P3IN
00000019   P3OUT
0000001a   P3DIR
0000001b   P3SEL
0000001c   P4IN
0000001d   P4OUT
0000001e   P4DIR
0000001f   P4SEL
00000020   P1IN
00000021   P1OUT
00000022   P1DIR
00000023   P1IFG
00000024   P1IES
00000025   P1IE
00000026   P1SEL
00000027   P1REN
00000028   P2IN
00000029   P2OUT
0000002a   P2DIR
0000002b   P2IFG
0000002c   P2IES
0000002d   P2IE
0000002e   P2SEL
0000002f   P2REN
00000048   ADC10DTC0
00000049   ADC10DTC1
0000004a   ADC10AE0
0000004b   ADC10AE1
00000050   __STACK_SIZE
00000053   BCSCTL3
00000056   DCOCTL
00000057   BCSCTL1
00000058   BCSCTL2
0000005d   UCA0ABCTL
0000005e   UCA0IRTCTL
0000005f   UCA0IRRCTL
00000060   UCA0CTL0
00000061   UCA0CTL1
00000062   UCA0BR0
00000063   UCA0BR1
00000064   UCA0MCTL
00000065   UCA0STAT
00000066   UCA0RXBUF
00000067   UCA0TXBUF
00000068   UCB0CTL0
00000069   UCB0CTL1
0000006a   UCB0BR0
0000006b   UCB0BR1
0000006c   UCB0I2CIE
0000006d   UCB0STAT
0000006e   UCB0RXBUF
0000006f   UCB0TXBUF
000000c0   OA0CTL0
000000c1   OA0CTL1
000000c2   OA1CTL0
000000c3   OA1CTL1
00000118   UCB0I2COA
0000011a   UCB0I2CSA
0000011e   TBIV
00000120   WDTCTL
00000128   FCTL1
0000012a   FCTL2
0000012c   FCTL3
0000012e   TAIV
00000160   TACTL
00000162   TACCTL0
00000164   TACCTL1
00000166   TACCTL2
00000170   TAR
00000172   TACCR0
00000174   TACCR1
00000176   TACCR2
00000180   TBCTL
00000182   TBCCTL0
00000184   TBCCTL1
00000186   TBCCTL2
00000190   TBR
00000192   TBCCR0
00000194   TBCCR1
00000196   TBCCR2
000001b0   ADC10CTL0
000001b2   ADC10CTL1
000001b4   ADC10MEM
000001bc   ADC10SA
00000200   fs
0000022a   buffer
00000248   bmp_header
00000250   btn1
00000258   btn2
00000260   btn3
00000268   btn4
00000270   ms_time
00000274   time_btn_enable
00000278   time_push
0000027e   _height
00000280   _width
00000282   cursor_x
00000284   cursor_y
00000286   dres
00000288   flagReg
0000028a   pres
0000028c   textbgcolor
0000028e   textcolor
00000290   textsize
00000292   wrap
00000295   activeButton
00000296   selectedButton
000005b0   _stack
00000600   __STACK_END
000010f8   CALDCO_16MHZ
000010f9   CALBC1_16MHZ
000010fa   CALDCO_12MHZ
000010fb   CALBC1_12MHZ
000010fc   CALDCO_8MHZ
000010fd   CALBC1_8MHZ
000010fe   CALDCO_1MHZ
000010ff   CALBC1_1MHZ
00008000   tft_begin
000082de   pf_mount
0000850a   get_pokemon
000086ea   disk_initialize
00008830   tft_drawCircle
0000895a   pf_read
00008b8e   tft_drawChar
00008ca2   draw_health
00008d9c   tft_drawCircleHelper
00008e6e   tft_drawRoundRect
00008f3e   __TI_printfi_minimal
00009008   tft_fillCircleHelper
0000918a   setup_lcd_fs
00009242   pf_open
0000939c   drawButton
000094e0   main
00009724   disk_readp
000097aa   tft_fillRect
0000982a   tft_write
000098a8   button_handler
0000999c   tft_fillRoundRect
00009a88   message_write
00009af6   updateButtons
00009b56   _auto_init
00009bb4   __mspabi_srll_15
00009bba   __mspabi_srll_14
00009bc0   __mspabi_srll_13
00009bc6   __mspabi_srll_12
00009bcc   __mspabi_srll_11
00009bd2   __mspabi_srll_10
00009bd8   __mspabi_srll_9
00009bde   __mspabi_srll_8
00009be4   __mspabi_srll_7
00009bea   __mspabi_srll_6
00009bf0   __mspabi_srll_5
00009bf6   __mspabi_srll_4
00009bfc   __mspabi_srll_3
00009c02   __mspabi_srll_2
00009c08   __mspabi_srll_1
00009c10   initButtons
00009c6a   __mspabi_divul
00009c6a   __mspabi_remul
00009d18   tft_drawFastHLine
00009d68   tft_drawFastVLine
00009e06   __mspabi_srli
00009e14   __mspabi_srli_15
00009e18   __mspabi_srli_14
00009e1c   __mspabi_srli_13
00009e20   __mspabi_srli_12
00009e24   __mspabi_srli_11
00009e28   __mspabi_srli_10
00009e2c   __mspabi_srli_9
00009e30   __mspabi_srli_8
00009e34   __mspabi_srli_7
00009e38   __mspabi_srli_6
00009e3c   __mspabi_srli_5
00009e40   __mspabi_srli_4
00009e44   __mspabi_srli_3
00009e48   __mspabi_srli_2
00009e4c   __mspabi_srli_1
00009e52   tft_drawRect
00009ee6   ms_timer_handler
00009f6c   __mspabi_slll_15
00009f70   __mspabi_slll_14
00009f74   __mspabi_slll_13
00009f78   __mspabi_slll_12
00009f7c   __mspabi_slll_11
00009f80   __mspabi_slll_10
00009f84   __mspabi_slll_9
00009f88   __mspabi_slll_8
00009f8c   __mspabi_slll_7
00009f90   __mspabi_slll_6
00009f94   __mspabi_slll_5
00009f98   __mspabi_slll_4
00009f9c   __mspabi_slll_3
00009fa0   __mspabi_slll_2
00009fa4   __mspabi_slll_1
00009faa   draw_borders
00009fe6   draw_names
0000a022   init_button
0000a05c   tft_drawPixel
0000a096   sprintf
0000a0ce   tft_fillCircle
0000a106   tft_setAddrWindow
0000a168   __mspabi_slli
0000a174   __mspabi_slli_15
0000a176   __mspabi_slli_14
0000a178   __mspabi_slli_13
0000a17a   __mspabi_slli_12
0000a17c   __mspabi_slli_11
0000a17e   __mspabi_slli_10
0000a180   __mspabi_slli_9
0000a182   __mspabi_slli_8
0000a184   __mspabi_slli_7
0000a186   __mspabi_slli_6
0000a188   __mspabi_slli_5
0000a18a   __mspabi_slli_4
0000a18c   __mspabi_slli_3
0000a18e   __mspabi_slli_2
0000a190   __mspabi_slli_1
0000a194   spi_initialize
0000a1be   __mspabi_mpyl
0000a1e4   tft_Color565
0000a208   __mspabi_mpyul
0000a22a   spi_set_divisor
0000a24c   init_systimer
0000a26c   memccpy
0000a288   _c_int00
0000a288   _c_int00_noexit
0000a2bc   delay_ms
0000a2d6   tft_fillScreen
0000a320   __mspabi_divu
0000a320   __mspabi_remu
0000a336   spi_receive
0000a34c   spi_send
0000a362   tft_writeString
0000a378   __TI_zero_init
0000a38c   memset
0000a3a0   __mspabi_mpyi
0000a3c6   memcpy
0000a3d8   tft_pushColor
0000a3ea   tft_setTextSize
0000a3fc   tft_spiwrite16
0000a40e   tft_spiwrite8
0000a420   tft_writecommand
0000a432   tft_writedata16
0000a444   tft_writedata
0000a466   __mspabi_func_epilog_7
0000a468   __mspabi_func_epilog_6
0000a46a   __mspabi_func_epilog_5
0000a46c   __mspabi_func_epilog_4
0000a46e   __mspabi_func_epilog_3
0000a470   __mspabi_func_epilog_2
0000a472   __mspabi_func_epilog_1
0000a476   setup_timer_buttons
0000a486   strlen
0000a494   tft_init_hw
0000a4a2   tft_setCursor
0000a4ac   tft_setTextColor
0000a4b6   __TI_ISR_TRAP
0000a4bc   _system_pre_init
0000a4c0   C$$EXIT
0000a4c0   abort
0000aabc   MSG_COLOR
0000aac8   __TI_Handler_Table_Base
0000aaca   __TI_CINIT_Base
0000aaca   __TI_Handler_Table_Limit
0000aace   __TI_CINIT_Limit
0000ffe4   __TI_int02
0000ffe6   __TI_int03
0000ffea   __TI_int05
0000ffec   __TI_int06
0000ffee   __TI_int07
0000fff0   __TI_int08
0000fff2   __TI_int09
0000fff4   __TI_int10
0000fff8   __TI_int12
0000fffa   __TI_int13
0000fffc   __TI_int14
0000fffe   _reset_vector
ffffffff   __binit__
ffffffff   __c_args__
ffffffff   binit
UNDEFED    __TI_INITARRAY_Base
UNDEFED    __TI_INITARRAY_Limit

[290 symbols]
