******************************************************************************
                  MSP430 Linker PC v4.3.3                      
******************************************************************************
>> Linked Sun May 03 07:01:56 2015

OUTPUT FILE NAME:   <LCD_Adafruit.out>
ENTRY POINT SYMBOL: "_c_int00"  address: 0000a2a4


MEMORY CONFIGURATION

         name            origin    length      used     unused   attr    fill
----------------------  --------  ---------  --------  --------  ----  --------
  SFR                   00000000   00000010  00000000  00000010  RWIX
  PERIPHERALS_8BIT      00000010   000000f0  00000000  000000f0  RWIX
  PERIPHERALS_16BIT     00000100   00000100  00000000  00000100  RWIX
  RAM                   00000200   00000400  000000e7  00000319  RWIX
  INFOD                 00001000   00000040  00000000  00000040  RWIX
  INFOC                 00001040   00000040  00000000  00000040  RWIX
  INFOB                 00001080   00000040  00000000  00000040  RWIX
  INFOA                 000010c0   00000040  00000000  00000040  RWIX
  FLASH                 00008000   00007fde  00002adc  00005502  RWIX
  INT00                 0000ffe0   00000002  00000000  00000002  RWIX
  INT01                 0000ffe2   00000002  00000000  00000002  RWIX
  INT02                 0000ffe4   00000002  00000002  00000000  RWIX
  INT03                 0000ffe6   00000002  00000002  00000000  RWIX
  INT04                 0000ffe8   00000002  00000000  00000002  RWIX
  INT05                 0000ffea   00000002  00000002  00000000  RWIX
  INT06                 0000ffec   00000002  00000002  00000000  RWIX
  INT07                 0000ffee   00000002  00000002  00000000  RWIX
  INT08                 0000fff0   00000002  00000002  00000000  RWIX
  INT09                 0000fff2   00000002  00000002  00000000  RWIX
  INT10                 0000fff4   00000002  00000002  00000000  RWIX
  INT11                 0000fff6   00000002  00000000  00000002  RWIX
  INT12                 0000fff8   00000002  00000002  00000000  RWIX
  INT13                 0000fffa   00000002  00000002  00000000  RWIX
  INT14                 0000fffc   00000002  00000002  00000000  RWIX
  RESET                 0000fffe   00000002  00000002  00000000  RWIX


SECTION ALLOCATION MAP

 output                                  attributes/
section   page    origin      length       input sections
--------  ----  ----------  ----------   ----------------
.init_array 
*          0    00008000    00000000     UNINITIALIZED

.bss       0    00000200    00000097     UNINITIALIZED
                  00000200    0000002a     (.common:fs)
                  0000022a    0000001e     (.common:buffer)
                  00000248    00000008     (.common:bmp_header)
                  00000250    00000008     (.common:btn1)
                  00000258    00000008     (.common:btn2)
                  00000260    00000008     (.common:btn3)
                  00000268    00000008     (.common:btn4)
                  00000270    00000004     (.common:ms_time)
                  00000274    00000004     (.common:time_btn_enable)
                  00000278    00000004     (.common:time_push)
                  0000027c    00000002     (.common:FatFs)
                  0000027e    00000002     (.common:_height)
                  00000280    00000002     (.common:_width)
                  00000282    00000002     (.common:cursor_x)
                  00000284    00000002     (.common:cursor_y)
                  00000286    00000002     (.common:dres)
                  00000288    00000002     (.common:flagReg)
                  0000028a    00000002     (.common:pres)
                  0000028c    00000002     (.common:textbgcolor)
                  0000028e    00000002     (.common:textcolor)
                  00000290    00000002     (.common:textsize)
                  00000292    00000002     (.common:wrap)
                  00000294    00000001     (.common:CardType)
                  00000295    00000001     (.common:activeButton)
                  00000296    00000001     (.common:selectedButton)

.TI.noinit 
*          0    00000200    00000000     UNINITIALIZED

.stack     0    000005b0    00000050     UNINITIALIZED
                  000005b0    00000002     rts430_eabi.lib : boot.obj (.stack)
                  000005b2    0000004e     --HOLE--

.text      0    00008000    000024e0     
                  00008000    000002de     tft_master.obj (.text:tft_begin)
                  000082de    0000022c     pff.obj (.text:pf_mount)
                  0000850a    000001dc     game_gfx.obj (.text:get_pokemon)
                  000086e6    00000146     mmc.obj (.text:disk_initialize)
                  0000882c    0000012a     tft_gfx.obj (.text:tft_drawCircle)
                  00008956    0000011e     pff.obj (.text:pf_read)
                  00008a74    00000116     rts430_eabi.lib : _printfi_min.obj (.text:_setfield)
                  00008b8a    00000114     tft_gfx.obj (.text:tft_drawChar)
                  00008c9e    000000fa     game_gfx.obj (.text:draw_health)
                  00008d98    000000d2     tft_gfx.obj (.text:tft_drawCircleHelper)
                  00008e6a    000000d0     tft_gfx.obj (.text:tft_drawRoundRect)
                  00008f3a    000000ca     rts430_eabi.lib : _printfi_min.obj (.text:__TI_printfi_minimal)
                  00009004    000000c8     tft_gfx.obj (.text:tft_fillCircleHelper)
                  000090cc    000000ba     pff.obj (.text:get_fat)
                  00009186    000000b8     setup.obj (.text:setup_lcd_fs)
                  0000923e    000000ae     pff.obj (.text:pf_open)
                  000092ec    000000ac     pff.obj (.text:follow_path)
                  00009398    000000aa     game_gfx.obj (.text:drawButton)
                  00009442    0000009a     pff.obj (.text:dir_next)
                  000094dc    00000090     pff.obj (.text:check_fs)
                  0000956c    00000090     mmc.obj (.text:send_cmd)
                  000095fc    0000008a     pff.obj (.text:create_name)
                  00009686    00000088     main.obj (.text:main)
                  0000970e    00000086     mmc.obj (.text:disk_readp)
                  00009794    00000080     tft_master.obj (.text:tft_fillRect)
                  00009814    0000007e     tft_gfx.obj (.text:tft_write)
                  00009892    0000007a     tmr_int.obj (.text:button_handler)
                  0000990c    0000007a     pff.obj (.text:dir_find)
                  00009986    0000007a     tft_gfx.obj (.text:tft_fillRoundRect)
                  00009a00    00000072     pff.obj (.text:dir_rewind)
                  00009a72    0000006e     game_gfx.obj (.text:message_write)
                  00009ae0    00000060     game_gfx.obj (.text:updateButtons)
                  00009b40    0000005e     rts430_eabi.lib : autoinit.obj (.text:_auto_init)
                  00009b9e    0000005c                     : lsr32.obj (.text:l_lsr_const)
                  00009bfa    0000005a     game_gfx.obj (.text:initButtons)
                  00009c54    00000058     rts430_eabi.lib : div32u.obj (.text)
                  00009cac    00000056                     : _printfi_min.obj (.text:_ltostr)
                  00009d02    00000050     tft_master.obj (.text:tft_drawFastHLine)
                  00009d52    00000050     tft_master.obj (.text:tft_drawFastVLine)
                  00009da2    0000004e     rts430_eabi.lib : _printfi_min.obj (.text:_pproc_diouxp)
                  00009df0    0000004c                     : lsr16.obj (.text)
                  00009e3c    0000004c     tft_gfx.obj (.text:tft_drawRect)
                  00009e88    00000048     rts430_eabi.lib : _printfi_min.obj (.text:_pproc_str)
                  00009ed0    00000046     tmr_int.obj (.text:ms_timer_handler)
                  00009f16    00000040     pff.obj (.text:clust2sect)
                  00009f56    0000003e     rts430_eabi.lib : lsl32.obj (.text:l_lsl_const)
                  00009f94    0000003c     game_gfx.obj (.text:draw_borders)
                  00009fd0    0000003c     game_gfx.obj (.text:draw_names)
                  0000a00c    0000003a     tmr_int.obj (.text:init_button)
                  0000a046    0000003a     tft_master.obj (.text:tft_drawPixel)
                  0000a080    00000038     rts430_eabi.lib : sprintf.obj (.text:sprintf)
                  0000a0b8    00000038     tft_gfx.obj (.text:tft_fillCircle)
                  0000a0f0    00000034     tft_master.obj (.text:tft_setAddrWindow)
                  0000a124    00000032     setup.obj (.text:init_touch_adc)
                  0000a156    0000002e     rts430_eabi.lib : _printfi_min.obj (.text:_getarg_diouxp)
                  0000a184    0000002c                     : lsl16.obj (.text)
                  0000a1b0    0000002a     usci_spi.obj (.text:spi_initialize)
                  0000a1da    00000026     rts430_eabi.lib : mult32.obj (.text)
                  0000a200    00000024     tft_master.obj (.text:tft_Color565)
                  0000a224    00000022     rts430_eabi.lib : mult1632.obj (.text:__mpyul)
                  0000a246    00000022     usci_spi.obj (.text:spi_set_divisor)
                  0000a268    00000020     tmr_int.obj (.text:init_systimer)
                  0000a288    0000001c     rts430_eabi.lib : memccpy.obj (.text:memccpy)
                  0000a2a4    0000001a                     : boot.obj (.text:_c_int00_noexit)
                  0000a2be    0000001a                     : sprintf.obj (.text:_outs)
                  0000a2d8    0000001a     delays.obj (.text:delay_ms)
                  0000a2f2    0000001a     tft_master.obj (.text:tft_fillScreen)
                  0000a30c    00000018     rts430_eabi.lib : _printfi_min.obj (.text:_div)
                  0000a324    00000018     pff.obj (.text:mem_cmp)
                  0000a33c    00000016     rts430_eabi.lib : div16u.obj (.text)
                  0000a352    00000016     usci_spi.obj (.text:spi_receive)
                  0000a368    00000016     usci_spi.obj (.text:spi_send)
                  0000a37e    00000016     tft_gfx.obj (.text:tft_writeString)
                  0000a394    00000014     rts430_eabi.lib : copy_zero_init.obj (.text:decompress:ZI:__TI_zero_init)
                  0000a3a8    00000014                     : memset.obj (.text:memset)
                  0000a3bc    00000014                     : mult16.obj (.text)
                  0000a3d0    00000012                     : sprintf.obj (.text:_outc)
                  0000a3e2    00000012                     : memcpy.obj (.text:memcpy)
                  0000a3f4    00000012     tft_master.obj (.text:tft_pushColor)
                  0000a406    00000012     tft_gfx.obj (.text:tft_setTextSize)
                  0000a418    00000012     tft_master.obj (.text:tft_spiwrite16)
                  0000a42a    00000012     tft_master.obj (.text:tft_spiwrite8)
                  0000a43c    00000012     tft_master.obj (.text:tft_writecommand)
                  0000a44e    00000012     tft_master.obj (.text:tft_writedata16)
                  0000a460    00000012     tft_master.obj (.text:tft_writedata)
                  0000a472    00000010     pff.obj (.text:mem_set)
                  0000a482    00000010     rts430_eabi.lib : epilog.obj (.text)
                  0000a492    00000010     setup.obj (.text:setup_timer_buttons)
                  0000a4a2    0000000e     rts430_eabi.lib : strlen.obj (.text:strlen)
                  0000a4b0    0000000e     tft_master.obj (.text:tft_init_hw)
                  0000a4be    0000000a     tft_gfx.obj (.text:tft_setCursor)
                  0000a4c8    0000000a     tft_gfx.obj (.text:tft_setTextColor)
                  0000a4d2    00000006     rts430_eabi.lib : isr_trap.obj (.text:__TI_ISR_TRAP)
                  0000a4d8    00000004                     : pre_init.obj (.text:_system_pre_init)
                  0000a4dc    00000004                     : exit.obj (.text:abort)

.const     0    0000a4e0    000005f2     
                  0000a4e0    000004fb     tft_gfx.obj (.const:.string:font)
                  0000a9db    00000001     --HOLE-- [fill = 0]
                  0000a9dc    0000006e     main.obj (.const:.string)
                  0000aa4a    00000048     game_gfx.obj (.const:.string)
                  0000aa92    00000024     setup.obj (.const:.string)
                  0000aab6    00000014     rts430_eabi.lib : _printfi_min.obj (.const:.string)
                  0000aaca    00000008     game_gfx.obj (.const:MSG_COLOR)

.cinit     0    0000aad2    0000000a     
                  0000aad2    00000004     (.cinit..bss.load) [load image, compression = zero_init]
                  0000aad6    00000002     (__TI_handler_table)
                  0000aad8    00000004     (__TI_cinit_table)

PORT1      0    0000ffe4    00000002     
                  0000ffe4    00000002     tmr_int.obj (.int02)

PORT2      0    0000ffe6    00000002     
                  0000ffe6    00000002     rts430_eabi.lib : int03.obj (.int03)

ADC10      0    0000ffea    00000002     
                  0000ffea    00000002     rts430_eabi.lib : int05.obj (.int05)

USCIAB0TX 
*          0    0000ffec    00000002     
                  0000ffec    00000002     rts430_eabi.lib : int06.obj (.int06)

USCIAB0RX 
*          0    0000ffee    00000002     
                  0000ffee    00000002     rts430_eabi.lib : int07.obj (.int07)

TIMERA1    0    0000fff0    00000002     
                  0000fff0    00000002     rts430_eabi.lib : int08.obj (.int08)

TIMERA0    0    0000fff2    00000002     
                  0000fff2    00000002     rts430_eabi.lib : int09.obj (.int09)

WDT        0    0000fff4    00000002     
                  0000fff4    00000002     rts430_eabi.lib : int10.obj (.int10)

TIMERB1    0    0000fff8    00000002     
                  0000fff8    00000002     rts430_eabi.lib : int12.obj (.int12)

TIMERB0    0    0000fffa    00000002     
                  0000fffa    00000002     tmr_int.obj (.int13)

NMI        0    0000fffc    00000002     
                  0000fffc    00000002     rts430_eabi.lib : int14.obj (.int14)

.reset     0    0000fffe    00000002     
                  0000fffe    00000002     rts430_eabi.lib : boot.obj (.reset)


LINKER GENERATED COPY TABLES

__TI_cinit_table @ 0000aad8 records: 1, size/record: 4, table size: 4
	.bss: load addr=0000aad2, load size=00000004 bytes, run addr=00000200, run size=00000097 bytes, compression=zero_init


LINKER GENERATED HANDLER TABLE

__TI_handler_table @ 0000aad6 records: 1, size/record: 2, table size: 2
	index: 0, handler: __TI_zero_init


GLOBAL SYMBOLS: SORTED ALPHABETICALLY BY Name 

address    name
--------   ----
0000004a   ADC10AE0
0000004b   ADC10AE1
000001b0   ADC10CTL0
000001b2   ADC10CTL1
00000048   ADC10DTC0
00000049   ADC10DTC1
000001b4   ADC10MEM
000001bc   ADC10SA
00000057   BCSCTL1
00000058   BCSCTL2
00000053   BCSCTL3
0000a4dc   C$$EXIT
000010fb   CALBC1_12MHZ
000010f9   CALBC1_16MHZ
000010ff   CALBC1_1MHZ
000010fd   CALBC1_8MHZ
000010fa   CALDCO_12MHZ
000010f8   CALDCO_16MHZ
000010fe   CALDCO_1MHZ
000010fc   CALDCO_8MHZ
00000056   DCOCTL
00000128   FCTL1
0000012a   FCTL2
0000012c   FCTL3
00000000   IE1
00000001   IE2
00000002   IFG1
00000003   IFG2
0000aaca   MSG_COLOR
000000c0   OA0CTL0
000000c1   OA0CTL1
000000c2   OA1CTL0
000000c3   OA1CTL1
00000022   P1DIR
00000025   P1IE
00000024   P1IES
00000023   P1IFG
00000020   P1IN
00000021   P1OUT
00000027   P1REN
00000026   P1SEL
0000002a   P2DIR
0000002d   P2IE
0000002c   P2IES
0000002b   P2IFG
00000028   P2IN
00000029   P2OUT
0000002f   P2REN
0000002e   P2SEL
0000001a   P3DIR
00000018   P3IN
00000019   P3OUT
00000010   P3REN
0000001b   P3SEL
0000001e   P4DIR
0000001c   P4IN
0000001d   P4OUT
00000011   P4REN
0000001f   P4SEL
00000172   TACCR0
00000174   TACCR1
00000176   TACCR2
00000162   TACCTL0
00000164   TACCTL1
00000166   TACCTL2
00000160   TACTL
0000012e   TAIV
00000170   TAR
00000192   TBCCR0
00000194   TBCCR1
00000196   TBCCR2
00000182   TBCCTL0
00000184   TBCCTL1
00000186   TBCCTL2
00000180   TBCTL
0000011e   TBIV
00000190   TBR
0000005d   UCA0ABCTL
00000062   UCA0BR0
00000063   UCA0BR1
00000060   UCA0CTL0
00000061   UCA0CTL1
0000005f   UCA0IRRCTL
0000005e   UCA0IRTCTL
00000064   UCA0MCTL
00000066   UCA0RXBUF
00000065   UCA0STAT
00000067   UCA0TXBUF
0000006a   UCB0BR0
0000006b   UCB0BR1
00000068   UCB0CTL0
00000069   UCB0CTL1
0000006c   UCB0I2CIE
00000118   UCB0I2COA
0000011a   UCB0I2CSA
0000006e   UCB0RXBUF
0000006d   UCB0STAT
0000006f   UCB0TXBUF
00000120   WDTCTL
00000600   __STACK_END
00000050   __STACK_SIZE
0000aad8   __TI_CINIT_Base
0000aadc   __TI_CINIT_Limit
0000aad6   __TI_Handler_Table_Base
0000aad8   __TI_Handler_Table_Limit
UNDEFED    __TI_INITARRAY_Base
UNDEFED    __TI_INITARRAY_Limit
0000a4d2   __TI_ISR_TRAP
00000001   __TI_args_main
00000001   __TI_exit
0000ffe4   __TI_int02
0000ffe6   __TI_int03
0000ffea   __TI_int05
0000ffec   __TI_int06
0000ffee   __TI_int07
0000fff0   __TI_int08
0000fff2   __TI_int09
0000fff4   __TI_int10
0000fff8   __TI_int12
0000fffa   __TI_int13
0000fffc   __TI_int14
00008f3a   __TI_printfi_minimal
0000a394   __TI_zero_init
ffffffff   __binit__
ffffffff   __c_args__
0000a33c   __mspabi_divu
00009c54   __mspabi_divul
0000a48e   __mspabi_func_epilog_1
0000a48c   __mspabi_func_epilog_2
0000a48a   __mspabi_func_epilog_3
0000a488   __mspabi_func_epilog_4
0000a486   __mspabi_func_epilog_5
0000a484   __mspabi_func_epilog_6
0000a482   __mspabi_func_epilog_7
0000a3bc   __mspabi_mpyi
0000a1da   __mspabi_mpyl
0000a224   __mspabi_mpyul
0000a33c   __mspabi_remu
00009c54   __mspabi_remul
0000a184   __mspabi_slli
0000a1ac   __mspabi_slli_1
0000a19a   __mspabi_slli_10
0000a198   __mspabi_slli_11
0000a196   __mspabi_slli_12
0000a194   __mspabi_slli_13
0000a192   __mspabi_slli_14
0000a190   __mspabi_slli_15
0000a1aa   __mspabi_slli_2
0000a1a8   __mspabi_slli_3
0000a1a6   __mspabi_slli_4
0000a1a4   __mspabi_slli_5
0000a1a2   __mspabi_slli_6
0000a1a0   __mspabi_slli_7
0000a19e   __mspabi_slli_8
0000a19c   __mspabi_slli_9
00009f8e   __mspabi_slll_1
00009f6a   __mspabi_slll_10
00009f66   __mspabi_slll_11
00009f62   __mspabi_slll_12
00009f5e   __mspabi_slll_13
00009f5a   __mspabi_slll_14
00009f56   __mspabi_slll_15
00009f8a   __mspabi_slll_2
00009f86   __mspabi_slll_3
00009f82   __mspabi_slll_4
00009f7e   __mspabi_slll_5
00009f7a   __mspabi_slll_6
00009f76   __mspabi_slll_7
00009f72   __mspabi_slll_8
00009f6e   __mspabi_slll_9
00009df0   __mspabi_srli
00009e36   __mspabi_srli_1
00009e12   __mspabi_srli_10
00009e0e   __mspabi_srli_11
00009e0a   __mspabi_srli_12
00009e06   __mspabi_srli_13
00009e02   __mspabi_srli_14
00009dfe   __mspabi_srli_15
00009e32   __mspabi_srli_2
00009e2e   __mspabi_srli_3
00009e2a   __mspabi_srli_4
00009e26   __mspabi_srli_5
00009e22   __mspabi_srli_6
00009e1e   __mspabi_srli_7
00009e1a   __mspabi_srli_8
00009e16   __mspabi_srli_9
00009bf2   __mspabi_srll_1
00009bbc   __mspabi_srll_10
00009bb6   __mspabi_srll_11
00009bb0   __mspabi_srll_12
00009baa   __mspabi_srll_13
00009ba4   __mspabi_srll_14
00009b9e   __mspabi_srll_15
00009bec   __mspabi_srll_2
00009be6   __mspabi_srll_3
00009be0   __mspabi_srll_4
00009bda   __mspabi_srll_5
00009bd4   __mspabi_srll_6
00009bce   __mspabi_srll_7
00009bc8   __mspabi_srll_8
00009bc2   __mspabi_srll_9
00009b40   _auto_init
0000a2a4   _c_int00
0000a2a4   _c_int00_noexit
0000027e   _height
0000fffe   _reset_vector
000005b0   _stack
0000a4d8   _system_pre_init
00000280   _width
0000a4dc   abort
00000295   activeButton
ffffffff   binit
00000248   bmp_header
00000250   btn1
00000258   btn2
00000260   btn3
00000268   btn4
0000022a   buffer
00009892   button_handler
00000282   cursor_x
00000284   cursor_y
0000a2d8   delay_ms
000086e6   disk_initialize
0000970e   disk_readp
00009398   drawButton
00009f94   draw_borders
00008c9e   draw_health
00009fd0   draw_names
00000286   dres
00000288   flagReg
00000200   fs
0000850a   get_pokemon
00009bfa   initButtons
0000a00c   init_button
0000a268   init_systimer
0000a124   init_touch_adc
00009686   main
0000a288   memccpy
0000a3e2   memcpy
0000a3a8   memset
00009a72   message_write
00000270   ms_time
00009ed0   ms_timer_handler
000082de   pf_mount
0000923e   pf_open
00008956   pf_read
0000028a   pres
00000296   selectedButton
00009186   setup_lcd_fs
0000a492   setup_timer_buttons
0000a1b0   spi_initialize
0000a352   spi_receive
0000a368   spi_send
0000a246   spi_set_divisor
0000a080   sprintf
0000a4a2   strlen
0000028c   textbgcolor
0000028e   textcolor
00000290   textsize
0000a200   tft_Color565
00008000   tft_begin
00008b8a   tft_drawChar
0000882c   tft_drawCircle
00008d98   tft_drawCircleHelper
00009d02   tft_drawFastHLine
00009d52   tft_drawFastVLine
0000a046   tft_drawPixel
00009e3c   tft_drawRect
00008e6a   tft_drawRoundRect
0000a0b8   tft_fillCircle
00009004   tft_fillCircleHelper
00009794   tft_fillRect
00009986   tft_fillRoundRect
0000a2f2   tft_fillScreen
0000a4b0   tft_init_hw
0000a3f4   tft_pushColor
0000a0f0   tft_setAddrWindow
0000a4be   tft_setCursor
0000a4c8   tft_setTextColor
0000a406   tft_setTextSize
0000a418   tft_spiwrite16
0000a42a   tft_spiwrite8
00009814   tft_write
0000a37e   tft_writeString
0000a43c   tft_writecommand
0000a460   tft_writedata
0000a44e   tft_writedata16
00000274   time_btn_enable
00000278   time_push
00009ae0   updateButtons
00000292   wrap


GLOBAL SYMBOLS: SORTED BY Symbol Address 

address    name
--------   ----
00000000   IE1
00000001   IE2
00000001   __TI_args_main
00000001   __TI_exit
00000002   IFG1
00000003   IFG2
00000010   P3REN
00000011   P4REN
00000018   P3IN
00000019   P3OUT
0000001a   P3DIR
0000001b   P3SEL
0000001c   P4IN
0000001d   P4OUT
0000001e   P4DIR
0000001f   P4SEL
00000020   P1IN
00000021   P1OUT
00000022   P1DIR
00000023   P1IFG
00000024   P1IES
00000025   P1IE
00000026   P1SEL
00000027   P1REN
00000028   P2IN
00000029   P2OUT
0000002a   P2DIR
0000002b   P2IFG
0000002c   P2IES
0000002d   P2IE
0000002e   P2SEL
0000002f   P2REN
00000048   ADC10DTC0
00000049   ADC10DTC1
0000004a   ADC10AE0
0000004b   ADC10AE1
00000050   __STACK_SIZE
00000053   BCSCTL3
00000056   DCOCTL
00000057   BCSCTL1
00000058   BCSCTL2
0000005d   UCA0ABCTL
0000005e   UCA0IRTCTL
0000005f   UCA0IRRCTL
00000060   UCA0CTL0
00000061   UCA0CTL1
00000062   UCA0BR0
00000063   UCA0BR1
00000064   UCA0MCTL
00000065   UCA0STAT
00000066   UCA0RXBUF
00000067   UCA0TXBUF
00000068   UCB0CTL0
00000069   UCB0CTL1
0000006a   UCB0BR0
0000006b   UCB0BR1
0000006c   UCB0I2CIE
0000006d   UCB0STAT
0000006e   UCB0RXBUF
0000006f   UCB0TXBUF
000000c0   OA0CTL0
000000c1   OA0CTL1
000000c2   OA1CTL0
000000c3   OA1CTL1
00000118   UCB0I2COA
0000011a   UCB0I2CSA
0000011e   TBIV
00000120   WDTCTL
00000128   FCTL1
0000012a   FCTL2
0000012c   FCTL3
0000012e   TAIV
00000160   TACTL
00000162   TACCTL0
00000164   TACCTL1
00000166   TACCTL2
00000170   TAR
00000172   TACCR0
00000174   TACCR1
00000176   TACCR2
00000180   TBCTL
00000182   TBCCTL0
00000184   TBCCTL1
00000186   TBCCTL2
00000190   TBR
00000192   TBCCR0
00000194   TBCCR1
00000196   TBCCR2
000001b0   ADC10CTL0
000001b2   ADC10CTL1
000001b4   ADC10MEM
000001bc   ADC10SA
00000200   fs
0000022a   buffer
00000248   bmp_header
00000250   btn1
00000258   btn2
00000260   btn3
00000268   btn4
00000270   ms_time
00000274   time_btn_enable
00000278   time_push
0000027e   _height
00000280   _width
00000282   cursor_x
00000284   cursor_y
00000286   dres
00000288   flagReg
0000028a   pres
0000028c   textbgcolor
0000028e   textcolor
00000290   textsize
00000292   wrap
00000295   activeButton
00000296   selectedButton
000005b0   _stack
00000600   __STACK_END
000010f8   CALDCO_16MHZ
000010f9   CALBC1_16MHZ
000010fa   CALDCO_12MHZ
000010fb   CALBC1_12MHZ
000010fc   CALDCO_8MHZ
000010fd   CALBC1_8MHZ
000010fe   CALDCO_1MHZ
000010ff   CALBC1_1MHZ
00008000   tft_begin
000082de   pf_mount
0000850a   get_pokemon
000086e6   disk_initialize
0000882c   tft_drawCircle
00008956   pf_read
00008b8a   tft_drawChar
00008c9e   draw_health
00008d98   tft_drawCircleHelper
00008e6a   tft_drawRoundRect
00008f3a   __TI_printfi_minimal
00009004   tft_fillCircleHelper
00009186   setup_lcd_fs
0000923e   pf_open
00009398   drawButton
00009686   main
0000970e   disk_readp
00009794   tft_fillRect
00009814   tft_write
00009892   button_handler
00009986   tft_fillRoundRect
00009a72   message_write
00009ae0   updateButtons
00009b40   _auto_init
00009b9e   __mspabi_srll_15
00009ba4   __mspabi_srll_14
00009baa   __mspabi_srll_13
00009bb0   __mspabi_srll_12
00009bb6   __mspabi_srll_11
00009bbc   __mspabi_srll_10
00009bc2   __mspabi_srll_9
00009bc8   __mspabi_srll_8
00009bce   __mspabi_srll_7
00009bd4   __mspabi_srll_6
00009bda   __mspabi_srll_5
00009be0   __mspabi_srll_4
00009be6   __mspabi_srll_3
00009bec   __mspabi_srll_2
00009bf2   __mspabi_srll_1
00009bfa   initButtons
00009c54   __mspabi_divul
00009c54   __mspabi_remul
00009d02   tft_drawFastHLine
00009d52   tft_drawFastVLine
00009df0   __mspabi_srli
00009dfe   __mspabi_srli_15
00009e02   __mspabi_srli_14
00009e06   __mspabi_srli_13
00009e0a   __mspabi_srli_12
00009e0e   __mspabi_srli_11
00009e12   __mspabi_srli_10
00009e16   __mspabi_srli_9
00009e1a   __mspabi_srli_8
00009e1e   __mspabi_srli_7
00009e22   __mspabi_srli_6
00009e26   __mspabi_srli_5
00009e2a   __mspabi_srli_4
00009e2e   __mspabi_srli_3
00009e32   __mspabi_srli_2
00009e36   __mspabi_srli_1
00009e3c   tft_drawRect
00009ed0   ms_timer_handler
00009f56   __mspabi_slll_15
00009f5a   __mspabi_slll_14
00009f5e   __mspabi_slll_13
00009f62   __mspabi_slll_12
00009f66   __mspabi_slll_11
00009f6a   __mspabi_slll_10
00009f6e   __mspabi_slll_9
00009f72   __mspabi_slll_8
00009f76   __mspabi_slll_7
00009f7a   __mspabi_slll_6
00009f7e   __mspabi_slll_5
00009f82   __mspabi_slll_4
00009f86   __mspabi_slll_3
00009f8a   __mspabi_slll_2
00009f8e   __mspabi_slll_1
00009f94   draw_borders
00009fd0   draw_names
0000a00c   init_button
0000a046   tft_drawPixel
0000a080   sprintf
0000a0b8   tft_fillCircle
0000a0f0   tft_setAddrWindow
0000a124   init_touch_adc
0000a184   __mspabi_slli
0000a190   __mspabi_slli_15
0000a192   __mspabi_slli_14
0000a194   __mspabi_slli_13
0000a196   __mspabi_slli_12
0000a198   __mspabi_slli_11
0000a19a   __mspabi_slli_10
0000a19c   __mspabi_slli_9
0000a19e   __mspabi_slli_8
0000a1a0   __mspabi_slli_7
0000a1a2   __mspabi_slli_6
0000a1a4   __mspabi_slli_5
0000a1a6   __mspabi_slli_4
0000a1a8   __mspabi_slli_3
0000a1aa   __mspabi_slli_2
0000a1ac   __mspabi_slli_1
0000a1b0   spi_initialize
0000a1da   __mspabi_mpyl
0000a200   tft_Color565
0000a224   __mspabi_mpyul
0000a246   spi_set_divisor
0000a268   init_systimer
0000a288   memccpy
0000a2a4   _c_int00
0000a2a4   _c_int00_noexit
0000a2d8   delay_ms
0000a2f2   tft_fillScreen
0000a33c   __mspabi_divu
0000a33c   __mspabi_remu
0000a352   spi_receive
0000a368   spi_send
0000a37e   tft_writeString
0000a394   __TI_zero_init
0000a3a8   memset
0000a3bc   __mspabi_mpyi
0000a3e2   memcpy
0000a3f4   tft_pushColor
0000a406   tft_setTextSize
0000a418   tft_spiwrite16
0000a42a   tft_spiwrite8
0000a43c   tft_writecommand
0000a44e   tft_writedata16
0000a460   tft_writedata
0000a482   __mspabi_func_epilog_7
0000a484   __mspabi_func_epilog_6
0000a486   __mspabi_func_epilog_5
0000a488   __mspabi_func_epilog_4
0000a48a   __mspabi_func_epilog_3
0000a48c   __mspabi_func_epilog_2
0000a48e   __mspabi_func_epilog_1
0000a492   setup_timer_buttons
0000a4a2   strlen
0000a4b0   tft_init_hw
0000a4be   tft_setCursor
0000a4c8   tft_setTextColor
0000a4d2   __TI_ISR_TRAP
0000a4d8   _system_pre_init
0000a4dc   C$$EXIT
0000a4dc   abort
0000aaca   MSG_COLOR
0000aad6   __TI_Handler_Table_Base
0000aad8   __TI_CINIT_Base
0000aad8   __TI_Handler_Table_Limit
0000aadc   __TI_CINIT_Limit
0000ffe4   __TI_int02
0000ffe6   __TI_int03
0000ffea   __TI_int05
0000ffec   __TI_int06
0000ffee   __TI_int07
0000fff0   __TI_int08
0000fff2   __TI_int09
0000fff4   __TI_int10
0000fff8   __TI_int12
0000fffa   __TI_int13
0000fffc   __TI_int14
0000fffe   _reset_vector
ffffffff   __binit__
ffffffff   __c_args__
ffffffff   binit
UNDEFED    __TI_INITARRAY_Base
UNDEFED    __TI_INITARRAY_Limit

[291 symbols]
