<?xml version="1.0"?>
<link_info>
   <banner>MSP430 Linker PC v4.3.3</banner>
   <copyright>Copyright (c) 2003-2014 Texas Instruments Incorporated</copyright>
   <link_time>0x554762d4</link_time>
   <link_errors>0x0</link_errors>
   <output_file>LCD_Adafruit.out</output_file>
   <entry_point>
      <name>_c_int00</name>
      <address>0xb2a6</address>
   </entry_point>
   <input_file_list>
      <input_file id="fl-2">
         <path>.\</path>
         <kind>object</kind>
         <file>delays.obj</file>
         <name>delays.obj</name>
      </input_file>
      <input_file id="fl-3">
         <path>.\</path>
         <kind>object</kind>
         <file>flags.obj</file>
         <name>flags.obj</name>
      </input_file>
      <input_file id="fl-4">
         <path>.\</path>
         <kind>object</kind>
         <file>game_gfx.obj</file>
         <name>game_gfx.obj</name>
      </input_file>
      <input_file id="fl-5">
         <path>.\</path>
         <kind>object</kind>
         <file>glcdfont.obj</file>
         <name>glcdfont.obj</name>
      </input_file>
      <input_file id="fl-6">
         <path>.\</path>
         <kind>object</kind>
         <file>main.obj</file>
         <name>main.obj</name>
      </input_file>
      <input_file id="fl-7">
         <path>.\</path>
         <kind>object</kind>
         <file>mmc.obj</file>
         <name>mmc.obj</name>
      </input_file>
      <input_file id="fl-8">
         <path>.\</path>
         <kind>object</kind>
         <file>parser.obj</file>
         <name>parser.obj</name>
      </input_file>
      <input_file id="fl-9">
         <path>.\</path>
         <kind>object</kind>
         <file>pff.obj</file>
         <name>pff.obj</name>
      </input_file>
      <input_file id="fl-a">
         <path>.\</path>
         <kind>object</kind>
         <file>setup.obj</file>
         <name>setup.obj</name>
      </input_file>
      <input_file id="fl-b">
         <path>.\</path>
         <kind>object</kind>
         <file>tft_gfx.obj</file>
         <name>tft_gfx.obj</name>
      </input_file>
      <input_file id="fl-c">
         <path>.\</path>
         <kind>object</kind>
         <file>tft_master.obj</file>
         <name>tft_master.obj</name>
      </input_file>
      <input_file id="fl-d">
         <path>.\</path>
         <kind>object</kind>
         <file>tmr_int.obj</file>
         <name>tmr_int.obj</name>
      </input_file>
      <input_file id="fl-e">
         <path>.\</path>
         <kind>object</kind>
         <file>touchlib.obj</file>
         <name>touchlib.obj</name>
      </input_file>
      <input_file id="fl-f">
         <path>.\</path>
         <kind>object</kind>
         <file>usci_spi.obj</file>
         <name>usci_spi.obj</name>
      </input_file>
      <input_file id="fl-3d">
         <path>c:\ti\ccsv6\tools\compiler\msp430_4.3.3\lib\</path>
         <kind>archive</kind>
         <file>rts430_eabi.lib</file>
         <name>abs.obj</name>
      </input_file>
      <input_file id="fl-3e">
         <path>c:\ti\ccsv6\tools\compiler\msp430_4.3.3\lib\</path>
         <kind>archive</kind>
         <file>rts430_eabi.lib</file>
         <name>asr16.obj</name>
      </input_file>
      <input_file id="fl-3f">
         <path>c:\ti\ccsv6\tools\compiler\msp430_4.3.3\lib\</path>
         <kind>archive</kind>
         <file>rts430_eabi.lib</file>
         <name>atoi.obj</name>
      </input_file>
      <input_file id="fl-40">
         <path>c:\ti\ccsv6\tools\compiler\msp430_4.3.3\lib\</path>
         <kind>archive</kind>
         <file>rts430_eabi.lib</file>
         <name>boot.obj</name>
      </input_file>
      <input_file id="fl-41">
         <path>c:\ti\ccsv6\tools\compiler\msp430_4.3.3\lib\</path>
         <kind>archive</kind>
         <file>rts430_eabi.lib</file>
         <name>copy_decompress_none.obj</name>
      </input_file>
      <input_file id="fl-42">
         <path>c:\ti\ccsv6\tools\compiler\msp430_4.3.3\lib\</path>
         <kind>archive</kind>
         <file>rts430_eabi.lib</file>
         <name>copy_decompress_rle.obj</name>
      </input_file>
      <input_file id="fl-43">
         <path>c:\ti\ccsv6\tools\compiler\msp430_4.3.3\lib\</path>
         <kind>archive</kind>
         <file>rts430_eabi.lib</file>
         <name>copy_zero_init.obj</name>
      </input_file>
      <input_file id="fl-44">
         <path>c:\ti\ccsv6\tools\compiler\msp430_4.3.3\lib\</path>
         <kind>archive</kind>
         <file>rts430_eabi.lib</file>
         <name>ctype.obj</name>
      </input_file>
      <input_file id="fl-45">
         <path>c:\ti\ccsv6\tools\compiler\msp430_4.3.3\lib\</path>
         <kind>archive</kind>
         <file>rts430_eabi.lib</file>
         <name>div16s.obj</name>
      </input_file>
      <input_file id="fl-46">
         <path>c:\ti\ccsv6\tools\compiler\msp430_4.3.3\lib\</path>
         <kind>archive</kind>
         <file>rts430_eabi.lib</file>
         <name>div16u.obj</name>
      </input_file>
      <input_file id="fl-47">
         <path>c:\ti\ccsv6\tools\compiler\msp430_4.3.3\lib\</path>
         <kind>archive</kind>
         <file>rts430_eabi.lib</file>
         <name>div32u.obj</name>
      </input_file>
      <input_file id="fl-48">
         <path>c:\ti\ccsv6\tools\compiler\msp430_4.3.3\lib\</path>
         <kind>archive</kind>
         <file>rts430_eabi.lib</file>
         <name>epilog.obj</name>
      </input_file>
      <input_file id="fl-49">
         <path>c:\ti\ccsv6\tools\compiler\msp430_4.3.3\lib\</path>
         <kind>archive</kind>
         <file>rts430_eabi.lib</file>
         <name>exit.obj</name>
      </input_file>
      <input_file id="fl-4a">
         <path>c:\ti\ccsv6\tools\compiler\msp430_4.3.3\lib\</path>
         <kind>archive</kind>
         <file>rts430_eabi.lib</file>
         <name>int03.obj</name>
      </input_file>
      <input_file id="fl-4b">
         <path>c:\ti\ccsv6\tools\compiler\msp430_4.3.3\lib\</path>
         <kind>archive</kind>
         <file>rts430_eabi.lib</file>
         <name>int05.obj</name>
      </input_file>
      <input_file id="fl-4c">
         <path>c:\ti\ccsv6\tools\compiler\msp430_4.3.3\lib\</path>
         <kind>archive</kind>
         <file>rts430_eabi.lib</file>
         <name>int06.obj</name>
      </input_file>
      <input_file id="fl-4d">
         <path>c:\ti\ccsv6\tools\compiler\msp430_4.3.3\lib\</path>
         <kind>archive</kind>
         <file>rts430_eabi.lib</file>
         <name>int07.obj</name>
      </input_file>
      <input_file id="fl-4e">
         <path>c:\ti\ccsv6\tools\compiler\msp430_4.3.3\lib\</path>
         <kind>archive</kind>
         <file>rts430_eabi.lib</file>
         <name>int08.obj</name>
      </input_file>
      <input_file id="fl-4f">
         <path>c:\ti\ccsv6\tools\compiler\msp430_4.3.3\lib\</path>
         <kind>archive</kind>
         <file>rts430_eabi.lib</file>
         <name>int09.obj</name>
      </input_file>
      <input_file id="fl-50">
         <path>c:\ti\ccsv6\tools\compiler\msp430_4.3.3\lib\</path>
         <kind>archive</kind>
         <file>rts430_eabi.lib</file>
         <name>int10.obj</name>
      </input_file>
      <input_file id="fl-51">
         <path>c:\ti\ccsv6\tools\compiler\msp430_4.3.3\lib\</path>
         <kind>archive</kind>
         <file>rts430_eabi.lib</file>
         <name>int12.obj</name>
      </input_file>
      <input_file id="fl-52">
         <path>c:\ti\ccsv6\tools\compiler\msp430_4.3.3\lib\</path>
         <kind>archive</kind>
         <file>rts430_eabi.lib</file>
         <name>int14.obj</name>
      </input_file>
      <input_file id="fl-53">
         <path>c:\ti\ccsv6\tools\compiler\msp430_4.3.3\lib\</path>
         <kind>archive</kind>
         <file>rts430_eabi.lib</file>
         <name>isr_trap.obj</name>
      </input_file>
      <input_file id="fl-54">
         <path>c:\ti\ccsv6\tools\compiler\msp430_4.3.3\lib\</path>
         <kind>archive</kind>
         <file>rts430_eabi.lib</file>
         <name>lsl16.obj</name>
      </input_file>
      <input_file id="fl-55">
         <path>c:\ti\ccsv6\tools\compiler\msp430_4.3.3\lib\</path>
         <kind>archive</kind>
         <file>rts430_eabi.lib</file>
         <name>lsl32.obj</name>
      </input_file>
      <input_file id="fl-56">
         <path>c:\ti\ccsv6\tools\compiler\msp430_4.3.3\lib\</path>
         <kind>archive</kind>
         <file>rts430_eabi.lib</file>
         <name>lsr16.obj</name>
      </input_file>
      <input_file id="fl-57">
         <path>c:\ti\ccsv6\tools\compiler\msp430_4.3.3\lib\</path>
         <kind>archive</kind>
         <file>rts430_eabi.lib</file>
         <name>lsr32.obj</name>
      </input_file>
      <input_file id="fl-58">
         <path>c:\ti\ccsv6\tools\compiler\msp430_4.3.3\lib\</path>
         <kind>archive</kind>
         <file>rts430_eabi.lib</file>
         <name>memcpy.obj</name>
      </input_file>
      <input_file id="fl-59">
         <path>c:\ti\ccsv6\tools\compiler\msp430_4.3.3\lib\</path>
         <kind>archive</kind>
         <file>rts430_eabi.lib</file>
         <name>mpu_init.obj</name>
      </input_file>
      <input_file id="fl-5a">
         <path>c:\ti\ccsv6\tools\compiler\msp430_4.3.3\lib\</path>
         <kind>archive</kind>
         <file>rts430_eabi.lib</file>
         <name>mult16.obj</name>
      </input_file>
      <input_file id="fl-5b">
         <path>c:\ti\ccsv6\tools\compiler\msp430_4.3.3\lib\</path>
         <kind>archive</kind>
         <file>rts430_eabi.lib</file>
         <name>mult1632.obj</name>
      </input_file>
      <input_file id="fl-5c">
         <path>c:\ti\ccsv6\tools\compiler\msp430_4.3.3\lib\</path>
         <kind>archive</kind>
         <file>rts430_eabi.lib</file>
         <name>mult32.obj</name>
      </input_file>
      <input_file id="fl-5d">
         <path>c:\ti\ccsv6\tools\compiler\msp430_4.3.3\lib\</path>
         <kind>archive</kind>
         <file>rts430_eabi.lib</file>
         <name>pre_init.obj</name>
      </input_file>
      <input_file id="fl-5e">
         <path>c:\ti\ccsv6\tools\compiler\msp430_4.3.3\lib\</path>
         <kind>archive</kind>
         <file>rts430_eabi.lib</file>
         <name>qsort.obj</name>
      </input_file>
      <input_file id="fl-5f">
         <path>c:\ti\ccsv6\tools\compiler\msp430_4.3.3\lib\</path>
         <kind>archive</kind>
         <file>rts430_eabi.lib</file>
         <name>sprintf.obj</name>
      </input_file>
      <input_file id="fl-60">
         <path>c:\ti\ccsv6\tools\compiler\msp430_4.3.3\lib\</path>
         <kind>archive</kind>
         <file>rts430_eabi.lib</file>
         <name>_lock.obj</name>
      </input_file>
      <input_file id="fl-61">
         <path>c:\ti\ccsv6\tools\compiler\msp430_4.3.3\lib\</path>
         <kind>archive</kind>
         <file>rts430_eabi.lib</file>
         <name>_printfi_min.obj</name>
      </input_file>
      <input_file id="fl-62">
         <path>c:\ti\ccsv6\tools\compiler\msp430_4.3.3\lib\</path>
         <kind>archive</kind>
         <file>rts430_eabi.lib</file>
         <name>args_main.obj</name>
      </input_file>
      <input_file id="fl-63">
         <path>c:\ti\ccsv6\tools\compiler\msp430_4.3.3\lib\</path>
         <kind>archive</kind>
         <file>rts430_eabi.lib</file>
         <name>autoinit.obj</name>
      </input_file>
      <input_file id="fl-64">
         <path>c:\ti\ccsv6\tools\compiler\msp430_4.3.3\lib\</path>
         <kind>archive</kind>
         <file>rts430_eabi.lib</file>
         <name>memccpy.obj</name>
      </input_file>
      <input_file id="fl-65">
         <path>c:\ti\ccsv6\tools\compiler\msp430_4.3.3\lib\</path>
         <kind>archive</kind>
         <file>rts430_eabi.lib</file>
         <name>memset.obj</name>
      </input_file>
      <input_file id="fl-66">
         <path>c:\ti\ccsv6\tools\compiler\msp430_4.3.3\lib\</path>
         <kind>archive</kind>
         <file>rts430_eabi.lib</file>
         <name>strlen.obj</name>
      </input_file>
   </input_file_list>
   <object_component_list>
      <object_component id="oc-50">
         <name>.stack</name>
         <uninitialized>true</uninitialized>
         <run_address>0x5b0</run_address>
         <size>0x2</size>
         <input_file_ref idref="fl-40"/>
      </object_component>
      <object_component id="oc-4e6">
         <name>.stack</name>
         <uninitialized>true</uninitialized>
         <run_address>0x5b0</run_address>
         <size>0x0</size>
      </object_component>
      <object_component id="oc-1ca">
         <name>.text:pf_mount</name>
         <load_address>0x8000</load_address>
         <run_address>0x8000</run_address>
         <size>0x300</size>
         <input_file_ref idref="fl-9"/>
      </object_component>
      <object_component id="oc-196">
         <name>.text:tft_begin</name>
         <load_address>0x8300</load_address>
         <run_address>0x8300</run_address>
         <size>0x2e0</size>
         <input_file_ref idref="fl-c"/>
      </object_component>
      <object_component id="oc-ea">
         <name>.text:get_pokemon_image</name>
         <load_address>0x85e0</load_address>
         <run_address>0x85e0</run_address>
         <size>0x28e</size>
         <input_file_ref idref="fl-4"/>
      </object_component>
      <object_component id="oc-f6">
         <name>.text:get_pokemon_team</name>
         <load_address>0x886e</load_address>
         <run_address>0x886e</run_address>
         <size>0x236</size>
         <input_file_ref idref="fl-8"/>
      </object_component>
      <object_component id="oc-e4">
         <name>.text:get_pokemon_data</name>
         <load_address>0x8aa4</load_address>
         <run_address>0x8aa4</run_address>
         <size>0x1ec</size>
         <input_file_ref idref="fl-8"/>
      </object_component>
      <object_component id="oc-1f0">
         <name>.text:pf_read</name>
         <load_address>0x8c90</load_address>
         <run_address>0x8c90</run_address>
         <size>0x1bc</size>
         <input_file_ref idref="fl-9"/>
      </object_component>
      <object_component id="oc-189">
         <name>.text:disk_initialize</name>
         <load_address>0x8e4c</load_address>
         <run_address>0x8e4c</run_address>
         <size>0x198</size>
         <input_file_ref idref="fl-7"/>
      </object_component>
      <object_component id="oc-3f4">
         <name>.text:tft_drawChar</name>
         <load_address>0x8fe4</load_address>
         <run_address>0x8fe4</run_address>
         <size>0x170</size>
         <input_file_ref idref="fl-b"/>
      </object_component>
      <object_component id="oc-27e">
         <name>.text:tft_drawCircle</name>
         <load_address>0x9154</load_address>
         <run_address>0x9154</run_address>
         <size>0x162</size>
         <input_file_ref idref="fl-b"/>
      </object_component>
      <object_component id="oc-374">
         <name>.text:tft_drawCircleHelper</name>
         <load_address>0x92b6</load_address>
         <run_address>0x92b6</run_address>
         <size>0x136</size>
         <input_file_ref idref="fl-b"/>
      </object_component>
      <object_component id="oc-24c">
         <name>.text:tft_drawRoundRect</name>
         <load_address>0x93ec</load_address>
         <run_address>0x93ec</run_address>
         <size>0x136</size>
         <input_file_ref idref="fl-b"/>
      </object_component>
      <object_component id="oc-71">
         <name>.text:main</name>
         <load_address>0x9522</load_address>
         <run_address>0x9522</run_address>
         <size>0x12a</size>
         <input_file_ref idref="fl-6"/>
      </object_component>
      <object_component id="oc-3ca">
         <name>.text:_setfield</name>
         <load_address>0x964c</load_address>
         <run_address>0x964c</run_address>
         <size>0x116</size>
         <input_file_ref idref="fl-61"/>
      </object_component>
      <object_component id="oc-11a">
         <name>.text:draw_health</name>
         <load_address>0x9762</load_address>
         <run_address>0x9762</run_address>
         <size>0x116</size>
         <input_file_ref idref="fl-4"/>
      </object_component>
      <object_component id="oc-384">
         <name>.text:tft_fillCircleHelper</name>
         <load_address>0x9878</load_address>
         <run_address>0x9878</run_address>
         <size>0x102</size>
         <input_file_ref idref="fl-b"/>
      </object_component>
      <object_component id="oc-336">
         <name>.text:get_fat</name>
         <load_address>0x997a</load_address>
         <run_address>0x997a</run_address>
         <size>0xee</size>
         <input_file_ref idref="fl-9"/>
      </object_component>
      <object_component id="oc-417">
         <name>.text:create_name</name>
         <load_address>0x9a68</load_address>
         <run_address>0x9a68</run_address>
         <size>0xea</size>
         <input_file_ref idref="fl-9"/>
      </object_component>
      <object_component id="oc-47d">
         <name>.text:dir_next</name>
         <load_address>0x9b52</load_address>
         <run_address>0x9b52</run_address>
         <size>0xea</size>
         <input_file_ref idref="fl-9"/>
      </object_component>
      <object_component id="oc-32e">
         <name>.text:follow_path</name>
         <load_address>0x9c3c</load_address>
         <run_address>0x9c3c</run_address>
         <size>0xe2</size>
         <input_file_ref idref="fl-9"/>
      </object_component>
      <object_component id="oc-295">
         <name>.text:drawButton</name>
         <load_address>0x9d1e</load_address>
         <run_address>0x9d1e</run_address>
         <size>0xda</size>
         <input_file_ref idref="fl-4"/>
      </object_component>
      <object_component id="oc-1ea">
         <name>.text:pf_open</name>
         <load_address>0x9df8</load_address>
         <run_address>0x9df8</run_address>
         <size>0xce</size>
         <input_file_ref idref="fl-9"/>
      </object_component>
      <object_component id="oc-2e4">
         <name>.text:__TI_printfi_minimal</name>
         <load_address>0x9ec6</load_address>
         <run_address>0x9ec6</run_address>
         <size>0xca</size>
         <input_file_ref idref="fl-61"/>
      </object_component>
      <object_component id="oc-2fb">
         <name>.text:disk_readp</name>
         <load_address>0x9f90</load_address>
         <run_address>0x9f90</run_address>
         <size>0xc6</size>
         <input_file_ref idref="fl-7"/>
      </object_component>
      <object_component id="oc-2af">
         <name>.text:send_cmd</name>
         <load_address>0xa056</load_address>
         <run_address>0xa056</run_address>
         <size>0xb8</size>
         <input_file_ref idref="fl-7"/>
      </object_component>
      <object_component id="oc-d8">
         <name>.text:setup_lcd_fs</name>
         <load_address>0xa10e</load_address>
         <run_address>0xa10e</run_address>
         <size>0xb8</size>
         <input_file_ref idref="fl-a"/>
      </object_component>
      <object_component id="oc-2f5">
         <name>.text:check_fs</name>
         <load_address>0xa1c6</load_address>
         <run_address>0xa1c6</run_address>
         <size>0xb6</size>
         <input_file_ref idref="fl-9"/>
      </object_component>
      <object_component id="oc-fc">
         <name>.text:get_attack_Name</name>
         <load_address>0xa27c</load_address>
         <run_address>0xa27c</run_address>
         <size>0xb2</size>
         <input_file_ref idref="fl-8"/>
      </object_component>
      <object_component id="oc-222">
         <name>.text:tft_fillRect</name>
         <load_address>0xa32e</load_address>
         <run_address>0xa32e</run_address>
         <size>0xb0</size>
         <input_file_ref idref="fl-c"/>
      </object_component>
      <object_component id="oc-2ec">
         <name>.text:tft_write</name>
         <load_address>0xa3de</load_address>
         <run_address>0xa3de</run_address>
         <size>0xb0</size>
         <input_file_ref idref="fl-b"/>
      </object_component>
      <object_component id="oc-392">
         <name>.text:tft_fillRoundRect</name>
         <load_address>0xa48e</load_address>
         <run_address>0xa48e</run_address>
         <size>0xaa</size>
         <input_file_ref idref="fl-b"/>
      </object_component>
      <object_component id="oc-411">
         <name>.text:dir_rewind</name>
         <load_address>0xa538</load_address>
         <run_address>0xa538</run_address>
         <size>0xa6</size>
         <input_file_ref idref="fl-9"/>
      </object_component>
      <object_component id="oc-41d">
         <name>.text:dir_find</name>
         <load_address>0xa5de</load_address>
         <run_address>0xa5de</run_address>
         <size>0xa4</size>
         <input_file_ref idref="fl-9"/>
      </object_component>
      <object_component id="oc-120">
         <name>.text:get_Name</name>
         <load_address>0xa682</load_address>
         <run_address>0xa682</run_address>
         <size>0x96</size>
         <input_file_ref idref="fl-8"/>
      </object_component>
      <object_component id="oc-36e">
         <name>.text:tft_drawFastVLine</name>
         <load_address>0xa718</load_address>
         <run_address>0xa718</run_address>
         <size>0x8a</size>
         <input_file_ref idref="fl-c"/>
      </object_component>
      <object_component id="oc-368">
         <name>.text:tft_drawFastHLine</name>
         <load_address>0xa7a2</load_address>
         <run_address>0xa7a2</run_address>
         <size>0x84</size>
         <input_file_ref idref="fl-c"/>
      </object_component>
      <object_component id="oc-54">
         <name>.text:button_handler</name>
         <load_address>0xa826</load_address>
         <run_address>0xa826</run_address>
         <size>0x7e</size>
         <input_file_ref idref="fl-d"/>
      </object_component>
      <object_component id="oc-126">
         <name>.text:draw_names</name>
         <load_address>0xa8a4</load_address>
         <run_address>0xa8a4</run_address>
         <size>0x7e</size>
         <input_file_ref idref="fl-4"/>
      </object_component>
      <object_component id="oc-263">
         <name>.text:parseCommaData</name>
         <load_address>0xa922</load_address>
         <run_address>0xa922</run_address>
         <size>0x6c</size>
         <input_file_ref idref="fl-8"/>
      </object_component>
      <object_component id="oc-1f9">
         <name>.text:parsedata</name>
         <load_address>0xa98e</load_address>
         <run_address>0xa98e</run_address>
         <size>0x64</size>
         <input_file_ref idref="fl-8"/>
      </object_component>
      <object_component id="oc-12c">
         <name>.text:updateButtons</name>
         <load_address>0xa9f2</load_address>
         <run_address>0xa9f2</run_address>
         <size>0x62</size>
         <input_file_ref idref="fl-4"/>
      </object_component>
      <object_component id="oc-33c">
         <name>.text:clust2sect</name>
         <load_address>0xaa54</load_address>
         <run_address>0xaa54</run_address>
         <size>0x60</size>
         <input_file_ref idref="fl-9"/>
      </object_component>
      <object_component id="oc-272">
         <name>.text:tft_drawRect</name>
         <load_address>0xaab4</load_address>
         <run_address>0xaab4</run_address>
         <size>0x60</size>
         <input_file_ref idref="fl-b"/>
      </object_component>
      <object_component id="oc-6b">
         <name>.text:_auto_init</name>
         <load_address>0xab14</load_address>
         <run_address>0xab14</run_address>
         <size>0x5e</size>
         <input_file_ref idref="fl-63"/>
      </object_component>
      <object_component id="oc-217">
         <name>.text:l_lsr_const</name>
         <load_address>0xab72</load_address>
         <run_address>0xab72</run_address>
         <size>0x5c</size>
         <input_file_ref idref="fl-57"/>
      </object_component>
      <object_component id="oc-477">
         <name>.text:mem_cmp</name>
         <load_address>0xabce</load_address>
         <run_address>0xabce</run_address>
         <size>0x5c</size>
         <input_file_ref idref="fl-9"/>
      </object_component>
      <object_component id="oc-38b">
         <name>.text:tft_drawPixel</name>
         <load_address>0xac2a</load_address>
         <run_address>0xac2a</run_address>
         <size>0x5c</size>
         <input_file_ref idref="fl-c"/>
      </object_component>
      <object_component id="oc-30b">
         <name>.text</name>
         <load_address>0xac86</load_address>
         <run_address>0xac86</run_address>
         <size>0x58</size>
         <input_file_ref idref="fl-47"/>
      </object_component>
      <object_component id="oc-490">
         <name>.text:_ltostr</name>
         <load_address>0xacde</load_address>
         <run_address>0xacde</run_address>
         <size>0x56</size>
         <input_file_ref idref="fl-61"/>
      </object_component>
      <object_component id="oc-201">
         <name>.text:atoi</name>
         <load_address>0xad34</load_address>
         <run_address>0xad34</run_address>
         <size>0x54</size>
         <input_file_ref idref="fl-3f"/>
      </object_component>
      <object_component id="oc-44d">
         <name>.text:_pproc_diouxp</name>
         <load_address>0xad88</load_address>
         <run_address>0xad88</run_address>
         <size>0x4e</size>
         <input_file_ref idref="fl-61"/>
      </object_component>
      <object_component id="oc-306">
         <name>.text</name>
         <load_address>0xadd6</load_address>
         <run_address>0xadd6</run_address>
         <size>0x4c</size>
         <input_file_ref idref="fl-56"/>
      </object_component>
      <object_component id="oc-22f">
         <name>.text:tft_setAddrWindow</name>
         <load_address>0xae22</load_address>
         <run_address>0xae22</run_address>
         <size>0x4c</size>
         <input_file_ref idref="fl-c"/>
      </object_component>
      <object_component id="oc-3d0">
         <name>.text:_pproc_str</name>
         <load_address>0xae6e</load_address>
         <run_address>0xae6e</run_address>
         <size>0x48</size>
         <input_file_ref idref="fl-61"/>
      </object_component>
      <object_component id="oc-5f">
         <name>.text:ms_timer_handler</name>
         <load_address>0xaeb6</load_address>
         <run_address>0xaeb6</run_address>
         <size>0x46</size>
         <input_file_ref idref="fl-d"/>
      </object_component>
      <object_component id="oc-46b">
         <name>.text:mem_set</name>
         <load_address>0xaefc</load_address>
         <run_address>0xaefc</run_address>
         <size>0x44</size>
         <input_file_ref idref="fl-9"/>
      </object_component>
      <object_component id="oc-278">
         <name>.text:tft_fillCircle</name>
         <load_address>0xaf40</load_address>
         <run_address>0xaf40</run_address>
         <size>0x44</size>
         <input_file_ref idref="fl-b"/>
      </object_component>
      <object_component id="oc-1e2">
         <name>.text:initButtons</name>
         <load_address>0xaf84</load_address>
         <run_address>0xaf84</run_address>
         <size>0x42</size>
         <input_file_ref idref="fl-4"/>
      </object_component>
      <object_component id="oc-408">
         <name>.text:l_lsl_const</name>
         <load_address>0xafc6</load_address>
         <run_address>0xafc6</run_address>
         <size>0x3e</size>
         <input_file_ref idref="fl-55"/>
      </object_component>
      <object_component id="oc-f0">
         <name>.text:draw_borders</name>
         <load_address>0xb004</load_address>
         <run_address>0xb004</run_address>
         <size>0x3c</size>
         <input_file_ref idref="fl-4"/>
      </object_component>
      <object_component id="oc-1d6">
         <name>.text:init_button</name>
         <load_address>0xb040</load_address>
         <run_address>0xb040</run_address>
         <size>0x3a</size>
         <input_file_ref idref="fl-d"/>
      </object_component>
      <object_component id="oc-1bb">
         <name>.text:sprintf</name>
         <load_address>0xb07a</load_address>
         <run_address>0xb07a</run_address>
         <size>0x38</size>
         <input_file_ref idref="fl-5f"/>
      </object_component>
      <object_component id="oc-237">
         <name>.text:tft_Color565</name>
         <load_address>0xb0b2</load_address>
         <run_address>0xb0b2</run_address>
         <size>0x38</size>
         <input_file_ref idref="fl-c"/>
      </object_component>
      <object_component id="oc-48a">
         <name>.text:_getarg_diouxp</name>
         <load_address>0xb0ea</load_address>
         <run_address>0xb0ea</run_address>
         <size>0x2e</size>
         <input_file_ref idref="fl-61"/>
      </object_component>
      <object_component id="oc-2a3">
         <name>.text:spi_set_divisor</name>
         <load_address>0xb118</load_address>
         <run_address>0xb118</run_address>
         <size>0x2e</size>
         <input_file_ref idref="fl-f"/>
      </object_component>
      <object_component id="oc-472">
         <name>.text</name>
         <load_address>0xb146</load_address>
         <run_address>0xb146</run_address>
         <size>0x2c</size>
         <input_file_ref idref="fl-54"/>
      </object_component>
      <object_component id="oc-17d">
         <name>.text:delay_ms</name>
         <load_address>0xb172</load_address>
         <run_address>0xb172</run_address>
         <size>0x2a</size>
         <input_file_ref idref="fl-2"/>
      </object_component>
      <object_component id="oc-183">
         <name>.text:spi_initialize</name>
         <load_address>0xb19c</load_address>
         <run_address>0xb19c</run_address>
         <size>0x2a</size>
         <input_file_ref idref="fl-f"/>
      </object_component>
      <object_component id="oc-301">
         <name>.text</name>
         <load_address>0xb1c6</load_address>
         <run_address>0xb1c6</run_address>
         <size>0x26</size>
         <input_file_ref idref="fl-5c"/>
      </object_component>
      <object_component id="oc-212">
         <name>.text:__mpyul</name>
         <load_address>0xb1ec</load_address>
         <run_address>0xb1ec</run_address>
         <size>0x22</size>
         <input_file_ref idref="fl-5b"/>
      </object_component>
      <object_component id="oc-1dc">
         <name>.text:init_systimer</name>
         <load_address>0xb20e</load_address>
         <run_address>0xb20e</run_address>
         <size>0x20</size>
         <input_file_ref idref="fl-d"/>
      </object_component>
      <object_component id="oc-19c">
         <name>.text:tft_fillScreen</name>
         <load_address>0xb22e</load_address>
         <run_address>0xb22e</run_address>
         <size>0x20</size>
         <input_file_ref idref="fl-c"/>
      </object_component>
      <object_component id="oc-39c">
         <name>.text:spi_send</name>
         <load_address>0xb24e</load_address>
         <run_address>0xb24e</run_address>
         <size>0x1e</size>
         <input_file_ref idref="fl-f"/>
      </object_component>
      <object_component id="oc-1c2">
         <name>.text:tft_writeString</name>
         <load_address>0xb26c</load_address>
         <run_address>0xb26c</run_address>
         <size>0x1e</size>
         <input_file_ref idref="fl-b"/>
      </object_component>
      <object_component id="oc-453">
         <name>.text:memccpy</name>
         <load_address>0xb28a</load_address>
         <run_address>0xb28a</run_address>
         <size>0x1c</size>
         <input_file_ref idref="fl-64"/>
      </object_component>
      <object_component id="oc-38">
         <name>.text:_c_int00_noexit</name>
         <load_address>0xb2a6</load_address>
         <run_address>0xb2a6</run_address>
         <size>0x1a</size>
         <input_file_ref idref="fl-40"/>
      </object_component>
      <object_component id="oc-2d8">
         <name>.text:_outs</name>
         <load_address>0xb2c0</load_address>
         <run_address>0xb2c0</run_address>
         <size>0x1a</size>
         <input_file_ref idref="fl-5f"/>
      </object_component>
      <object_component id="oc-23e">
         <name>.text:tft_pushColor</name>
         <load_address>0xb2da</load_address>
         <run_address>0xb2da</run_address>
         <size>0x1a</size>
         <input_file_ref idref="fl-c"/>
      </object_component>
      <object_component id="oc-1b0">
         <name>.text:tft_setTextSize</name>
         <load_address>0xb2f4</load_address>
         <run_address>0xb2f4</run_address>
         <size>0x1a</size>
         <input_file_ref idref="fl-b"/>
      </object_component>
      <object_component id="oc-3ba">
         <name>.text:tft_spiwrite8</name>
         <load_address>0xb30e</load_address>
         <run_address>0xb30e</run_address>
         <size>0x1a</size>
         <input_file_ref idref="fl-c"/>
      </object_component>
      <object_component id="oc-2c2">
         <name>.text:tft_writecommand</name>
         <load_address>0xb328</load_address>
         <run_address>0xb328</run_address>
         <size>0x1a</size>
         <input_file_ref idref="fl-c"/>
      </object_component>
      <object_component id="oc-35f">
         <name>.text:tft_writedata16</name>
         <load_address>0xb342</load_address>
         <run_address>0xb342</run_address>
         <size>0x1a</size>
         <input_file_ref idref="fl-c"/>
      </object_component>
      <object_component id="oc-2c8">
         <name>.text:tft_writedata</name>
         <load_address>0xb35c</load_address>
         <run_address>0xb35c</run_address>
         <size>0x1a</size>
         <input_file_ref idref="fl-c"/>
      </object_component>
      <object_component id="oc-4a3">
         <name>.text:_div</name>
         <load_address>0xb376</load_address>
         <run_address>0xb376</run_address>
         <size>0x18</size>
         <input_file_ref idref="fl-61"/>
      </object_component>
      <object_component id="oc-1a2">
         <name>.text:tft_setCursor</name>
         <load_address>0xb38e</load_address>
         <run_address>0xb38e</run_address>
         <size>0x18</size>
         <input_file_ref idref="fl-b"/>
      </object_component>
      <object_component id="oc-358">
         <name>.text:tft_spiwrite16</name>
         <load_address>0xb3a6</load_address>
         <run_address>0xb3a6</run_address>
         <size>0x18</size>
         <input_file_ref idref="fl-c"/>
      </object_component>
      <object_component id="oc-244">
         <name>.text</name>
         <load_address>0xb3be</load_address>
         <run_address>0xb3be</run_address>
         <size>0x16</size>
         <input_file_ref idref="fl-46"/>
      </object_component>
      <object_component id="oc-2a9">
         <name>.text:spi_receive</name>
         <load_address>0xb3d4</load_address>
         <run_address>0xb3d4</run_address>
         <size>0x16</size>
         <input_file_ref idref="fl-f"/>
      </object_component>
      <object_component id="oc-44">
         <name>.text:decompress:ZI:__TI_zero_init</name>
         <load_address>0xb3ea</load_address>
         <run_address>0xb3ea</run_address>
         <size>0x14</size>
         <input_file_ref idref="fl-43"/>
      </object_component>
      <object_component id="oc-446">
         <name>.text:memset</name>
         <load_address>0xb3fe</load_address>
         <run_address>0xb3fe</run_address>
         <size>0x14</size>
         <input_file_ref idref="fl-65"/>
      </object_component>
      <object_component id="oc-346">
         <name>.text</name>
         <load_address>0xb412</load_address>
         <run_address>0xb412</run_address>
         <size>0x14</size>
         <input_file_ref idref="fl-5a"/>
      </object_component>
      <object_component id="oc-1a9">
         <name>.text:tft_setTextColor</name>
         <load_address>0xb426</load_address>
         <run_address>0xb426</run_address>
         <size>0x14</size>
         <input_file_ref idref="fl-b"/>
      </object_component>
      <object_component id="oc-2de">
         <name>.text:_outc</name>
         <load_address>0xb43a</load_address>
         <run_address>0xb43a</run_address>
         <size>0x12</size>
         <input_file_ref idref="fl-5f"/>
      </object_component>
      <object_component id="oc-7e">
         <name>.text:memcpy</name>
         <load_address>0xb44c</load_address>
         <run_address>0xb44c</run_address>
         <size>0x12</size>
         <input_file_ref idref="fl-58"/>
      </object_component>
      <object_component id="oc-d1">
         <name>.text</name>
         <load_address>0xb45e</load_address>
         <run_address>0xb45e</run_address>
         <size>0x10</size>
         <input_file_ref idref="fl-48"/>
      </object_component>
      <object_component id="oc-de">
         <name>.text:setup_timer_buttons</name>
         <load_address>0xb46e</load_address>
         <run_address>0xb46e</run_address>
         <size>0x10</size>
         <input_file_ref idref="fl-a"/>
      </object_component>
      <object_component id="oc-102">
         <name>.text:set_button1_text</name>
         <load_address>0xb47e</load_address>
         <run_address>0xb47e</run_address>
         <size>0xe</size>
         <input_file_ref idref="fl-4"/>
      </object_component>
      <object_component id="oc-108">
         <name>.text:set_button2_text</name>
         <load_address>0xb48c</load_address>
         <run_address>0xb48c</run_address>
         <size>0xe</size>
         <input_file_ref idref="fl-4"/>
      </object_component>
      <object_component id="oc-10e">
         <name>.text:set_button3_text</name>
         <load_address>0xb49a</load_address>
         <run_address>0xb49a</run_address>
         <size>0xe</size>
         <input_file_ref idref="fl-4"/>
      </object_component>
      <object_component id="oc-114">
         <name>.text:set_button4_text</name>
         <load_address>0xb4a8</load_address>
         <run_address>0xb4a8</run_address>
         <size>0xe</size>
         <input_file_ref idref="fl-4"/>
      </object_component>
      <object_component id="oc-3c4">
         <name>.text:strlen</name>
         <load_address>0xb4b6</load_address>
         <run_address>0xb4b6</run_address>
         <size>0xe</size>
         <input_file_ref idref="fl-66"/>
      </object_component>
      <object_component id="oc-190">
         <name>.text:tft_init_hw</name>
         <load_address>0xb4c4</load_address>
         <run_address>0xb4c4</run_address>
         <size>0xe</size>
         <input_file_ref idref="fl-c"/>
      </object_component>
      <object_component id="oc-5a">
         <name>.text:__TI_ISR_TRAP</name>
         <load_address>0xb4d2</load_address>
         <run_address>0xb4d2</run_address>
         <size>0x6</size>
         <input_file_ref idref="fl-53"/>
      </object_component>
      <object_component id="oc-65">
         <name>.text:_system_pre_init</name>
         <load_address>0xb4d8</load_address>
         <run_address>0xb4d8</run_address>
         <size>0x4</size>
         <input_file_ref idref="fl-5d"/>
      </object_component>
      <object_component id="oc-77">
         <name>.text:abort</name>
         <load_address>0xb4dc</load_address>
         <run_address>0xb4dc</run_address>
         <size>0x4</size>
         <input_file_ref idref="fl-49"/>
      </object_component>
      <object_component id="oc-4e5">
         <name>.cinit..bss.load</name>
         <load_address>0xbb56</load_address>
         <run_address>0xbb56</run_address>
         <size>0x4</size>
      </object_component>
      <object_component id="oc-4e3">
         <name>__TI_handler_table</name>
         <load_address>0xbb5a</load_address>
         <run_address>0xbb5a</run_address>
         <size>0x2</size>
      </object_component>
      <object_component id="oc-4e4">
         <name>__TI_cinit_table</name>
         <load_address>0xbb5c</load_address>
         <run_address>0xbb5c</run_address>
         <size>0x4</size>
      </object_component>
      <object_component id="oc-464">
         <name>.const:.string:font</name>
         <load_address>0xb4e0</load_address>
         <run_address>0xb4e0</run_address>
         <size>0x4fb</size>
         <input_file_ref idref="fl-b"/>
      </object_component>
      <object_component id="oc-34b">
         <name>.const:.string:_ctypes_</name>
         <load_address>0xb9dc</load_address>
         <run_address>0xb9dc</run_address>
         <size>0x101</size>
         <input_file_ref idref="fl-44"/>
      </object_component>
      <object_component id="oc-20d">
         <name>.const:.string</name>
         <load_address>0xbade</load_address>
         <run_address>0xbade</run_address>
         <size>0x2c</size>
         <input_file_ref idref="fl-4"/>
      </object_component>
      <object_component id="oc-1b8">
         <name>.const:.string</name>
         <load_address>0xbb0a</load_address>
         <run_address>0xbb0a</run_address>
         <size>0x24</size>
         <input_file_ref idref="fl-a"/>
      </object_component>
      <object_component id="oc-1e9">
         <name>.const:.string</name>
         <load_address>0xbb2e</load_address>
         <run_address>0xbb2e</run_address>
         <size>0x14</size>
         <input_file_ref idref="fl-8"/>
      </object_component>
      <object_component id="oc-44c">
         <name>.const:.string</name>
         <load_address>0xbb42</load_address>
         <run_address>0xbb42</run_address>
         <size>0x14</size>
         <input_file_ref idref="fl-61"/>
      </object_component>
      <object_component id="oc-2d">
         <name>.int02</name>
         <load_address>0xffe4</load_address>
         <run_address>0xffe4</run_address>
         <size>0x2</size>
         <input_file_ref idref="fl-d"/>
      </object_component>
      <object_component id="oc-2e">
         <name>.int03</name>
         <load_address>0xffe6</load_address>
         <run_address>0xffe6</run_address>
         <size>0x2</size>
         <input_file_ref idref="fl-4a"/>
      </object_component>
      <object_component id="oc-2f">
         <name>.int05</name>
         <load_address>0xffea</load_address>
         <run_address>0xffea</run_address>
         <size>0x2</size>
         <input_file_ref idref="fl-4b"/>
      </object_component>
      <object_component id="oc-30">
         <name>.int06</name>
         <load_address>0xffec</load_address>
         <run_address>0xffec</run_address>
         <size>0x2</size>
         <input_file_ref idref="fl-4c"/>
      </object_component>
      <object_component id="oc-31">
         <name>.int07</name>
         <load_address>0xffee</load_address>
         <run_address>0xffee</run_address>
         <size>0x2</size>
         <input_file_ref idref="fl-4d"/>
      </object_component>
      <object_component id="oc-32">
         <name>.int08</name>
         <load_address>0xfff0</load_address>
         <run_address>0xfff0</run_address>
         <size>0x2</size>
         <input_file_ref idref="fl-4e"/>
      </object_component>
      <object_component id="oc-33">
         <name>.int09</name>
         <load_address>0xfff2</load_address>
         <run_address>0xfff2</run_address>
         <size>0x2</size>
         <input_file_ref idref="fl-4f"/>
      </object_component>
      <object_component id="oc-34">
         <name>.int10</name>
         <load_address>0xfff4</load_address>
         <run_address>0xfff4</run_address>
         <size>0x2</size>
         <input_file_ref idref="fl-50"/>
      </object_component>
      <object_component id="oc-35">
         <name>.int12</name>
         <load_address>0xfff8</load_address>
         <run_address>0xfff8</run_address>
         <size>0x2</size>
         <input_file_ref idref="fl-51"/>
      </object_component>
      <object_component id="oc-36">
         <name>.int13</name>
         <load_address>0xfffa</load_address>
         <run_address>0xfffa</run_address>
         <size>0x2</size>
         <input_file_ref idref="fl-d"/>
      </object_component>
      <object_component id="oc-37">
         <name>.int14</name>
         <load_address>0xfffc</load_address>
         <run_address>0xfffc</run_address>
         <size>0x2</size>
         <input_file_ref idref="fl-52"/>
      </object_component>
      <object_component id="oc-53">
         <name>.reset</name>
         <load_address>0xfffe</load_address>
         <run_address>0xfffe</run_address>
         <size>0x2</size>
         <input_file_ref idref="fl-40"/>
      </object_component>
      <object_component id="oc-31a">
         <name>.common:flagReg</name>
         <uninitialized>true</uninitialized>
         <run_address>0x2c4</run_address>
         <size>0x2</size>
      </object_component>
      <object_component id="oc-462">
         <name>.common:_width</name>
         <uninitialized>true</uninitialized>
         <run_address>0x2bc</run_address>
         <size>0x2</size>
      </object_component>
      <object_component id="oc-463">
         <name>.common:_height</name>
         <uninitialized>true</uninitialized>
         <run_address>0x2ba</run_address>
         <size>0x2</size>
      </object_component>
      <object_component id="oc-401">
         <name>.common:cursor_y</name>
         <uninitialized>true</uninitialized>
         <run_address>0x2c0</run_address>
         <size>0x2</size>
      </object_component>
      <object_component id="oc-402">
         <name>.common:cursor_x</name>
         <uninitialized>true</uninitialized>
         <run_address>0x2be</run_address>
         <size>0x2</size>
      </object_component>
      <object_component id="oc-400">
         <name>.common:textsize</name>
         <uninitialized>true</uninitialized>
         <run_address>0x2ce</run_address>
         <size>0x2</size>
      </object_component>
      <object_component id="oc-3f3">
         <name>.common:textcolor</name>
         <uninitialized>true</uninitialized>
         <run_address>0x2cc</run_address>
         <size>0x2</size>
      </object_component>
      <object_component id="oc-3ef">
         <name>.common:textbgcolor</name>
         <uninitialized>true</uninitialized>
         <run_address>0x2ca</run_address>
         <size>0x2</size>
      </object_component>
      <object_component id="oc-3fc">
         <name>.common:wrap</name>
         <uninitialized>true</uninitialized>
         <run_address>0x2d0</run_address>
         <size>0x2</size>
      </object_component>
      <object_component id="oc-327">
         <name>.common:btn1</name>
         <uninitialized>true</uninitialized>
         <run_address>0x28c</run_address>
         <size>0x8</size>
      </object_component>
      <object_component id="oc-328">
         <name>.common:btn2</name>
         <uninitialized>true</uninitialized>
         <run_address>0x294</run_address>
         <size>0x8</size>
      </object_component>
      <object_component id="oc-329">
         <name>.common:btn3</name>
         <uninitialized>true</uninitialized>
         <run_address>0x29c</run_address>
         <size>0x8</size>
      </object_component>
      <object_component id="oc-32a">
         <name>.common:btn4</name>
         <uninitialized>true</uninitialized>
         <run_address>0x2a4</run_address>
         <size>0x8</size>
      </object_component>
      <object_component id="oc-32b">
         <name>.common:activeButton</name>
         <uninitialized>true</uninitialized>
         <run_address>0x2d3</run_address>
         <size>0x1</size>
      </object_component>
      <object_component id="oc-24a">
         <name>.common:bmp_header</name>
         <uninitialized>true</uninitialized>
         <run_address>0x284</run_address>
         <size>0x8</size>
      </object_component>
      <object_component id="oc-bb">
         <name>.common:selectedButton</name>
         <uninitialized>true</uninitialized>
         <run_address>0x2d4</run_address>
         <size>0x1</size>
      </object_component>
      <object_component id="oc-31d">
         <name>.common:ms_time</name>
         <uninitialized>true</uninitialized>
         <run_address>0x2ac</run_address>
         <size>0x4</size>
      </object_component>
      <object_component id="oc-318">
         <name>.common:time_btn_enable</name>
         <uninitialized>true</uninitialized>
         <run_address>0x2b0</run_address>
         <size>0x4</size>
      </object_component>
      <object_component id="oc-319">
         <name>.common:time_push</name>
         <uninitialized>true</uninitialized>
         <run_address>0x2b4</run_address>
         <size>0x4</size>
      </object_component>
      <object_component id="oc-381">
         <name>.common:name</name>
         <uninitialized>true</uninitialized>
         <run_address>0x270</run_address>
         <size>0x14</size>
      </object_component>
      <object_component id="oc-262">
         <name>.common:attacks</name>
         <uninitialized>true</uninitialized>
         <run_address>0x22a</run_address>
         <size>0x28</size>
      </object_component>
      <object_component id="oc-37f">
         <name>.common:start_pos</name>
         <uninitialized>true</uninitialized>
         <run_address>0x2c8</run_address>
         <size>0x2</size>
      </object_component>
      <object_component id="oc-1c9">
         <name>.common:fs</name>
         <uninitialized>true</uninitialized>
         <run_address>0x200</run_address>
         <size>0x2a</size>
      </object_component>
      <object_component id="oc-1d4">
         <name>.common:buffer</name>
         <uninitialized>true</uninitialized>
         <run_address>0x252</run_address>
         <size>0x1e</size>
      </object_component>
      <object_component id="oc-1d2">
         <name>.common:pres</name>
         <uninitialized>true</uninitialized>
         <run_address>0x2c6</run_address>
         <size>0x2</size>
      </object_component>
      <object_component id="oc-1b9">
         <name>.common:dres</name>
         <uninitialized>true</uninitialized>
         <run_address>0x2c2</run_address>
         <size>0x2</size>
      </object_component>
      <object_component id="oc-407">
         <name>.common:CardType</name>
         <uninitialized>true</uninitialized>
         <run_address>0x2d2</run_address>
         <size>0x1</size>
      </object_component>
      <object_component id="oc-49e">
         <name>.common:FatFs</name>
         <uninitialized>true</uninitialized>
         <run_address>0x2b8</run_address>
         <size>0x2</size>
      </object_component>
      <object_component id="oc-39">
         <name>.debug_info</name>
         <load_address>0x0</load_address>
         <run_address>0x0</run_address>
         <size>0x125</size>
         <input_file_ref idref="fl-40"/>
      </object_component>
      <object_component id="oc-48">
         <name>.debug_info</name>
         <load_address>0x125</load_address>
         <run_address>0x125</run_address>
         <size>0x16a</size>
         <input_file_ref idref="fl-43"/>
      </object_component>
      <object_component id="oc-51">
         <name>.debug_info</name>
         <load_address>0x28f</load_address>
         <run_address>0x28f</run_address>
         <size>0xaa</size>
         <input_file_ref idref="fl-40"/>
      </object_component>
      <object_component id="oc-55">
         <name>.debug_info</name>
         <load_address>0x339</load_address>
         <run_address>0x339</run_address>
         <size>0x108</size>
         <input_file_ref idref="fl-d"/>
      </object_component>
      <object_component id="oc-5d">
         <name>.debug_info</name>
         <load_address>0x441</load_address>
         <run_address>0x441</run_address>
         <size>0xc2</size>
         <input_file_ref idref="fl-53"/>
      </object_component>
      <object_component id="oc-60">
         <name>.debug_info</name>
         <load_address>0x503</load_address>
         <run_address>0x503</run_address>
         <size>0x10c</size>
         <input_file_ref idref="fl-d"/>
      </object_component>
      <object_component id="oc-66">
         <name>.debug_info</name>
         <load_address>0x60f</load_address>
         <run_address>0x60f</run_address>
         <size>0xfd</size>
         <input_file_ref idref="fl-5d"/>
      </object_component>
      <object_component id="oc-6c">
         <name>.debug_info</name>
         <load_address>0x70c</load_address>
         <run_address>0x70c</run_address>
         <size>0x153</size>
         <input_file_ref idref="fl-63"/>
      </object_component>
      <object_component id="oc-72">
         <name>.debug_info</name>
         <load_address>0x85f</load_address>
         <run_address>0x85f</run_address>
         <size>0x40f</size>
         <input_file_ref idref="fl-6"/>
      </object_component>
      <object_component id="oc-79">
         <name>.debug_info</name>
         <load_address>0xc6e</load_address>
         <run_address>0xc6e</run_address>
         <size>0xcc</size>
         <input_file_ref idref="fl-49"/>
      </object_component>
      <object_component id="oc-7f">
         <name>.debug_info</name>
         <load_address>0xd3a</load_address>
         <run_address>0xd3a</run_address>
         <size>0x157</size>
         <input_file_ref idref="fl-58"/>
      </object_component>
      <object_component id="oc-8c">
         <name>.debug_info</name>
         <load_address>0xe91</load_address>
         <run_address>0xe91</run_address>
         <size>0x46</size>
         <input_file_ref idref="fl-43"/>
      </object_component>
      <object_component id="oc-91">
         <name>.debug_info</name>
         <load_address>0xed7</load_address>
         <run_address>0xed7</run_address>
         <size>0x11f</size>
         <input_file_ref idref="fl-43"/>
      </object_component>
      <object_component id="oc-a1">
         <name>.debug_info</name>
         <load_address>0xff6</load_address>
         <run_address>0xff6</run_address>
         <size>0x84</size>
         <input_file_ref idref="fl-2"/>
      </object_component>
      <object_component id="oc-a7">
         <name>.debug_info</name>
         <load_address>0x107a</load_address>
         <run_address>0x107a</run_address>
         <size>0x84c</size>
         <input_file_ref idref="fl-6"/>
      </object_component>
      <object_component id="oc-a9">
         <name>.debug_info</name>
         <load_address>0x18c6</load_address>
         <run_address>0x18c6</run_address>
         <size>0x934</size>
         <input_file_ref idref="fl-a"/>
      </object_component>
      <object_component id="oc-ab">
         <name>.debug_info</name>
         <load_address>0x21fa</load_address>
         <run_address>0x21fa</run_address>
         <size>0x526</size>
         <input_file_ref idref="fl-d"/>
      </object_component>
      <object_component id="oc-b9">
         <name>.debug_info</name>
         <load_address>0x2720</load_address>
         <run_address>0x2720</run_address>
         <size>0x776</size>
         <input_file_ref idref="fl-4"/>
      </object_component>
      <object_component id="oc-bd">
         <name>.debug_info</name>
         <load_address>0x2e96</load_address>
         <run_address>0x2e96</run_address>
         <size>0x101</size>
         <input_file_ref idref="fl-3"/>
      </object_component>
      <object_component id="oc-d3">
         <name>.debug_info</name>
         <load_address>0x2f97</load_address>
         <run_address>0x2f97</run_address>
         <size>0xe1</size>
         <input_file_ref idref="fl-48"/>
      </object_component>
      <object_component id="oc-d7">
         <name>.debug_info</name>
         <load_address>0x3078</load_address>
         <run_address>0x3078</run_address>
         <size>0x2ba</size>
         <input_file_ref idref="fl-63"/>
      </object_component>
      <object_component id="oc-d9">
         <name>.debug_info</name>
         <load_address>0x3332</load_address>
         <run_address>0x3332</run_address>
         <size>0x21b</size>
         <input_file_ref idref="fl-a"/>
      </object_component>
      <object_component id="oc-df">
         <name>.debug_info</name>
         <load_address>0x354d</load_address>
         <run_address>0x354d</run_address>
         <size>0x143</size>
         <input_file_ref idref="fl-a"/>
      </object_component>
      <object_component id="oc-e5">
         <name>.debug_info</name>
         <load_address>0x3690</load_address>
         <run_address>0x3690</run_address>
         <size>0x388</size>
         <input_file_ref idref="fl-8"/>
      </object_component>
      <object_component id="oc-eb">
         <name>.debug_info</name>
         <load_address>0x3a18</load_address>
         <run_address>0x3a18</run_address>
         <size>0x3a1</size>
         <input_file_ref idref="fl-4"/>
      </object_component>
      <object_component id="oc-f1">
         <name>.debug_info</name>
         <load_address>0x3db9</load_address>
         <run_address>0x3db9</run_address>
         <size>0x139</size>
         <input_file_ref idref="fl-4"/>
      </object_component>
      <object_component id="oc-f7">
         <name>.debug_info</name>
         <load_address>0x3ef2</load_address>
         <run_address>0x3ef2</run_address>
         <size>0x317</size>
         <input_file_ref idref="fl-8"/>
      </object_component>
      <object_component id="oc-fd">
         <name>.debug_info</name>
         <load_address>0x4209</load_address>
         <run_address>0x4209</run_address>
         <size>0x244</size>
         <input_file_ref idref="fl-8"/>
      </object_component>
      <object_component id="oc-103">
         <name>.debug_info</name>
         <load_address>0x444d</load_address>
         <run_address>0x444d</run_address>
         <size>0x131</size>
         <input_file_ref idref="fl-4"/>
      </object_component>
      <object_component id="oc-109">
         <name>.debug_info</name>
         <load_address>0x457e</load_address>
         <run_address>0x457e</run_address>
         <size>0x131</size>
         <input_file_ref idref="fl-4"/>
      </object_component>
      <object_component id="oc-10f">
         <name>.debug_info</name>
         <load_address>0x46af</load_address>
         <run_address>0x46af</run_address>
         <size>0x131</size>
         <input_file_ref idref="fl-4"/>
      </object_component>
      <object_component id="oc-115">
         <name>.debug_info</name>
         <load_address>0x47e0</load_address>
         <run_address>0x47e0</run_address>
         <size>0x131</size>
         <input_file_ref idref="fl-4"/>
      </object_component>
      <object_component id="oc-11b">
         <name>.debug_info</name>
         <load_address>0x4911</load_address>
         <run_address>0x4911</run_address>
         <size>0x24f</size>
         <input_file_ref idref="fl-4"/>
      </object_component>
      <object_component id="oc-121">
         <name>.debug_info</name>
         <load_address>0x4b60</load_address>
         <run_address>0x4b60</run_address>
         <size>0x1fa</size>
         <input_file_ref idref="fl-8"/>
      </object_component>
      <object_component id="oc-127">
         <name>.debug_info</name>
         <load_address>0x4d5a</load_address>
         <run_address>0x4d5a</run_address>
         <size>0x24c</size>
         <input_file_ref idref="fl-4"/>
      </object_component>
      <object_component id="oc-12d">
         <name>.debug_info</name>
         <load_address>0x4fa6</load_address>
         <run_address>0x4fa6</run_address>
         <size>0x14c</size>
         <input_file_ref idref="fl-4"/>
      </object_component>
      <object_component id="oc-139">
         <name>.debug_info</name>
         <load_address>0x50f2</load_address>
         <run_address>0x50f2</run_address>
         <size>0x18b</size>
         <input_file_ref idref="fl-2"/>
      </object_component>
      <object_component id="oc-13e">
         <name>.debug_info</name>
         <load_address>0x527d</load_address>
         <run_address>0x527d</run_address>
         <size>0x228</size>
         <input_file_ref idref="fl-6"/>
      </object_component>
      <object_component id="oc-145">
         <name>.debug_info</name>
         <load_address>0x54a5</load_address>
         <run_address>0x54a5</run_address>
         <size>0x127</size>
         <input_file_ref idref="fl-58"/>
      </object_component>
      <object_component id="oc-146">
         <name>.debug_info</name>
         <load_address>0x55cc</load_address>
         <run_address>0x55cc</run_address>
         <size>0x2c</size>
         <input_file_ref idref="fl-43"/>
      </object_component>
      <object_component id="oc-159">
         <name>.debug_info</name>
         <load_address>0x55f8</load_address>
         <run_address>0x55f8</run_address>
         <size>0xbb</size>
         <input_file_ref idref="fl-4"/>
      </object_component>
      <object_component id="oc-15e">
         <name>.debug_info</name>
         <load_address>0x56b3</load_address>
         <run_address>0x56b3</run_address>
         <size>0xe8</size>
         <input_file_ref idref="fl-4"/>
      </object_component>
      <object_component id="oc-163">
         <name>.debug_info</name>
         <load_address>0x579b</load_address>
         <run_address>0x579b</run_address>
         <size>0x2a3</size>
         <input_file_ref idref="fl-4"/>
      </object_component>
      <object_component id="oc-168">
         <name>.debug_info</name>
         <load_address>0x5a3e</load_address>
         <run_address>0x5a3e</run_address>
         <size>0x67</size>
         <input_file_ref idref="fl-6"/>
      </object_component>
      <object_component id="oc-178">
         <name>.debug_info</name>
         <load_address>0x5aa5</load_address>
         <run_address>0x5aa5</run_address>
         <size>0x39</size>
         <input_file_ref idref="fl-63"/>
      </object_component>
      <object_component id="oc-17e">
         <name>.debug_info</name>
         <load_address>0x5ade</load_address>
         <run_address>0x5ade</run_address>
         <size>0x11b</size>
         <input_file_ref idref="fl-2"/>
      </object_component>
      <object_component id="oc-184">
         <name>.debug_info</name>
         <load_address>0x5bf9</load_address>
         <run_address>0x5bf9</run_address>
         <size>0x10a</size>
         <input_file_ref idref="fl-f"/>
      </object_component>
      <object_component id="oc-18a">
         <name>.debug_info</name>
         <load_address>0x5d03</load_address>
         <run_address>0x5d03</run_address>
         <size>0x228</size>
         <input_file_ref idref="fl-7"/>
      </object_component>
      <object_component id="oc-191">
         <name>.debug_info</name>
         <load_address>0x5f2b</load_address>
         <run_address>0x5f2b</run_address>
         <size>0x10a</size>
         <input_file_ref idref="fl-c"/>
      </object_component>
      <object_component id="oc-197">
         <name>.debug_info</name>
         <load_address>0x6035</load_address>
         <run_address>0x6035</run_address>
         <size>0x839</size>
         <input_file_ref idref="fl-c"/>
      </object_component>
      <object_component id="oc-19d">
         <name>.debug_info</name>
         <load_address>0x686e</load_address>
         <run_address>0x686e</run_address>
         <size>0x14d</size>
         <input_file_ref idref="fl-c"/>
      </object_component>
      <object_component id="oc-1a3">
         <name>.debug_info</name>
         <load_address>0x69bb</load_address>
         <run_address>0x69bb</run_address>
         <size>0x136</size>
         <input_file_ref idref="fl-b"/>
      </object_component>
      <object_component id="oc-1aa">
         <name>.debug_info</name>
         <load_address>0x6af1</load_address>
         <run_address>0x6af1</run_address>
         <size>0x125</size>
         <input_file_ref idref="fl-b"/>
      </object_component>
      <object_component id="oc-1b1">
         <name>.debug_info</name>
         <load_address>0x6c16</load_address>
         <run_address>0x6c16</run_address>
         <size>0x123</size>
         <input_file_ref idref="fl-b"/>
      </object_component>
      <object_component id="oc-1bc">
         <name>.debug_info</name>
         <load_address>0x6d39</load_address>
         <run_address>0x6d39</run_address>
         <size>0x17d</size>
         <input_file_ref idref="fl-5f"/>
      </object_component>
      <object_component id="oc-1c3">
         <name>.debug_info</name>
         <load_address>0x6eb6</load_address>
         <run_address>0x6eb6</run_address>
         <size>0x13b</size>
         <input_file_ref idref="fl-b"/>
      </object_component>
      <object_component id="oc-1cb">
         <name>.debug_info</name>
         <load_address>0x6ff1</load_address>
         <run_address>0x6ff1</run_address>
         <size>0x22c</size>
         <input_file_ref idref="fl-9"/>
      </object_component>
      <object_component id="oc-1d7">
         <name>.debug_info</name>
         <load_address>0x721d</load_address>
         <run_address>0x721d</run_address>
         <size>0x101</size>
         <input_file_ref idref="fl-d"/>
      </object_component>
      <object_component id="oc-1dd">
         <name>.debug_info</name>
         <load_address>0x731e</load_address>
         <run_address>0x731e</run_address>
         <size>0x105</size>
         <input_file_ref idref="fl-d"/>
      </object_component>
      <object_component id="oc-1e3">
         <name>.debug_info</name>
         <load_address>0x7423</load_address>
         <run_address>0x7423</run_address>
         <size>0x104</size>
         <input_file_ref idref="fl-4"/>
      </object_component>
      <object_component id="oc-1eb">
         <name>.debug_info</name>
         <load_address>0x7527</load_address>
         <run_address>0x7527</run_address>
         <size>0x174</size>
         <input_file_ref idref="fl-9"/>
      </object_component>
      <object_component id="oc-1f1">
         <name>.debug_info</name>
         <load_address>0x769b</load_address>
         <run_address>0x769b</run_address>
         <size>0x238</size>
         <input_file_ref idref="fl-9"/>
      </object_component>
      <object_component id="oc-1f7">
         <name>.debug_info</name>
         <load_address>0x78d3</load_address>
         <run_address>0x78d3</run_address>
         <size>0x2c9</size>
         <input_file_ref idref="fl-8"/>
      </object_component>
      <object_component id="oc-1fa">
         <name>.debug_info</name>
         <load_address>0x7b9c</load_address>
         <run_address>0x7b9c</run_address>
         <size>0x15c</size>
         <input_file_ref idref="fl-8"/>
      </object_component>
      <object_component id="oc-203">
         <name>.debug_info</name>
         <load_address>0x7cf8</load_address>
         <run_address>0x7cf8</run_address>
         <size>0x13a</size>
         <input_file_ref idref="fl-3f"/>
      </object_component>
      <object_component id="oc-213">
         <name>.debug_info</name>
         <load_address>0x7e32</load_address>
         <run_address>0x7e32</run_address>
         <size>0xd8</size>
         <input_file_ref idref="fl-5b"/>
      </object_component>
      <object_component id="oc-218">
         <name>.debug_info</name>
         <load_address>0x7f0a</load_address>
         <run_address>0x7f0a</run_address>
         <size>0xd9</size>
         <input_file_ref idref="fl-57"/>
      </object_component>
      <object_component id="oc-223">
         <name>.debug_info</name>
         <load_address>0x7fe3</load_address>
         <run_address>0x7fe3</run_address>
         <size>0x1ac</size>
         <input_file_ref idref="fl-c"/>
      </object_component>
      <object_component id="oc-230">
         <name>.debug_info</name>
         <load_address>0x818f</load_address>
         <run_address>0x818f</run_address>
         <size>0x21f</size>
         <input_file_ref idref="fl-c"/>
      </object_component>
      <object_component id="oc-238">
         <name>.debug_info</name>
         <load_address>0x83ae</load_address>
         <run_address>0x83ae</run_address>
         <size>0x158</size>
         <input_file_ref idref="fl-c"/>
      </object_component>
      <object_component id="oc-23f">
         <name>.debug_info</name>
         <load_address>0x8506</load_address>
         <run_address>0x8506</run_address>
         <size>0x14b</size>
         <input_file_ref idref="fl-c"/>
      </object_component>
      <object_component id="oc-247">
         <name>.debug_info</name>
         <load_address>0x8651</load_address>
         <run_address>0x8651</run_address>
         <size>0xd4</size>
         <input_file_ref idref="fl-46"/>
      </object_component>
      <object_component id="oc-24d">
         <name>.debug_info</name>
         <load_address>0x8725</load_address>
         <run_address>0x8725</run_address>
         <size>0x256</size>
         <input_file_ref idref="fl-b"/>
      </object_component>
      <object_component id="oc-264">
         <name>.debug_info</name>
         <load_address>0x897b</load_address>
         <run_address>0x897b</run_address>
         <size>0x172</size>
         <input_file_ref idref="fl-8"/>
      </object_component>
      <object_component id="oc-273">
         <name>.debug_info</name>
         <load_address>0x8aed</load_address>
         <run_address>0x8aed</run_address>
         <size>0x1d3</size>
         <input_file_ref idref="fl-b"/>
      </object_component>
      <object_component id="oc-279">
         <name>.debug_info</name>
         <load_address>0x8cc0</load_address>
         <run_address>0x8cc0</run_address>
         <size>0x1ae</size>
         <input_file_ref idref="fl-b"/>
      </object_component>
      <object_component id="oc-27f">
         <name>.debug_info</name>
         <load_address>0x8e6e</load_address>
         <run_address>0x8e6e</run_address>
         <size>0x2b7</size>
         <input_file_ref idref="fl-b"/>
      </object_component>
      <object_component id="oc-296">
         <name>.debug_info</name>
         <load_address>0x9125</load_address>
         <run_address>0x9125</run_address>
         <size>0x226</size>
         <input_file_ref idref="fl-4"/>
      </object_component>
      <object_component id="oc-2a4">
         <name>.debug_info</name>
         <load_address>0x934b</load_address>
         <run_address>0x934b</run_address>
         <size>0x15b</size>
         <input_file_ref idref="fl-f"/>
      </object_component>
      <object_component id="oc-2aa">
         <name>.debug_info</name>
         <load_address>0x94a6</load_address>
         <run_address>0x94a6</run_address>
         <size>0x108</size>
         <input_file_ref idref="fl-f"/>
      </object_component>
      <object_component id="oc-2b0">
         <name>.debug_info</name>
         <load_address>0x95ae</load_address>
         <run_address>0x95ae</run_address>
         <size>0x201</size>
         <input_file_ref idref="fl-7"/>
      </object_component>
      <object_component id="oc-2b6">
         <name>.debug_info</name>
         <load_address>0x97af</load_address>
         <run_address>0x97af</run_address>
         <size>0x261</size>
         <input_file_ref idref="fl-7"/>
      </object_component>
      <object_component id="oc-2ba">
         <name>.debug_info</name>
         <load_address>0x9a10</load_address>
         <run_address>0x9a10</run_address>
         <size>0x3ae</size>
         <input_file_ref idref="fl-b"/>
      </object_component>
      <object_component id="oc-2bc">
         <name>.debug_info</name>
         <load_address>0x9dbe</load_address>
         <run_address>0x9dbe</run_address>
         <size>0x25f</size>
         <input_file_ref idref="fl-c"/>
      </object_component>
      <object_component id="oc-2be">
         <name>.debug_info</name>
         <load_address>0xa01d</load_address>
         <run_address>0xa01d</run_address>
         <size>0x336</size>
         <input_file_ref idref="fl-e"/>
      </object_component>
      <object_component id="oc-2c3">
         <name>.debug_info</name>
         <load_address>0xa353</load_address>
         <run_address>0xa353</run_address>
         <size>0x13f</size>
         <input_file_ref idref="fl-c"/>
      </object_component>
      <object_component id="oc-2c9">
         <name>.debug_info</name>
         <load_address>0xa492</load_address>
         <run_address>0xa492</run_address>
         <size>0x139</size>
         <input_file_ref idref="fl-c"/>
      </object_component>
      <object_component id="oc-2d9">
         <name>.debug_info</name>
         <load_address>0xa5cb</load_address>
         <run_address>0xa5cb</run_address>
         <size>0x142</size>
         <input_file_ref idref="fl-5f"/>
      </object_component>
      <object_component id="oc-2df">
         <name>.debug_info</name>
         <load_address>0xa70d</load_address>
         <run_address>0xa70d</run_address>
         <size>0x117</size>
         <input_file_ref idref="fl-5f"/>
      </object_component>
      <object_component id="oc-2e5">
         <name>.debug_info</name>
         <load_address>0xa824</load_address>
         <run_address>0xa824</run_address>
         <size>0x25c</size>
         <input_file_ref idref="fl-61"/>
      </object_component>
      <object_component id="oc-2eb">
         <name>.debug_info</name>
         <load_address>0xaa80</load_address>
         <run_address>0xaa80</run_address>
         <size>0x1e2</size>
         <input_file_ref idref="fl-5f"/>
      </object_component>
      <object_component id="oc-2ed">
         <name>.debug_info</name>
         <load_address>0xac62</load_address>
         <run_address>0xac62</run_address>
         <size>0x174</size>
         <input_file_ref idref="fl-b"/>
      </object_component>
      <object_component id="oc-2f3">
         <name>.debug_info</name>
         <load_address>0xadd6</load_address>
         <run_address>0xadd6</run_address>
         <size>0x21c</size>
         <input_file_ref idref="fl-9"/>
      </object_component>
      <object_component id="oc-2f6">
         <name>.debug_info</name>
         <load_address>0xaff2</load_address>
         <run_address>0xaff2</run_address>
         <size>0x16a</size>
         <input_file_ref idref="fl-9"/>
      </object_component>
      <object_component id="oc-2fc">
         <name>.debug_info</name>
         <load_address>0xb15c</load_address>
         <run_address>0xb15c</run_address>
         <size>0x213</size>
         <input_file_ref idref="fl-7"/>
      </object_component>
      <object_component id="oc-302">
         <name>.debug_info</name>
         <load_address>0xb36f</load_address>
         <run_address>0xb36f</run_address>
         <size>0xd4</size>
         <input_file_ref idref="fl-5c"/>
      </object_component>
      <object_component id="oc-307">
         <name>.debug_info</name>
         <load_address>0xb443</load_address>
         <run_address>0xb443</run_address>
         <size>0xd3</size>
         <input_file_ref idref="fl-56"/>
      </object_component>
      <object_component id="oc-30e">
         <name>.debug_info</name>
         <load_address>0xb516</load_address>
         <run_address>0xb516</run_address>
         <size>0xd6</size>
         <input_file_ref idref="fl-47"/>
      </object_component>
      <object_component id="oc-32f">
         <name>.debug_info</name>
         <load_address>0xb5ec</load_address>
         <run_address>0xb5ec</run_address>
         <size>0x19a</size>
         <input_file_ref idref="fl-9"/>
      </object_component>
      <object_component id="oc-337">
         <name>.debug_info</name>
         <load_address>0xb786</load_address>
         <run_address>0xb786</run_address>
         <size>0x182</size>
         <input_file_ref idref="fl-9"/>
      </object_component>
      <object_component id="oc-33d">
         <name>.debug_info</name>
         <load_address>0xb908</load_address>
         <run_address>0xb908</run_address>
         <size>0x13e</size>
         <input_file_ref idref="fl-9"/>
      </object_component>
      <object_component id="oc-348">
         <name>.debug_info</name>
         <load_address>0xba46</load_address>
         <run_address>0xba46</run_address>
         <size>0xd4</size>
         <input_file_ref idref="fl-5a"/>
      </object_component>
      <object_component id="oc-34c">
         <name>.debug_info</name>
         <load_address>0xbb1a</load_address>
         <run_address>0xbb1a</run_address>
         <size>0xaf</size>
         <input_file_ref idref="fl-44"/>
      </object_component>
      <object_component id="oc-34f">
         <name>.debug_info</name>
         <load_address>0xbbc9</load_address>
         <run_address>0xbbc9</run_address>
         <size>0x137</size>
         <input_file_ref idref="fl-3f"/>
      </object_component>
      <object_component id="oc-359">
         <name>.debug_info</name>
         <load_address>0xbd00</load_address>
         <run_address>0xbd00</run_address>
         <size>0x14f</size>
         <input_file_ref idref="fl-c"/>
      </object_component>
      <object_component id="oc-360">
         <name>.debug_info</name>
         <load_address>0xbe4f</load_address>
         <run_address>0xbe4f</run_address>
         <size>0x13e</size>
         <input_file_ref idref="fl-c"/>
      </object_component>
      <object_component id="oc-369">
         <name>.debug_info</name>
         <load_address>0xbf8d</load_address>
         <run_address>0xbf8d</run_address>
         <size>0x1b2</size>
         <input_file_ref idref="fl-c"/>
      </object_component>
      <object_component id="oc-36f">
         <name>.debug_info</name>
         <load_address>0xc13f</load_address>
         <run_address>0xc13f</run_address>
         <size>0x1b2</size>
         <input_file_ref idref="fl-c"/>
      </object_component>
      <object_component id="oc-375">
         <name>.debug_info</name>
         <load_address>0xc2f1</load_address>
         <run_address>0xc2f1</run_address>
         <size>0x29b</size>
         <input_file_ref idref="fl-b"/>
      </object_component>
      <object_component id="oc-385">
         <name>.debug_info</name>
         <load_address>0xc58c</load_address>
         <run_address>0xc58c</run_address>
         <size>0x26f</size>
         <input_file_ref idref="fl-b"/>
      </object_component>
      <object_component id="oc-38c">
         <name>.debug_info</name>
         <load_address>0xc7fb</load_address>
         <run_address>0xc7fb</run_address>
         <size>0x193</size>
         <input_file_ref idref="fl-c"/>
      </object_component>
      <object_component id="oc-393">
         <name>.debug_info</name>
         <load_address>0xc98e</load_address>
         <run_address>0xc98e</run_address>
         <size>0x1d5</size>
         <input_file_ref idref="fl-b"/>
      </object_component>
      <object_component id="oc-39a">
         <name>.debug_info</name>
         <load_address>0xcb63</load_address>
         <run_address>0xcb63</run_address>
         <size>0x26d</size>
         <input_file_ref idref="fl-f"/>
      </object_component>
      <object_component id="oc-39d">
         <name>.debug_info</name>
         <load_address>0xcdd0</load_address>
         <run_address>0xcdd0</run_address>
         <size>0x119</size>
         <input_file_ref idref="fl-f"/>
      </object_component>
      <object_component id="oc-3ab">
         <name>.debug_info</name>
         <load_address>0xcee9</load_address>
         <run_address>0xcee9</run_address>
         <size>0x76</size>
         <input_file_ref idref="fl-e"/>
      </object_component>
      <object_component id="oc-3b0">
         <name>.debug_info</name>
         <load_address>0xcf5f</load_address>
         <run_address>0xcf5f</run_address>
         <size>0xc8</size>
         <input_file_ref idref="fl-3"/>
      </object_component>
      <object_component id="oc-3b5">
         <name>.debug_info</name>
         <load_address>0xd027</load_address>
         <run_address>0xd027</run_address>
         <size>0x103</size>
         <input_file_ref idref="fl-3"/>
      </object_component>
[...]
         <name>tft_writedata16</name>
         <value>0xb342</value>
         <object_component_ref idref="oc-35f"/>
      </symbol>
      <symbol id="sm-417">
         <name>tft_drawPixel</name>
         <value>0xac2a</value>
         <object_component_ref idref="oc-38b"/>
      </symbol>
      <symbol id="sm-418">
         <name>tft_init_hw</name>
         <value>0xb4c4</value>
         <object_component_ref idref="oc-190"/>
      </symbol>
      <symbol id="sm-419">
         <name>tft_setAddrWindow</name>
         <value>0xae22</value>
         <object_component_ref idref="oc-22f"/>
      </symbol>
      <symbol id="sm-41a">
         <name>tft_spiwrite16</name>
         <value>0xb3a6</value>
         <object_component_ref idref="oc-358"/>
      </symbol>
      <symbol id="sm-41b">
         <name>tft_fillRect</name>
         <value>0xa32e</value>
         <object_component_ref idref="oc-222"/>
      </symbol>
      <symbol id="sm-41c">
         <name>tft_spiwrite8</name>
         <value>0xb30e</value>
         <object_component_ref idref="oc-3ba"/>
      </symbol>
      <symbol id="sm-41d">
         <name>tft_writecommand</name>
         <value>0xb328</value>
         <object_component_ref idref="oc-2c2"/>
      </symbol>
      <symbol id="sm-41e">
         <name>tft_drawFastHLine</name>
         <value>0xa7a2</value>
         <object_component_ref idref="oc-368"/>
      </symbol>
      <symbol id="sm-41f">
         <name>tft_begin</name>
         <value>0x8300</value>
         <object_component_ref idref="oc-196"/>
      </symbol>
      <symbol id="sm-44d">
         <name>ms_timer_handler</name>
         <value>0xaeb6</value>
         <object_component_ref idref="oc-5f"/>
      </symbol>
      <symbol id="sm-44e">
         <name>__TI_int02</name>
         <value>0xffe4</value>
         <object_component_ref idref="oc-2d"/>
      </symbol>
      <symbol id="sm-44f">
         <name>__TI_int13</name>
         <value>0xfffa</value>
         <object_component_ref idref="oc-36"/>
      </symbol>
      <symbol id="sm-450">
         <name>init_systimer</name>
         <value>0xb20e</value>
         <object_component_ref idref="oc-1dc"/>
      </symbol>
      <symbol id="sm-451">
         <name>button_handler</name>
         <value>0xa826</value>
         <object_component_ref idref="oc-54"/>
      </symbol>
      <symbol id="sm-452">
         <name>init_button</name>
         <value>0xb040</value>
         <object_component_ref idref="oc-1d6"/>
      </symbol>
      <symbol id="sm-481">
         <name>spi_initialize</name>
         <value>0xb19c</value>
         <object_component_ref idref="oc-183"/>
      </symbol>
      <symbol id="sm-482">
         <name>spi_receive</name>
         <value>0xb3d4</value>
         <object_component_ref idref="oc-2a9"/>
      </symbol>
      <symbol id="sm-483">
         <name>spi_set_divisor</name>
         <value>0xb118</value>
         <object_component_ref idref="oc-2a3"/>
      </symbol>
      <symbol id="sm-484">
         <name>spi_send</name>
         <value>0xb24e</value>
         <object_component_ref idref="oc-39c"/>
      </symbol>
      <symbol id="sm-499">
         <name>atoi</name>
         <value>0xad34</value>
         <object_component_ref idref="oc-201"/>
      </symbol>
      <symbol id="sm-4a9">
         <name>_c_int00_noexit</name>
         <value>0xb2a6</value>
         <object_component_ref idref="oc-38"/>
      </symbol>
      <symbol id="sm-4aa">
         <name>_c_int00</name>
         <value>0xb2a6</value>
         <object_component_ref idref="oc-38"/>
      </symbol>
      <symbol id="sm-4ab">
         <name>_stack</name>
         <value>0x5b0</value>
         <object_component_ref idref="oc-50"/>
      </symbol>
      <symbol id="sm-4ac">
         <name>_reset_vector</name>
         <value>0xfffe</value>
         <object_component_ref idref="oc-53"/>
      </symbol>
      <symbol id="sm-4c6">
         <name>__TI_zero_init</name>
         <value>0xb3ea</value>
         <object_component_ref idref="oc-44"/>
      </symbol>
      <symbol id="sm-4d0">
         <name>_ctypes_</name>
         <value>0xb9dc</value>
         <object_component_ref idref="oc-34b"/>
      </symbol>
      <symbol id="sm-4db">
         <name>__mspabi_remu</name>
         <value>0xb3be</value>
         <object_component_ref idref="oc-244"/>
      </symbol>
      <symbol id="sm-4dc">
         <name>__mspabi_divu</name>
         <value>0xb3be</value>
         <object_component_ref idref="oc-244"/>
      </symbol>
      <symbol id="sm-4ea">
         <name>__mspabi_remul</name>
         <value>0xac86</value>
         <object_component_ref idref="oc-30b"/>
      </symbol>
      <symbol id="sm-4eb">
         <name>__mspabi_divul</name>
         <value>0xac86</value>
         <object_component_ref idref="oc-30b"/>
      </symbol>
      <symbol id="sm-4f4">
         <name>__mspabi_func_epilog_2</name>
         <value>0xb468</value>
         <object_component_ref idref="oc-d1"/>
      </symbol>
      <symbol id="sm-4f5">
         <name>__mspabi_func_epilog_3</name>
         <value>0xb466</value>
         <object_component_ref idref="oc-d1"/>
      </symbol>
      <symbol id="sm-4f6">
         <name>__mspabi_func_epilog_1</name>
         <value>0xb46a</value>
         <object_component_ref idref="oc-d1"/>
      </symbol>
      <symbol id="sm-4f7">
         <name>__mspabi_func_epilog_6</name>
         <value>0xb460</value>
         <object_component_ref idref="oc-d1"/>
      </symbol>
      <symbol id="sm-4f8">
         <name>__mspabi_func_epilog_7</name>
         <value>0xb45e</value>
         <object_component_ref idref="oc-d1"/>
      </symbol>
      <symbol id="sm-4f9">
         <name>__mspabi_func_epilog_4</name>
         <value>0xb464</value>
         <object_component_ref idref="oc-d1"/>
      </symbol>
      <symbol id="sm-4fa">
         <name>__mspabi_func_epilog_5</name>
         <value>0xb462</value>
         <object_component_ref idref="oc-d1"/>
      </symbol>
      <symbol id="sm-504">
         <name>C$$EXIT</name>
         <value>0xb4dc</value>
         <object_component_ref idref="oc-77"/>
      </symbol>
      <symbol id="sm-505">
         <name>abort</name>
         <value>0xb4dc</value>
         <object_component_ref idref="oc-77"/>
      </symbol>
      <symbol id="sm-508">
         <name>__TI_int03</name>
         <value>0xffe6</value>
         <object_component_ref idref="oc-2e"/>
      </symbol>
      <symbol id="sm-50b">
         <name>__TI_int05</name>
         <value>0xffea</value>
         <object_component_ref idref="oc-2f"/>
      </symbol>
      <symbol id="sm-50e">
         <name>__TI_int06</name>
         <value>0xffec</value>
         <object_component_ref idref="oc-30"/>
      </symbol>
      <symbol id="sm-511">
         <name>__TI_int07</name>
         <value>0xffee</value>
         <object_component_ref idref="oc-31"/>
      </symbol>
      <symbol id="sm-514">
         <name>__TI_int08</name>
         <value>0xfff0</value>
         <object_component_ref idref="oc-32"/>
      </symbol>
      <symbol id="sm-517">
         <name>__TI_int09</name>
         <value>0xfff2</value>
         <object_component_ref idref="oc-33"/>
      </symbol>
      <symbol id="sm-51a">
         <name>__TI_int10</name>
         <value>0xfff4</value>
         <object_component_ref idref="oc-34"/>
      </symbol>
      <symbol id="sm-51d">
         <name>__TI_int12</name>
         <value>0xfff8</value>
         <object_component_ref idref="oc-35"/>
      </symbol>
      <symbol id="sm-520">
         <name>__TI_int14</name>
         <value>0xfffc</value>
         <object_component_ref idref="oc-37"/>
      </symbol>
      <symbol id="sm-528">
         <name>__TI_ISR_TRAP</name>
         <value>0xb4d2</value>
         <object_component_ref idref="oc-5a"/>
      </symbol>
      <symbol id="sm-530">
         <name>__mspabi_slli</name>
         <value>0xb146</value>
         <object_component_ref idref="oc-472"/>
      </symbol>
      <symbol id="sm-531">
         <name>__mspabi_slli_9</name>
         <value>0xb15e</value>
         <object_component_ref idref="oc-472"/>
      </symbol>
      <symbol id="sm-532">
         <name>__mspabi_slli_8</name>
         <value>0xb160</value>
         <object_component_ref idref="oc-472"/>
      </symbol>
      <symbol id="sm-533">
         <name>__mspabi_slli_7</name>
         <value>0xb162</value>
         <object_component_ref idref="oc-472"/>
      </symbol>
      <symbol id="sm-534">
         <name>__mspabi_slli_6</name>
         <value>0xb164</value>
         <object_component_ref idref="oc-472"/>
      </symbol>
      <symbol id="sm-535">
         <name>__mspabi_slli_5</name>
         <value>0xb166</value>
         <object_component_ref idref="oc-472"/>
      </symbol>
      <symbol id="sm-536">
         <name>__mspabi_slli_4</name>
         <value>0xb168</value>
         <object_component_ref idref="oc-472"/>
      </symbol>
      <symbol id="sm-537">
         <name>__mspabi_slli_3</name>
         <value>0xb16a</value>
         <object_component_ref idref="oc-472"/>
      </symbol>
      <symbol id="sm-538">
         <name>__mspabi_slli_2</name>
         <value>0xb16c</value>
         <object_component_ref idref="oc-472"/>
      </symbol>
      <symbol id="sm-539">
         <name>__mspabi_slli_1</name>
         <value>0xb16e</value>
         <object_component_ref idref="oc-472"/>
      </symbol>
      <symbol id="sm-53a">
         <name>__mspabi_slli_15</name>
         <value>0xb152</value>
         <object_component_ref idref="oc-472"/>
      </symbol>
      <symbol id="sm-53b">
         <name>__mspabi_slli_14</name>
         <value>0xb154</value>
         <object_component_ref idref="oc-472"/>
      </symbol>
      <symbol id="sm-53c">
         <name>__mspabi_slli_13</name>
         <value>0xb156</value>
         <object_component_ref idref="oc-472"/>
      </symbol>
      <symbol id="sm-53d">
         <name>__mspabi_slli_12</name>
         <value>0xb158</value>
         <object_component_ref idref="oc-472"/>
      </symbol>
      <symbol id="sm-53e">
         <name>__mspabi_slli_11</name>
         <value>0xb15a</value>
         <object_component_ref idref="oc-472"/>
      </symbol>
      <symbol id="sm-53f">
         <name>__mspabi_slli_10</name>
         <value>0xb15c</value>
         <object_component_ref idref="oc-472"/>
      </symbol>
      <symbol id="sm-547">
         <name>__mspabi_slll_9</name>
         <value>0xafde</value>
         <object_component_ref idref="oc-408"/>
      </symbol>
      <symbol id="sm-548">
         <name>__mspabi_slll_8</name>
         <value>0xafe2</value>
         <object_component_ref idref="oc-408"/>
      </symbol>
      <symbol id="sm-549">
         <name>__mspabi_slll_7</name>
         <value>0xafe6</value>
         <object_component_ref idref="oc-408"/>
      </symbol>
      <symbol id="sm-54a">
         <name>__mspabi_slll_6</name>
         <value>0xafea</value>
         <object_component_ref idref="oc-408"/>
      </symbol>
      <symbol id="sm-54b">
         <name>__mspabi_slll_5</name>
         <value>0xafee</value>
         <object_component_ref idref="oc-408"/>
      </symbol>
      <symbol id="sm-54c">
         <name>__mspabi_slll_4</name>
         <value>0xaff2</value>
         <object_component_ref idref="oc-408"/>
      </symbol>
      <symbol id="sm-54d">
         <name>__mspabi_slll_3</name>
         <value>0xaff6</value>
         <object_component_ref idref="oc-408"/>
      </symbol>
      <symbol id="sm-54e">
         <name>__mspabi_slll_2</name>
         <value>0xaffa</value>
         <object_component_ref idref="oc-408"/>
      </symbol>
      <symbol id="sm-54f">
         <name>__mspabi_slll_1</name>
         <value>0xaffe</value>
         <object_component_ref idref="oc-408"/>
      </symbol>
      <symbol id="sm-550">
         <name>__mspabi_slll_15</name>
         <value>0xafc6</value>
         <object_component_ref idref="oc-408"/>
      </symbol>
      <symbol id="sm-551">
         <name>__mspabi_slll_14</name>
         <value>0xafca</value>
         <object_component_ref idref="oc-408"/>
      </symbol>
      <symbol id="sm-552">
         <name>__mspabi_slll_13</name>
         <value>0xafce</value>
         <object_component_ref idref="oc-408"/>
      </symbol>
      <symbol id="sm-553">
         <name>__mspabi_slll_12</name>
         <value>0xafd2</value>
         <object_component_ref idref="oc-408"/>
      </symbol>
      <symbol id="sm-554">
         <name>__mspabi_slll_11</name>
         <value>0xafd6</value>
         <object_component_ref idref="oc-408"/>
      </symbol>
      <symbol id="sm-555">
         <name>__mspabi_slll_10</name>
         <value>0xafda</value>
         <object_component_ref idref="oc-408"/>
      </symbol>
      <symbol id="sm-55d">
         <name>__mspabi_srli_8</name>
         <value>0xae00</value>
         <object_component_ref idref="oc-306"/>
      </symbol>
      <symbol id="sm-55e">
         <name>__mspabi_srli_9</name>
         <value>0xadfc</value>
         <object_component_ref idref="oc-306"/>
      </symbol>
      <symbol id="sm-55f">
         <name>__mspabi_srli_6</name>
         <value>0xae08</value>
         <object_component_ref idref="oc-306"/>
      </symbol>
      <symbol id="sm-560">
         <name>__mspabi_srli_7</name>
         <value>0xae04</value>
         <object_component_ref idref="oc-306"/>
      </symbol>
      <symbol id="sm-561">
         <name>__mspabi_srli_4</name>
         <value>0xae10</value>
         <object_component_ref idref="oc-306"/>
      </symbol>
      <symbol id="sm-562">
         <name>__mspabi_srli_5</name>
         <value>0xae0c</value>
         <object_component_ref idref="oc-306"/>
      </symbol>
      <symbol id="sm-563">
         <name>__mspabi_srli_2</name>
         <value>0xae18</value>
         <object_component_ref idref="oc-306"/>
      </symbol>
      <symbol id="sm-564">
         <name>__mspabi_srli_3</name>
         <value>0xae14</value>
         <object_component_ref idref="oc-306"/>
      </symbol>
      <symbol id="sm-565">
         <name>__mspabi_srli_1</name>
         <value>0xae1c</value>
         <object_component_ref idref="oc-306"/>
      </symbol>
      <symbol id="sm-566">
         <name>__mspabi_srli</name>
         <value>0xadd6</value>
         <object_component_ref idref="oc-306"/>
      </symbol>
      <symbol id="sm-567">
         <name>__mspabi_srli_15</name>
         <value>0xade4</value>
         <object_component_ref idref="oc-306"/>
      </symbol>
      <symbol id="sm-568">
         <name>__mspabi_srli_14</name>
         <value>0xade8</value>
         <object_component_ref idref="oc-306"/>
      </symbol>
      <symbol id="sm-569">
         <name>__mspabi_srli_13</name>
         <value>0xadec</value>
         <object_component_ref idref="oc-306"/>
      </symbol>
      <symbol id="sm-56a">
         <name>__mspabi_srli_12</name>
         <value>0xadf0</value>
         <object_component_ref idref="oc-306"/>
      </symbol>
      <symbol id="sm-56b">
         <name>__mspabi_srli_11</name>
         <value>0xadf4</value>
         <object_component_ref idref="oc-306"/>
      </symbol>
      <symbol id="sm-56c">
         <name>__mspabi_srli_10</name>
         <value>0xadf8</value>
         <object_component_ref idref="oc-306"/>
      </symbol>
      <symbol id="sm-574">
         <name>__mspabi_srll_8</name>
         <value>0xab9c</value>
         <object_component_ref idref="oc-217"/>
      </symbol>
      <symbol id="sm-575">
         <name>__mspabi_srll_9</name>
         <value>0xab96</value>
         <object_component_ref idref="oc-217"/>
      </symbol>
      <symbol id="sm-576">
         <name>__mspabi_srll_6</name>
         <value>0xaba8</value>
         <object_component_ref idref="oc-217"/>
      </symbol>
      <symbol id="sm-577">
         <name>__mspabi_srll_7</name>
         <value>0xaba2</value>
         <object_component_ref idref="oc-217"/>
      </symbol>
      <symbol id="sm-578">
         <name>__mspabi_srll_4</name>
         <value>0xabb4</value>
         <object_component_ref idref="oc-217"/>
      </symbol>
      <symbol id="sm-579">
         <name>__mspabi_srll_5</name>
         <value>0xabae</value>
         <object_component_ref idref="oc-217"/>
      </symbol>
      <symbol id="sm-57a">
         <name>__mspabi_srll_2</name>
         <value>0xabc0</value>
         <object_component_ref idref="oc-217"/>
      </symbol>
      <symbol id="sm-57b">
         <name>__mspabi_srll_3</name>
         <value>0xabba</value>
         <object_component_ref idref="oc-217"/>
      </symbol>
      <symbol id="sm-57c">
         <name>__mspabi_srll_1</name>
         <value>0xabc6</value>
         <object_component_ref idref="oc-217"/>
      </symbol>
      <symbol id="sm-57d">
         <name>__mspabi_srll_15</name>
         <value>0xab72</value>
         <object_component_ref idref="oc-217"/>
      </symbol>
      <symbol id="sm-57e">
         <name>__mspabi_srll_14</name>
         <value>0xab78</value>
         <object_component_ref idref="oc-217"/>
      </symbol>
      <symbol id="sm-57f">
         <name>__mspabi_srll_13</name>
         <value>0xab7e</value>
         <object_component_ref idref="oc-217"/>
      </symbol>
      <symbol id="sm-580">
         <name>__mspabi_srll_12</name>
         <value>0xab84</value>
         <object_component_ref idref="oc-217"/>
      </symbol>
      <symbol id="sm-581">
         <name>__mspabi_srll_11</name>
         <value>0xab8a</value>
         <object_component_ref idref="oc-217"/>
      </symbol>
      <symbol id="sm-582">
         <name>__mspabi_srll_10</name>
         <value>0xab90</value>
         <object_component_ref idref="oc-217"/>
      </symbol>
      <symbol id="sm-590">
         <name>memcpy</name>
         <value>0xb44c</value>
         <object_component_ref idref="oc-7e"/>
      </symbol>
      <symbol id="sm-59b">
         <name>__mspabi_mpyi</name>
         <value>0xb412</value>
         <object_component_ref idref="oc-346"/>
      </symbol>
      <symbol id="sm-5a6">
         <name>__mspabi_mpyul</name>
         <value>0xb1ec</value>
         <object_component_ref idref="oc-212"/>
      </symbol>
      <symbol id="sm-5b0">
         <name>__mspabi_mpyl</name>
         <value>0xb1c6</value>
         <object_component_ref idref="oc-301"/>
      </symbol>
      <symbol id="sm-5b9">
         <name>_system_pre_init</name>
         <value>0xb4d8</value>
         <object_component_ref idref="oc-65"/>
      </symbol>
      <symbol id="sm-5db">
         <name>sprintf</name>
         <value>0xb07a</value>
         <object_component_ref idref="oc-1bb"/>
      </symbol>
      <symbol id="sm-643">
         <name>__TI_printfi_minimal</name>
         <value>0x9ec6</value>
         <object_component_ref idref="oc-2e4"/>
      </symbol>
      <symbol id="sm-65a">
         <name>_auto_init</name>
         <value>0xab14</value>
         <object_component_ref idref="oc-6b"/>
      </symbol>
      <symbol id="sm-669">
         <name>memccpy</name>
         <value>0xb28a</value>
         <object_component_ref idref="oc-453"/>
      </symbol>
      <symbol id="sm-677">
         <name>memset</name>
         <value>0xb3fe</value>
         <object_component_ref idref="oc-446"/>
      </symbol>
      <symbol id="sm-684">
         <name>strlen</name>
         <value>0xb4b6</value>
         <object_component_ref idref="oc-3c4"/>
      </symbol>
      <symbol id="sm-685">
         <name>__TI_exit</name>
         <value>0x1</value>
      </symbol>
      <symbol id="sm-686">
         <name>__TI_args_main</name>
         <value>0x1</value>
      </symbol>
      <symbol id="sm-687">
         <name>__TI_INITARRAY_Base</name>
         <value>0x0</value>
      </symbol>
      <symbol id="sm-688">
         <name>__TI_INITARRAY_Limit</name>
         <value>0x0</value>
      </symbol>
   </symbol_table>
   <title>Link successful</title>
</link_info>
