<?xml version="1.0"?>
<link_info>
   <banner>MSP430 Linker PC v4.3.3</banner>
   <copyright>Copyright (c) 2003-2014 Texas Instruments Incorporated</copyright>
   <link_time>0x5545bde5</link_time>
   <link_errors>0x0</link_errors>
   <output_file>LCD_Adafruit.out</output_file>
   <entry_point>
      <name>_c_int00</name>
      <address>0xa288</address>
   </entry_point>
   <input_file_list>
      <input_file id="fl-2">
         <path>.\</path>
         <kind>object</kind>
         <file>flags.obj</file>
         <name>flags.obj</name>
      </input_file>
      <input_file id="fl-3">
         <path>.\</path>
         <kind>object</kind>
         <file>game_gfx.obj</file>
         <name>game_gfx.obj</name>
      </input_file>
      <input_file id="fl-4">
         <path>.\</path>
         <kind>object</kind>
         <file>glcdfont.obj</file>
         <name>glcdfont.obj</name>
      </input_file>
      <input_file id="fl-5">
         <path>.\</path>
         <kind>object</kind>
         <file>main.obj</file>
         <name>main.obj</name>
      </input_file>
      <input_file id="fl-6">
         <path>.\</path>
         <kind>object</kind>
         <file>mmc.obj</file>
         <name>mmc.obj</name>
      </input_file>
      <input_file id="fl-7">
         <path>.\</path>
         <kind>object</kind>
         <file>pff.obj</file>
         <name>pff.obj</name>
      </input_file>
      <input_file id="fl-8">
         <path>.\</path>
         <kind>object</kind>
         <file>setup.obj</file>
         <name>setup.obj</name>
      </input_file>
      <input_file id="fl-9">
         <path>.\</path>
         <kind>object</kind>
         <file>tft_gfx.obj</file>
         <name>tft_gfx.obj</name>
      </input_file>
      <input_file id="fl-a">
         <path>.\</path>
         <kind>object</kind>
         <file>tft_master.obj</file>
         <name>tft_master.obj</name>
      </input_file>
      <input_file id="fl-b">
         <path>.\</path>
         <kind>object</kind>
         <file>tmr_int.obj</file>
         <name>tmr_int.obj</name>
      </input_file>
      <input_file id="fl-c">
         <path>.\</path>
         <kind>object</kind>
         <file>usci_spi.obj</file>
         <name>usci_spi.obj</name>
      </input_file>
      <input_file id="fl-3a">
         <path>c:\ti\ccsv6\tools\compiler\msp430_4.3.3\lib\</path>
         <kind>archive</kind>
         <file>rts430_eabi.lib</file>
         <name>abs.obj</name>
      </input_file>
      <input_file id="fl-3b">
         <path>c:\ti\ccsv6\tools\compiler\msp430_4.3.3\lib\</path>
         <kind>archive</kind>
         <file>rts430_eabi.lib</file>
         <name>asr16.obj</name>
      </input_file>
      <input_file id="fl-3c">
         <path>c:\ti\ccsv6\tools\compiler\msp430_4.3.3\lib\</path>
         <kind>archive</kind>
         <file>rts430_eabi.lib</file>
         <name>boot.obj</name>
      </input_file>
      <input_file id="fl-3d">
         <path>c:\ti\ccsv6\tools\compiler\msp430_4.3.3\lib\</path>
         <kind>archive</kind>
         <file>rts430_eabi.lib</file>
         <name>copy_decompress_none.obj</name>
      </input_file>
      <input_file id="fl-3e">
         <path>c:\ti\ccsv6\tools\compiler\msp430_4.3.3\lib\</path>
         <kind>archive</kind>
         <file>rts430_eabi.lib</file>
         <name>copy_decompress_rle.obj</name>
      </input_file>
      <input_file id="fl-3f">
         <path>c:\ti\ccsv6\tools\compiler\msp430_4.3.3\lib\</path>
         <kind>archive</kind>
         <file>rts430_eabi.lib</file>
         <name>copy_zero_init.obj</name>
      </input_file>
      <input_file id="fl-40">
         <path>c:\ti\ccsv6\tools\compiler\msp430_4.3.3\lib\</path>
         <kind>archive</kind>
         <file>rts430_eabi.lib</file>
         <name>div16s.obj</name>
      </input_file>
      <input_file id="fl-41">
         <path>c:\ti\ccsv6\tools\compiler\msp430_4.3.3\lib\</path>
         <kind>archive</kind>
         <file>rts430_eabi.lib</file>
         <name>div16u.obj</name>
      </input_file>
      <input_file id="fl-42">
         <path>c:\ti\ccsv6\tools\compiler\msp430_4.3.3\lib\</path>
         <kind>archive</kind>
         <file>rts430_eabi.lib</file>
         <name>div32u.obj</name>
      </input_file>
      <input_file id="fl-43">
         <path>c:\ti\ccsv6\tools\compiler\msp430_4.3.3\lib\</path>
         <kind>archive</kind>
         <file>rts430_eabi.lib</file>
         <name>epilog.obj</name>
      </input_file>
      <input_file id="fl-44">
         <path>c:\ti\ccsv6\tools\compiler\msp430_4.3.3\lib\</path>
         <kind>archive</kind>
         <file>rts430_eabi.lib</file>
         <name>exit.obj</name>
      </input_file>
      <input_file id="fl-45">
         <path>c:\ti\ccsv6\tools\compiler\msp430_4.3.3\lib\</path>
         <kind>archive</kind>
         <file>rts430_eabi.lib</file>
         <name>int03.obj</name>
      </input_file>
      <input_file id="fl-46">
         <path>c:\ti\ccsv6\tools\compiler\msp430_4.3.3\lib\</path>
         <kind>archive</kind>
         <file>rts430_eabi.lib</file>
         <name>int05.obj</name>
      </input_file>
      <input_file id="fl-47">
         <path>c:\ti\ccsv6\tools\compiler\msp430_4.3.3\lib\</path>
         <kind>archive</kind>
         <file>rts430_eabi.lib</file>
         <name>int06.obj</name>
      </input_file>
      <input_file id="fl-48">
         <path>c:\ti\ccsv6\tools\compiler\msp430_4.3.3\lib\</path>
         <kind>archive</kind>
         <file>rts430_eabi.lib</file>
         <name>int07.obj</name>
      </input_file>
      <input_file id="fl-49">
         <path>c:\ti\ccsv6\tools\compiler\msp430_4.3.3\lib\</path>
         <kind>archive</kind>
         <file>rts430_eabi.lib</file>
         <name>int08.obj</name>
      </input_file>
      <input_file id="fl-4a">
         <path>c:\ti\ccsv6\tools\compiler\msp430_4.3.3\lib\</path>
         <kind>archive</kind>
         <file>rts430_eabi.lib</file>
         <name>int09.obj</name>
      </input_file>
      <input_file id="fl-4b">
         <path>c:\ti\ccsv6\tools\compiler\msp430_4.3.3\lib\</path>
         <kind>archive</kind>
         <file>rts430_eabi.lib</file>
         <name>int10.obj</name>
      </input_file>
      <input_file id="fl-4c">
         <path>c:\ti\ccsv6\tools\compiler\msp430_4.3.3\lib\</path>
         <kind>archive</kind>
         <file>rts430_eabi.lib</file>
         <name>int12.obj</name>
      </input_file>
      <input_file id="fl-4d">
         <path>c:\ti\ccsv6\tools\compiler\msp430_4.3.3\lib\</path>
         <kind>archive</kind>
         <file>rts430_eabi.lib</file>
         <name>int14.obj</name>
      </input_file>
      <input_file id="fl-4e">
         <path>c:\ti\ccsv6\tools\compiler\msp430_4.3.3\lib\</path>
         <kind>archive</kind>
         <file>rts430_eabi.lib</file>
         <name>isr_trap.obj</name>
      </input_file>
      <input_file id="fl-4f">
         <path>c:\ti\ccsv6\tools\compiler\msp430_4.3.3\lib\</path>
         <kind>archive</kind>
         <file>rts430_eabi.lib</file>
         <name>lsl16.obj</name>
      </input_file>
      <input_file id="fl-50">
         <path>c:\ti\ccsv6\tools\compiler\msp430_4.3.3\lib\</path>
         <kind>archive</kind>
         <file>rts430_eabi.lib</file>
         <name>lsl32.obj</name>
      </input_file>
      <input_file id="fl-51">
         <path>c:\ti\ccsv6\tools\compiler\msp430_4.3.3\lib\</path>
         <kind>archive</kind>
         <file>rts430_eabi.lib</file>
         <name>lsr16.obj</name>
      </input_file>
      <input_file id="fl-52">
         <path>c:\ti\ccsv6\tools\compiler\msp430_4.3.3\lib\</path>
         <kind>archive</kind>
         <file>rts430_eabi.lib</file>
         <name>lsr32.obj</name>
      </input_file>
      <input_file id="fl-53">
         <path>c:\ti\ccsv6\tools\compiler\msp430_4.3.3\lib\</path>
         <kind>archive</kind>
         <file>rts430_eabi.lib</file>
         <name>memcpy.obj</name>
      </input_file>
      <input_file id="fl-54">
         <path>c:\ti\ccsv6\tools\compiler\msp430_4.3.3\lib\</path>
         <kind>archive</kind>
         <file>rts430_eabi.lib</file>
         <name>mpu_init.obj</name>
      </input_file>
      <input_file id="fl-55">
         <path>c:\ti\ccsv6\tools\compiler\msp430_4.3.3\lib\</path>
         <kind>archive</kind>
         <file>rts430_eabi.lib</file>
         <name>mult16.obj</name>
      </input_file>
      <input_file id="fl-56">
         <path>c:\ti\ccsv6\tools\compiler\msp430_4.3.3\lib\</path>
         <kind>archive</kind>
         <file>rts430_eabi.lib</file>
         <name>mult1632.obj</name>
      </input_file>
      <input_file id="fl-57">
         <path>c:\ti\ccsv6\tools\compiler\msp430_4.3.3\lib\</path>
         <kind>archive</kind>
         <file>rts430_eabi.lib</file>
         <name>mult32.obj</name>
      </input_file>
      <input_file id="fl-58">
         <path>c:\ti\ccsv6\tools\compiler\msp430_4.3.3\lib\</path>
         <kind>archive</kind>
         <file>rts430_eabi.lib</file>
         <name>pre_init.obj</name>
      </input_file>
      <input_file id="fl-59">
         <path>c:\ti\ccsv6\tools\compiler\msp430_4.3.3\lib\</path>
         <kind>archive</kind>
         <file>rts430_eabi.lib</file>
         <name>sprintf.obj</name>
      </input_file>
      <input_file id="fl-5a">
         <path>c:\ti\ccsv6\tools\compiler\msp430_4.3.3\lib\</path>
         <kind>archive</kind>
         <file>rts430_eabi.lib</file>
         <name>_lock.obj</name>
      </input_file>
      <input_file id="fl-5b">
         <path>c:\ti\ccsv6\tools\compiler\msp430_4.3.3\lib\</path>
         <kind>archive</kind>
         <file>rts430_eabi.lib</file>
         <name>_printfi_min.obj</name>
      </input_file>
      <input_file id="fl-5c">
         <path>c:\ti\ccsv6\tools\compiler\msp430_4.3.3\lib\</path>
         <kind>archive</kind>
         <file>rts430_eabi.lib</file>
         <name>args_main.obj</name>
      </input_file>
      <input_file id="fl-5d">
         <path>c:\ti\ccsv6\tools\compiler\msp430_4.3.3\lib\</path>
         <kind>archive</kind>
         <file>rts430_eabi.lib</file>
         <name>autoinit.obj</name>
      </input_file>
      <input_file id="fl-5e">
         <path>c:\ti\ccsv6\tools\compiler\msp430_4.3.3\lib\</path>
         <kind>archive</kind>
         <file>rts430_eabi.lib</file>
         <name>memccpy.obj</name>
      </input_file>
      <input_file id="fl-5f">
         <path>c:\ti\ccsv6\tools\compiler\msp430_4.3.3\lib\</path>
         <kind>archive</kind>
         <file>rts430_eabi.lib</file>
         <name>memset.obj</name>
      </input_file>
      <input_file id="fl-60">
         <path>c:\ti\ccsv6\tools\compiler\msp430_4.3.3\lib\</path>
         <kind>archive</kind>
         <file>rts430_eabi.lib</file>
         <name>strlen.obj</name>
      </input_file>
   </input_file_list>
   <object_component_list>
      <object_component id="oc-50">
         <name>.stack</name>
         <uninitialized>true</uninitialized>
         <run_address>0x5b0</run_address>
         <size>0x2</size>
         <input_file_ref idref="fl-3c"/>
      </object_component>
      <object_component id="oc-453">
         <name>.stack</name>
         <uninitialized>true</uninitialized>
         <run_address>0x5b0</run_address>
         <size>0x0</size>
      </object_component>
      <object_component id="oc-166">
         <name>.text:tft_begin</name>
         <load_address>0x8000</load_address>
         <run_address>0x8000</run_address>
         <size>0x2de</size>
         <input_file_ref idref="fl-a"/>
      </object_component>
      <object_component id="oc-189">
         <name>.text:pf_mount</name>
         <load_address>0x82de</load_address>
         <run_address>0x82de</run_address>
         <size>0x22c</size>
         <input_file_ref idref="fl-7"/>
      </object_component>
      <object_component id="oc-e4">
         <name>.text:get_pokemon</name>
         <load_address>0x850a</load_address>
         <run_address>0x850a</run_address>
         <size>0x1e0</size>
         <input_file_ref idref="fl-3"/>
      </object_component>
      <object_component id="oc-159">
         <name>.text:disk_initialize</name>
         <load_address>0x86ea</load_address>
         <run_address>0x86ea</run_address>
         <size>0x146</size>
         <input_file_ref idref="fl-6"/>
      </object_component>
      <object_component id="oc-20f">
         <name>.text:tft_drawCircle</name>
         <load_address>0x8830</load_address>
         <run_address>0x8830</run_address>
         <size>0x12a</size>
         <input_file_ref idref="fl-9"/>
      </object_component>
      <object_component id="oc-1bf">
         <name>.text:pf_read</name>
         <load_address>0x895a</load_address>
         <run_address>0x895a</run_address>
         <size>0x11e</size>
         <input_file_ref idref="fl-7"/>
      </object_component>
      <object_component id="oc-351">
         <name>.text:_setfield</name>
         <load_address>0x8a78</load_address>
         <run_address>0x8a78</run_address>
         <size>0x116</size>
         <input_file_ref idref="fl-5b"/>
      </object_component>
      <object_component id="oc-375">
         <name>.text:tft_drawChar</name>
         <load_address>0x8b8e</load_address>
         <run_address>0x8b8e</run_address>
         <size>0x114</size>
         <input_file_ref idref="fl-9"/>
      </object_component>
      <object_component id="oc-f0">
         <name>.text:draw_health</name>
         <load_address>0x8ca2</load_address>
         <run_address>0x8ca2</run_address>
         <size>0xfa</size>
         <input_file_ref idref="fl-3"/>
      </object_component>
      <object_component id="oc-308">
         <name>.text:tft_drawCircleHelper</name>
         <load_address>0x8d9c</load_address>
         <run_address>0x8d9c</run_address>
         <size>0xd2</size>
         <input_file_ref idref="fl-9"/>
      </object_component>
      <object_component id="oc-1fc">
         <name>.text:tft_drawRoundRect</name>
         <load_address>0x8e6e</load_address>
         <run_address>0x8e6e</run_address>
         <size>0xd0</size>
         <input_file_ref idref="fl-9"/>
      </object_component>
      <object_component id="oc-2a1">
         <name>.text:__TI_printfi_minimal</name>
         <load_address>0x8f3e</load_address>
         <run_address>0x8f3e</run_address>
         <size>0xca</size>
         <input_file_ref idref="fl-5b"/>
      </object_component>
      <object_component id="oc-310">
         <name>.text:tft_fillCircleHelper</name>
         <load_address>0x9008</load_address>
         <run_address>0x9008</run_address>
         <size>0xc8</size>
         <input_file_ref idref="fl-9"/>
      </object_component>
      <object_component id="oc-2d7">
         <name>.text:get_fat</name>
         <load_address>0x90d0</load_address>
         <run_address>0x90d0</run_address>
         <size>0xba</size>
         <input_file_ref idref="fl-7"/>
      </object_component>
      <object_component id="oc-d8">
         <name>.text:setup_lcd_fs</name>
         <load_address>0x918a</load_address>
         <run_address>0x918a</run_address>
         <size>0xb8</size>
         <input_file_ref idref="fl-8"/>
      </object_component>
      <object_component id="oc-1b9">
         <name>.text:pf_open</name>
         <load_address>0x9242</load_address>
         <run_address>0x9242</run_address>
         <size>0xae</size>
         <input_file_ref idref="fl-7"/>
      </object_component>
      <object_component id="oc-2cf">
         <name>.text:follow_path</name>
         <load_address>0x92f0</load_address>
         <run_address>0x92f0</run_address>
         <size>0xac</size>
         <input_file_ref idref="fl-7"/>
      </object_component>
      <object_component id="oc-231">
         <name>.text:drawButton</name>
         <load_address>0x939c</load_address>
         <run_address>0x939c</run_address>
         <size>0xaa</size>
         <input_file_ref idref="fl-3"/>
      </object_component>
      <object_component id="oc-3ea">
         <name>.text:dir_next</name>
         <load_address>0x9446</load_address>
         <run_address>0x9446</run_address>
         <size>0x9a</size>
         <input_file_ref idref="fl-7"/>
      </object_component>
      <object_component id="oc-71">
         <name>.text:main</name>
         <load_address>0x94e0</load_address>
         <run_address>0x94e0</run_address>
         <size>0x9a</size>
         <input_file_ref idref="fl-5"/>
      </object_component>
      <object_component id="oc-273">
         <name>.text:check_fs</name>
         <load_address>0x957a</load_address>
         <run_address>0x957a</run_address>
         <size>0x90</size>
         <input_file_ref idref="fl-7"/>
      </object_component>
      <object_component id="oc-24d">
         <name>.text:send_cmd</name>
         <load_address>0x960a</load_address>
         <run_address>0x960a</run_address>
         <size>0x90</size>
         <input_file_ref idref="fl-6"/>
      </object_component>
      <object_component id="oc-387">
         <name>.text:create_name</name>
         <load_address>0x969a</load_address>
         <run_address>0x969a</run_address>
         <size>0x8a</size>
         <input_file_ref idref="fl-7"/>
      </object_component>
      <object_component id="oc-279">
         <name>.text:disk_readp</name>
         <load_address>0x9724</load_address>
         <run_address>0x9724</run_address>
         <size>0x86</size>
         <input_file_ref idref="fl-6"/>
      </object_component>
      <object_component id="oc-1d6">
         <name>.text:tft_fillRect</name>
         <load_address>0x97aa</load_address>
         <run_address>0x97aa</run_address>
         <size>0x80</size>
         <input_file_ref idref="fl-a"/>
      </object_component>
      <object_component id="oc-2a9">
         <name>.text:tft_write</name>
         <load_address>0x982a</load_address>
         <run_address>0x982a</run_address>
         <size>0x7e</size>
         <input_file_ref idref="fl-9"/>
      </object_component>
      <object_component id="oc-54">
         <name>.text:button_handler</name>
         <load_address>0x98a8</load_address>
         <run_address>0x98a8</run_address>
         <size>0x7a</size>
         <input_file_ref idref="fl-b"/>
      </object_component>
      <object_component id="oc-38d">
         <name>.text:dir_find</name>
         <load_address>0x9922</load_address>
         <run_address>0x9922</run_address>
         <size>0x7a</size>
         <input_file_ref idref="fl-7"/>
      </object_component>
      <object_component id="oc-323">
         <name>.text:tft_fillRoundRect</name>
         <load_address>0x999c</load_address>
         <run_address>0x999c</run_address>
         <size>0x7a</size>
         <input_file_ref idref="fl-9"/>
      </object_component>
      <object_component id="oc-393">
         <name>.text:dir_rewind</name>
         <load_address>0x9a16</load_address>
         <run_address>0x9a16</run_address>
         <size>0x72</size>
         <input_file_ref idref="fl-7"/>
      </object_component>
      <object_component id="oc-fd">
         <name>.text:message_write</name>
         <load_address>0x9a88</load_address>
         <run_address>0x9a88</run_address>
         <size>0x6e</size>
         <input_file_ref idref="fl-3"/>
      </object_component>
      <object_component id="oc-103">
         <name>.text:updateButtons</name>
         <load_address>0x9af6</load_address>
         <run_address>0x9af6</run_address>
         <size>0x60</size>
         <input_file_ref idref="fl-3"/>
      </object_component>
      <object_component id="oc-6b">
         <name>.text:_auto_init</name>
         <load_address>0x9b56</load_address>
         <run_address>0x9b56</run_address>
         <size>0x5e</size>
         <input_file_ref idref="fl-5d"/>
      </object_component>
      <object_component id="oc-1ce">
         <name>.text:l_lsr_const</name>
         <load_address>0x9bb4</load_address>
         <run_address>0x9bb4</run_address>
         <size>0x5c</size>
         <input_file_ref idref="fl-52"/>
      </object_component>
      <object_component id="oc-1b1">
         <name>.text:initButtons</name>
         <load_address>0x9c10</load_address>
         <run_address>0x9c10</run_address>
         <size>0x5a</size>
         <input_file_ref idref="fl-3"/>
      </object_component>
      <object_component id="oc-28e">
         <name>.text</name>
         <load_address>0x9c6a</load_address>
         <run_address>0x9c6a</run_address>
         <size>0x58</size>
         <input_file_ref idref="fl-42"/>
      </object_component>
      <object_component id="oc-3fd">
         <name>.text:_ltostr</name>
         <load_address>0x9cc2</load_address>
         <run_address>0x9cc2</run_address>
         <size>0x56</size>
         <input_file_ref idref="fl-5b"/>
      </object_component>
      <object_component id="oc-2fc">
         <name>.text:tft_drawFastHLine</name>
         <load_address>0x9d18</load_address>
         <run_address>0x9d18</run_address>
         <size>0x50</size>
         <input_file_ref idref="fl-a"/>
      </object_component>
      <object_component id="oc-302">
         <name>.text:tft_drawFastVLine</name>
         <load_address>0x9d68</load_address>
         <run_address>0x9d68</run_address>
         <size>0x50</size>
         <input_file_ref idref="fl-a"/>
      </object_component>
      <object_component id="oc-3bd">
         <name>.text:_pproc_diouxp</name>
         <load_address>0x9db8</load_address>
         <run_address>0x9db8</run_address>
         <size>0x4e</size>
         <input_file_ref idref="fl-5b"/>
      </object_component>
      <object_component id="oc-289">
         <name>.text</name>
         <load_address>0x9e06</load_address>
         <run_address>0x9e06</run_address>
         <size>0x4c</size>
         <input_file_ref idref="fl-51"/>
      </object_component>
      <object_component id="oc-203">
         <name>.text:tft_drawRect</name>
         <load_address>0x9e52</load_address>
         <run_address>0x9e52</run_address>
         <size>0x4c</size>
         <input_file_ref idref="fl-9"/>
      </object_component>
      <object_component id="oc-357">
         <name>.text:_pproc_str</name>
         <load_address>0x9e9e</load_address>
         <run_address>0x9e9e</run_address>
         <size>0x48</size>
         <input_file_ref idref="fl-5b"/>
      </object_component>
      <object_component id="oc-5f">
         <name>.text:ms_timer_handler</name>
         <load_address>0x9ee6</load_address>
         <run_address>0x9ee6</run_address>
         <size>0x46</size>
         <input_file_ref idref="fl-b"/>
      </object_component>
      <object_component id="oc-2dd">
         <name>.text:clust2sect</name>
         <load_address>0x9f2c</load_address>
         <run_address>0x9f2c</run_address>
         <size>0x40</size>
         <input_file_ref idref="fl-7"/>
      </object_component>
      <object_component id="oc-27f">
         <name>.text:l_lsl_const</name>
         <load_address>0x9f6c</load_address>
         <run_address>0x9f6c</run_address>
         <size>0x3e</size>
         <input_file_ref idref="fl-50"/>
      </object_component>
      <object_component id="oc-ea">
         <name>.text:draw_borders</name>
         <load_address>0x9faa</load_address>
         <run_address>0x9faa</run_address>
         <size>0x3c</size>
         <input_file_ref idref="fl-3"/>
      </object_component>
      <object_component id="oc-f7">
         <name>.text:draw_names</name>
         <load_address>0x9fe6</load_address>
         <run_address>0x9fe6</run_address>
         <size>0x3c</size>
         <input_file_ref idref="fl-3"/>
      </object_component>
      <object_component id="oc-1a5">
         <name>.text:init_button</name>
         <load_address>0xa022</load_address>
         <run_address>0xa022</run_address>
         <size>0x3a</size>
         <input_file_ref idref="fl-b"/>
      </object_component>
      <object_component id="oc-317">
         <name>.text:tft_drawPixel</name>
         <load_address>0xa05c</load_address>
         <run_address>0xa05c</run_address>
         <size>0x3a</size>
         <input_file_ref idref="fl-a"/>
      </object_component>
      <object_component id="oc-193">
         <name>.text:sprintf</name>
         <load_address>0xa096</load_address>
         <run_address>0xa096</run_address>
         <size>0x38</size>
         <input_file_ref idref="fl-59"/>
      </object_component>
      <object_component id="oc-209">
         <name>.text:tft_fillCircle</name>
         <load_address>0xa0ce</load_address>
         <run_address>0xa0ce</run_address>
         <size>0x38</size>
         <input_file_ref idref="fl-9"/>
      </object_component>
      <object_component id="oc-1e2">
         <name>.text:tft_setAddrWindow</name>
         <load_address>0xa106</load_address>
         <run_address>0xa106</run_address>
         <size>0x34</size>
         <input_file_ref idref="fl-a"/>
      </object_component>
      <object_component id="oc-3f7">
         <name>.text:_getarg_diouxp</name>
         <load_address>0xa13a</load_address>
         <run_address>0xa13a</run_address>
         <size>0x2e</size>
         <input_file_ref idref="fl-5b"/>
      </object_component>
      <object_component id="oc-3df">
         <name>.text</name>
         <load_address>0xa168</load_address>
         <run_address>0xa168</run_address>
         <size>0x2c</size>
         <input_file_ref idref="fl-4f"/>
      </object_component>
      <object_component id="oc-153">
         <name>.text:spi_initialize</name>
         <load_address>0xa194</load_address>
         <run_address>0xa194</run_address>
         <size>0x2a</size>
         <input_file_ref idref="fl-c"/>
      </object_component>
      <object_component id="oc-284">
         <name>.text</name>
         <load_address>0xa1be</load_address>
         <run_address>0xa1be</run_address>
         <size>0x26</size>
         <input_file_ref idref="fl-57"/>
      </object_component>
      <object_component id="oc-1ee">
         <name>.text:tft_Color565</name>
         <load_address>0xa1e4</load_address>
         <run_address>0xa1e4</run_address>
         <size>0x24</size>
         <input_file_ref idref="fl-a"/>
      </object_component>
      <object_component id="oc-1c9">
         <name>.text:__mpyul</name>
         <load_address>0xa208</load_address>
         <run_address>0xa208</run_address>
         <size>0x22</size>
         <input_file_ref idref="fl-56"/>
      </object_component>
      <object_component id="oc-241">
         <name>.text:spi_set_divisor</name>
         <load_address>0xa22a</load_address>
         <run_address>0xa22a</run_address>
         <size>0x22</size>
         <input_file_ref idref="fl-c"/>
      </object_component>
      <object_component id="oc-1ab">
         <name>.text:init_systimer</name>
         <load_address>0xa24c</load_address>
         <run_address>0xa24c</run_address>
         <size>0x20</size>
         <input_file_ref idref="fl-b"/>
      </object_component>
      <object_component id="oc-3c3">
         <name>.text:memccpy</name>
         <load_address>0xa26c</load_address>
         <run_address>0xa26c</run_address>
         <size>0x1c</size>
         <input_file_ref idref="fl-5e"/>
      </object_component>
      <object_component id="oc-38">
         <name>.text:_c_int00_noexit</name>
         <load_address>0xa288</load_address>
         <run_address>0xa288</run_address>
         <size>0x1a</size>
         <input_file_ref idref="fl-3c"/>
      </object_component>
      <object_component id="oc-295">
         <name>.text:_outs</name>
         <load_address>0xa2a2</load_address>
         <run_address>0xa2a2</run_address>
         <size>0x1a</size>
         <input_file_ref idref="fl-59"/>
      </object_component>
      <object_component id="oc-14d">
         <name>.text:delay_ms</name>
         <load_address>0xa2bc</load_address>
         <run_address>0xa2bc</run_address>
         <size>0x1a</size>
         <input_file_ref idref="fl-a"/>
      </object_component>
      <object_component id="oc-16c">
         <name>.text:tft_fillScreen</name>
         <load_address>0xa2d6</load_address>
         <run_address>0xa2d6</run_address>
         <size>0x1a</size>
         <input_file_ref idref="fl-a"/>
      </object_component>
      <object_component id="oc-410">
         <name>.text:_div</name>
         <load_address>0xa2f0</load_address>
         <run_address>0xa2f0</run_address>
         <size>0x18</size>
         <input_file_ref idref="fl-5b"/>
      </object_component>
      <object_component id="oc-3e4">
         <name>.text:mem_cmp</name>
         <load_address>0xa308</load_address>
         <run_address>0xa308</run_address>
         <size>0x18</size>
         <input_file_ref idref="fl-7"/>
      </object_component>
      <object_component id="oc-1e9">
         <name>.text</name>
         <load_address>0xa320</load_address>
         <run_address>0xa320</run_address>
         <size>0x16</size>
         <input_file_ref idref="fl-41"/>
      </object_component>
      <object_component id="oc-247">
         <name>.text:spi_receive</name>
         <load_address>0xa336</load_address>
         <run_address>0xa336</run_address>
         <size>0x16</size>
         <input_file_ref idref="fl-c"/>
      </object_component>
      <object_component id="oc-32f">
         <name>.text:spi_send</name>
         <load_address>0xa34c</load_address>
         <run_address>0xa34c</run_address>
         <size>0x16</size>
         <input_file_ref idref="fl-c"/>
      </object_component>
      <object_component id="oc-19a">
         <name>.text:tft_writeString</name>
         <load_address>0xa362</load_address>
         <run_address>0xa362</run_address>
         <size>0x16</size>
         <input_file_ref idref="fl-9"/>
      </object_component>
      <object_component id="oc-44">
         <name>.text:decompress:ZI:__TI_zero_init</name>
         <load_address>0xa378</load_address>
         <run_address>0xa378</run_address>
         <size>0x14</size>
         <input_file_ref idref="fl-3f"/>
      </object_component>
      <object_component id="oc-3b6">
         <name>.text:memset</name>
         <load_address>0xa38c</load_address>
         <run_address>0xa38c</run_address>
         <size>0x14</size>
         <input_file_ref idref="fl-5f"/>
      </object_component>
      <object_component id="oc-21a">
         <name>.text</name>
         <load_address>0xa3a0</load_address>
         <run_address>0xa3a0</run_address>
         <size>0x14</size>
         <input_file_ref idref="fl-55"/>
      </object_component>
      <object_component id="oc-29b">
         <name>.text:_outc</name>
         <load_address>0xa3b4</load_address>
         <run_address>0xa3b4</run_address>
         <size>0x12</size>
         <input_file_ref idref="fl-59"/>
      </object_component>
      <object_component id="oc-7e">
         <name>.text:memcpy</name>
         <load_address>0xa3c6</load_address>
         <run_address>0xa3c6</run_address>
         <size>0x12</size>
         <input_file_ref idref="fl-53"/>
      </object_component>
      <object_component id="oc-1f5">
         <name>.text:tft_pushColor</name>
         <load_address>0xa3d8</load_address>
         <run_address>0xa3d8</run_address>
         <size>0x12</size>
         <input_file_ref idref="fl-a"/>
      </object_component>
      <object_component id="oc-180">
         <name>.text:tft_setTextSize</name>
         <load_address>0xa3ea</load_address>
         <run_address>0xa3ea</run_address>
         <size>0x12</size>
         <input_file_ref idref="fl-9"/>
      </object_component>
      <object_component id="oc-2ec">
         <name>.text:tft_spiwrite16</name>
         <load_address>0xa3fc</load_address>
         <run_address>0xa3fc</run_address>
         <size>0x12</size>
         <input_file_ref idref="fl-a"/>
      </object_component>
      <object_component id="oc-338">
         <name>.text:tft_spiwrite8</name>
         <load_address>0xa40e</load_address>
         <run_address>0xa40e</run_address>
         <size>0x12</size>
         <input_file_ref idref="fl-a"/>
      </object_component>
      <object_component id="oc-25a">
         <name>.text:tft_writecommand</name>
         <load_address>0xa420</load_address>
         <run_address>0xa420</run_address>
         <size>0x12</size>
         <input_file_ref idref="fl-a"/>
      </object_component>
      <object_component id="oc-2f3">
         <name>.text:tft_writedata16</name>
         <load_address>0xa432</load_address>
         <run_address>0xa432</run_address>
         <size>0x12</size>
         <input_file_ref idref="fl-a"/>
      </object_component>
      <object_component id="oc-260">
         <name>.text:tft_writedata</name>
         <load_address>0xa444</load_address>
         <run_address>0xa444</run_address>
         <size>0x12</size>
         <input_file_ref idref="fl-a"/>
      </object_component>
      <object_component id="oc-3d8">
         <name>.text:mem_set</name>
         <load_address>0xa456</load_address>
         <run_address>0xa456</run_address>
         <size>0x10</size>
         <input_file_ref idref="fl-7"/>
      </object_component>
      <object_component id="oc-d1">
         <name>.text</name>
         <load_address>0xa466</load_address>
         <run_address>0xa466</run_address>
         <size>0x10</size>
         <input_file_ref idref="fl-43"/>
      </object_component>
      <object_component id="oc-de">
         <name>.text:setup_timer_buttons</name>
         <load_address>0xa476</load_address>
         <run_address>0xa476</run_address>
         <size>0x10</size>
         <input_file_ref idref="fl-8"/>
      </object_component>
      <object_component id="oc-34b">
         <name>.text:strlen</name>
         <load_address>0xa486</load_address>
         <run_address>0xa486</run_address>
         <size>0xe</size>
         <input_file_ref idref="fl-60"/>
      </object_component>
      <object_component id="oc-160">
         <name>.text:tft_init_hw</name>
         <load_address>0xa494</load_address>
         <run_address>0xa494</run_address>
         <size>0xe</size>
         <input_file_ref idref="fl-a"/>
      </object_component>
      <object_component id="oc-172">
         <name>.text:tft_setCursor</name>
         <load_address>0xa4a2</load_address>
         <run_address>0xa4a2</run_address>
         <size>0xa</size>
         <input_file_ref idref="fl-9"/>
      </object_component>
      <object_component id="oc-179">
         <name>.text:tft_setTextColor</name>
         <load_address>0xa4ac</load_address>
         <run_address>0xa4ac</run_address>
         <size>0xa</size>
         <input_file_ref idref="fl-9"/>
      </object_component>
      <object_component id="oc-5a">
         <name>.text:__TI_ISR_TRAP</name>
         <load_address>0xa4b6</load_address>
         <run_address>0xa4b6</run_address>
         <size>0x6</size>
         <input_file_ref idref="fl-4e"/>
      </object_component>
      <object_component id="oc-65">
         <name>.text:_system_pre_init</name>
         <load_address>0xa4bc</load_address>
         <run_address>0xa4bc</run_address>
         <size>0x4</size>
         <input_file_ref idref="fl-58"/>
      </object_component>
      <object_component id="oc-77">
         <name>.text:abort</name>
         <load_address>0xa4c0</load_address>
         <run_address>0xa4c0</run_address>
         <size>0x4</size>
         <input_file_ref idref="fl-44"/>
      </object_component>
      <object_component id="oc-452">
         <name>.cinit..bss.load</name>
         <load_address>0xaac4</load_address>
         <run_address>0xaac4</run_address>
         <size>0x4</size>
      </object_component>
      <object_component id="oc-450">
         <name>__TI_handler_table</name>
         <load_address>0xaac8</load_address>
         <run_address>0xaac8</run_address>
         <size>0x2</size>
      </object_component>
      <object_component id="oc-451">
         <name>__TI_cinit_table</name>
         <load_address>0xaaca</load_address>
         <run_address>0xaaca</run_address>
         <size>0x4</size>
      </object_component>
      <object_component id="oc-3d4">
         <name>.const:.string:font</name>
         <load_address>0xa4c4</load_address>
         <run_address>0xa4c4</run_address>
         <size>0x4fb</size>
         <input_file_ref idref="fl-9"/>
      </object_component>
      <object_component id="oc-f6">
         <name>.const:.string</name>
         <load_address>0xa9c0</load_address>
         <run_address>0xa9c0</run_address>
         <size>0x7c</size>
         <input_file_ref idref="fl-5"/>
      </object_component>
      <object_component id="oc-1b8">
         <name>.const:.string</name>
         <load_address>0xaa3c</load_address>
         <run_address>0xaa3c</run_address>
         <size>0x48</size>
         <input_file_ref idref="fl-3"/>
      </object_component>
      <object_component id="oc-190">
         <name>.const:.string</name>
         <load_address>0xaa84</load_address>
         <run_address>0xaa84</run_address>
         <size>0x24</size>
         <input_file_ref idref="fl-8"/>
      </object_component>
      <object_component id="oc-3bc">
         <name>.const:.string</name>
         <load_address>0xaaa8</load_address>
         <run_address>0xaaa8</run_address>
         <size>0x14</size>
         <input_file_ref idref="fl-5b"/>
      </object_component>
      <object_component id="oc-220">
         <name>.const:MSG_COLOR</name>
         <load_address>0xaabc</load_address>
         <run_address>0xaabc</run_address>
         <size>0x8</size>
         <input_file_ref idref="fl-3"/>
      </object_component>
      <object_component id="oc-2d">
         <name>.int02</name>
         <load_address>0xffe4</load_address>
         <run_address>0xffe4</run_address>
         <size>0x2</size>
         <input_file_ref idref="fl-b"/>
      </object_component>
      <object_component id="oc-2e">
         <name>.int03</name>
         <load_address>0xffe6</load_address>
         <run_address>0xffe6</run_address>
         <size>0x2</size>
         <input_file_ref idref="fl-45"/>
      </object_component>
      <object_component id="oc-2f">
         <name>.int05</name>
         <load_address>0xffea</load_address>
         <run_address>0xffea</run_address>
         <size>0x2</size>
         <input_file_ref idref="fl-46"/>
      </object_component>
      <object_component id="oc-30">
         <name>.int06</name>
         <load_address>0xffec</load_address>
         <run_address>0xffec</run_address>
         <size>0x2</size>
         <input_file_ref idref="fl-47"/>
      </object_component>
      <object_component id="oc-31">
         <name>.int07</name>
         <load_address>0xffee</load_address>
         <run_address>0xffee</run_address>
         <size>0x2</size>
         <input_file_ref idref="fl-48"/>
      </object_component>
      <object_component id="oc-32">
         <name>.int08</name>
         <load_address>0xfff0</load_address>
         <run_address>0xfff0</run_address>
         <size>0x2</size>
         <input_file_ref idref="fl-49"/>
      </object_component>
      <object_component id="oc-33">
         <name>.int09</name>
         <load_address>0xfff2</load_address>
         <run_address>0xfff2</run_address>
         <size>0x2</size>
         <input_file_ref idref="fl-4a"/>
      </object_component>
      <object_component id="oc-34">
         <name>.int10</name>
         <load_address>0xfff4</load_address>
         <run_address>0xfff4</run_address>
         <size>0x2</size>
         <input_file_ref idref="fl-4b"/>
      </object_component>
      <object_component id="oc-35">
         <name>.int12</name>
         <load_address>0xfff8</load_address>
         <run_address>0xfff8</run_address>
         <size>0x2</size>
         <input_file_ref idref="fl-4c"/>
      </object_component>
      <object_component id="oc-36">
         <name>.int13</name>
         <load_address>0xfffa</load_address>
         <run_address>0xfffa</run_address>
         <size>0x2</size>
         <input_file_ref idref="fl-b"/>
      </object_component>
      <object_component id="oc-37">
         <name>.int14</name>
         <load_address>0xfffc</load_address>
         <run_address>0xfffc</run_address>
         <size>0x2</size>
         <input_file_ref idref="fl-4d"/>
      </object_component>
      <object_component id="oc-53">
         <name>.reset</name>
         <load_address>0xfffe</load_address>
         <run_address>0xfffe</run_address>
         <size>0x2</size>
         <input_file_ref idref="fl-3c"/>
      </object_component>
      <object_component id="oc-2b7">
         <name>.common:flagReg</name>
         <uninitialized>true</uninitialized>
         <run_address>0x288</run_address>
         <size>0x2</size>
      </object_component>
      <object_component id="oc-3d2">
         <name>.common:_width</name>
         <uninitialized>true</uninitialized>
         <run_address>0x280</run_address>
         <size>0x2</size>
      </object_component>
      <object_component id="oc-3d3">
         <name>.common:_height</name>
         <uninitialized>true</uninitialized>
         <run_address>0x27e</run_address>
         <size>0x2</size>
      </object_component>
      <object_component id="oc-384">
         <name>.common:cursor_y</name>
         <uninitialized>true</uninitialized>
         <run_address>0x284</run_address>
         <size>0x2</size>
      </object_component>
      <object_component id="oc-385">
         <name>.common:cursor_x</name>
         <uninitialized>true</uninitialized>
         <run_address>0x282</run_address>
         <size>0x2</size>
      </object_component>
      <object_component id="oc-383">
         <name>.common:textsize</name>
         <uninitialized>true</uninitialized>
         <run_address>0x290</run_address>
         <size>0x2</size>
      </object_component>
      <object_component id="oc-374">
         <name>.common:textcolor</name>
         <uninitialized>true</uninitialized>
         <run_address>0x28e</run_address>
         <size>0x2</size>
      </object_component>
      <object_component id="oc-370">
         <name>.common:textbgcolor</name>
         <uninitialized>true</uninitialized>
         <run_address>0x28c</run_address>
         <size>0x2</size>
      </object_component>
      <object_component id="oc-37d">
         <name>.common:wrap</name>
         <uninitialized>true</uninitialized>
         <run_address>0x292</run_address>
         <size>0x2</size>
      </object_component>
      <object_component id="oc-2c8">
         <name>.common:btn1</name>
         <uninitialized>true</uninitialized>
         <run_address>0x250</run_address>
         <size>0x8</size>
      </object_component>
      <object_component id="oc-2c9">
         <name>.common:btn2</name>
         <uninitialized>true</uninitialized>
         <run_address>0x258</run_address>
         <size>0x8</size>
      </object_component>
      <object_component id="oc-2ca">
         <name>.common:btn3</name>
         <uninitialized>true</uninitialized>
         <run_address>0x260</run_address>
         <size>0x8</size>
      </object_component>
      <object_component id="oc-2cb">
         <name>.common:btn4</name>
         <uninitialized>true</uninitialized>
         <run_address>0x268</run_address>
         <size>0x8</size>
      </object_component>
      <object_component id="oc-2cc">
         <name>.common:activeButton</name>
         <uninitialized>true</uninitialized>
         <run_address>0x295</run_address>
         <size>0x1</size>
      </object_component>
      <object_component id="oc-1e8">
         <name>.common:bmp_header</name>
         <uninitialized>true</uninitialized>
         <run_address>0x248</run_address>
         <size>0x8</size>
      </object_component>
      <object_component id="oc-bd">
         <name>.common:selectedButton</name>
         <uninitialized>true</uninitialized>
         <run_address>0x296</run_address>
         <size>0x1</size>
      </object_component>
      <object_component id="oc-2ba">
         <name>.common:ms_time</name>
         <uninitialized>true</uninitialized>
         <run_address>0x270</run_address>
         <size>0x4</size>
      </object_component>
      <object_component id="oc-2b5">
         <name>.common:time_btn_enable</name>
         <uninitialized>true</uninitialized>
         <run_address>0x274</run_address>
         <size>0x4</size>
      </object_component>
      <object_component id="oc-2b6">
         <name>.common:time_push</name>
         <uninitialized>true</uninitialized>
         <run_address>0x278</run_address>
         <size>0x4</size>
      </object_component>
      <object_component id="oc-188">
         <name>.common:fs</name>
         <uninitialized>true</uninitialized>
         <run_address>0x200</run_address>
         <size>0x2a</size>
      </object_component>
      <object_component id="oc-1a3">
         <name>.common:buffer</name>
         <uninitialized>true</uninitialized>
         <run_address>0x22a</run_address>
         <size>0x1e</size>
      </object_component>
      <object_component id="oc-191">
         <name>.common:pres</name>
         <uninitialized>true</uninitialized>
         <run_address>0x28a</run_address>
         <size>0x2</size>
      </object_component>
      <object_component id="oc-1a1">
         <name>.common:dres</name>
         <uninitialized>true</uninitialized>
         <run_address>0x286</run_address>
         <size>0x2</size>
      </object_component>
      <object_component id="oc-343">
         <name>.common:CardType</name>
         <uninitialized>true</uninitialized>
         <run_address>0x294</run_address>
         <size>0x1</size>
      </object_component>
      <object_component id="oc-40b">
         <name>.common:FatFs</name>
         <uninitialized>true</uninitialized>
         <run_address>0x27c</run_address>
         <size>0x2</size>
      </object_component>
      <object_component id="oc-39">
         <name>.debug_info</name>
         <load_address>0x0</load_address>
         <run_address>0x0</run_address>
         <size>0x125</size>
         <input_file_ref idref="fl-3c"/>
      </object_component>
      <object_component id="oc-48">
         <name>.debug_info</name>
         <load_address>0x125</load_address>
         <run_address>0x125</run_address>
         <size>0x16a</size>
         <input_file_ref idref="fl-3f"/>
      </object_component>
      <object_component id="oc-51">
         <name>.debug_info</name>
         <load_address>0x28f</load_address>
         <run_address>0x28f</run_address>
         <size>0xaa</size>
         <input_file_ref idref="fl-3c"/>
      </object_component>
      <object_component id="oc-55">
         <name>.debug_info</name>
         <load_address>0x339</load_address>
         <run_address>0x339</run_address>
         <size>0x108</size>
         <input_file_ref idref="fl-b"/>
      </object_component>
      <object_component id="oc-5b">
         <name>.debug_info</name>
         <load_address>0x441</load_address>
         <run_address>0x441</run_address>
         <size>0xc2</size>
         <input_file_ref idref="fl-4e"/>
      </object_component>
      <object_component id="oc-60">
         <name>.debug_info</name>
         <load_address>0x503</load_address>
         <run_address>0x503</run_address>
         <size>0x10c</size>
         <input_file_ref idref="fl-b"/>
      </object_component>
      <object_component id="oc-66">
         <name>.debug_info</name>
         <load_address>0x60f</load_address>
         <run_address>0x60f</run_address>
         <size>0xfd</size>
         <input_file_ref idref="fl-58"/>
      </object_component>
      <object_component id="oc-6c">
         <name>.debug_info</name>
         <load_address>0x70c</load_address>
         <run_address>0x70c</run_address>
         <size>0x153</size>
         <input_file_ref idref="fl-5d"/>
      </object_component>
      <object_component id="oc-72">
         <name>.debug_info</name>
         <load_address>0x85f</load_address>
         <run_address>0x85f</run_address>
         <size>0x21a</size>
         <input_file_ref idref="fl-5"/>
      </object_component>
      <object_component id="oc-78">
         <name>.debug_info</name>
         <load_address>0xa79</load_address>
         <run_address>0xa79</run_address>
         <size>0xcc</size>
         <input_file_ref idref="fl-44"/>
      </object_component>
      <object_component id="oc-7f">
         <name>.debug_info</name>
         <load_address>0xb45</load_address>
         <run_address>0xb45</run_address>
         <size>0x157</size>
         <input_file_ref idref="fl-53"/>
      </object_component>
      <object_component id="oc-8c">
         <name>.debug_info</name>
         <load_address>0xc9c</load_address>
         <run_address>0xc9c</run_address>
         <size>0x46</size>
         <input_file_ref idref="fl-3f"/>
      </object_component>
      <object_component id="oc-91">
         <name>.debug_info</name>
         <load_address>0xce2</load_address>
         <run_address>0xce2</run_address>
         <size>0x11f</size>
         <input_file_ref idref="fl-3f"/>
      </object_component>
      <object_component id="oc-a1">
         <name>.debug_info</name>
         <load_address>0xe01</load_address>
         <run_address>0xe01</run_address>
         <size>0x84</size>
         <input_file_ref idref="fl-2"/>
      </object_component>
      <object_component id="oc-a7">
         <name>.debug_info</name>
         <load_address>0xe85</load_address>
         <run_address>0xe85</run_address>
         <size>0x606</size>
         <input_file_ref idref="fl-5"/>
      </object_component>
      <object_component id="oc-a9">
         <name>.debug_info</name>
         <load_address>0x148b</load_address>
         <run_address>0x148b</run_address>
         <size>0x82b</size>
         <input_file_ref idref="fl-8"/>
      </object_component>
      <object_component id="oc-ab">
         <name>.debug_info</name>
         <load_address>0x1cb6</load_address>
         <run_address>0x1cb6</run_address>
         <size>0x526</size>
         <input_file_ref idref="fl-b"/>
      </object_component>
      <object_component id="oc-b5">
         <name>.debug_info</name>
         <load_address>0x21dc</load_address>
         <run_address>0x21dc</run_address>
         <size>0x7bb</size>
         <input_file_ref idref="fl-3"/>
      </object_component>
      <object_component id="oc-ba">
         <name>.debug_info</name>
         <load_address>0x2997</load_address>
         <run_address>0x2997</run_address>
         <size>0x101</size>
         <input_file_ref idref="fl-2"/>
      </object_component>
      <object_component id="oc-d4">
         <name>.debug_info</name>
         <load_address>0x2a98</load_address>
         <run_address>0x2a98</run_address>
         <size>0xe1</size>
         <input_file_ref idref="fl-43"/>
      </object_component>
      <object_component id="oc-d7">
         <name>.debug_info</name>
         <load_address>0x2b79</load_address>
         <run_address>0x2b79</run_address>
         <size>0x2ba</size>
         <input_file_ref idref="fl-5d"/>
      </object_component>
      <object_component id="oc-d9">
         <name>.debug_info</name>
         <load_address>0x2e33</load_address>
         <run_address>0x2e33</run_address>
         <size>0x21b</size>
         <input_file_ref idref="fl-8"/>
      </object_component>
      <object_component id="oc-df">
         <name>.debug_info</name>
         <load_address>0x304e</load_address>
         <run_address>0x304e</run_address>
         <size>0x143</size>
         <input_file_ref idref="fl-8"/>
      </object_component>
      <object_component id="oc-e5">
         <name>.debug_info</name>
         <load_address>0x3191</load_address>
         <run_address>0x3191</run_address>
         <size>0x353</size>
         <input_file_ref idref="fl-3"/>
      </object_component>
      <object_component id="oc-eb">
         <name>.debug_info</name>
         <load_address>0x34e4</load_address>
         <run_address>0x34e4</run_address>
         <size>0x136</size>
         <input_file_ref idref="fl-3"/>
      </object_component>
      <object_component id="oc-f1">
         <name>.debug_info</name>
         <load_address>0x361a</load_address>
         <run_address>0x361a</run_address>
         <size>0x24c</size>
         <input_file_ref idref="fl-3"/>
      </object_component>
      <object_component id="oc-f8">
         <name>.debug_info</name>
         <load_address>0x3866</load_address>
         <run_address>0x3866</run_address>
         <size>0x200</size>
         <input_file_ref idref="fl-3"/>
      </object_component>
      <object_component id="oc-fe">
         <name>.debug_info</name>
         <load_address>0x3a66</load_address>
         <run_address>0x3a66</run_address>
         <size>0x1ec</size>
         <input_file_ref idref="fl-3"/>
      </object_component>
      <object_component id="oc-104">
         <name>.debug_info</name>
         <load_address>0x3c52</load_address>
         <run_address>0x3c52</run_address>
         <size>0x147</size>
         <input_file_ref idref="fl-3"/>
      </object_component>
      <object_component id="oc-110">
         <name>.debug_info</name>
         <load_address>0x3d99</load_address>
         <run_address>0x3d99</run_address>
         <size>0x127</size>
         <input_file_ref idref="fl-53"/>
      </object_component>
      <object_component id="oc-111">
         <name>.debug_info</name>
         <load_address>0x3ec0</load_address>
         <run_address>0x3ec0</run_address>
         <size>0x2c</size>
         <input_file_ref idref="fl-3f"/>
      </object_component>
      <object_component id="oc-124">
         <name>.debug_info</name>
         <load_address>0x3eec</load_address>
         <run_address>0x3eec</run_address>
         <size>0xbb</size>
         <input_file_ref idref="fl-3"/>
      </object_component>
      <object_component id="oc-129">
         <name>.debug_info</name>
         <load_address>0x3fa7</load_address>
         <run_address>0x3fa7</run_address>
         <size>0x18b</size>
         <input_file_ref idref="fl-2"/>
      </object_component>
      <object_component id="oc-12e">
         <name>.debug_info</name>
         <load_address>0x4132</load_address>
         <run_address>0x4132</run_address>
         <size>0xe8</size>
         <input_file_ref idref="fl-3"/>
      </object_component>
      <object_component id="oc-133">
         <name>.debug_info</name>
         <load_address>0x421a</load_address>
         <run_address>0x421a</run_address>
         <size>0x2a3</size>
         <input_file_ref idref="fl-3"/>
      </object_component>
      <object_component id="oc-138">
         <name>.debug_info</name>
         <load_address>0x44bd</load_address>
         <run_address>0x44bd</run_address>
         <size>0x67</size>
         <input_file_ref idref="fl-5"/>
      </object_component>
      <object_component id="oc-148">
         <name>.debug_info</name>
         <load_address>0x4524</load_address>
         <run_address>0x4524</run_address>
         <size>0x39</size>
         <input_file_ref idref="fl-5d"/>
      </object_component>
      <object_component id="oc-14e">
         <name>.debug_info</name>
         <load_address>0x455d</load_address>
         <run_address>0x455d</run_address>
         <size>0x128</size>
         <input_file_ref idref="fl-a"/>
      </object_component>
      <object_component id="oc-154">
         <name>.debug_info</name>
         <load_address>0x4685</load_address>
         <run_address>0x4685</run_address>
         <size>0x10a</size>
         <input_file_ref idref="fl-c"/>
      </object_component>
      <object_component id="oc-15a">
         <name>.debug_info</name>
         <load_address>0x478f</load_address>
         <run_address>0x478f</run_address>
         <size>0x224</size>
         <input_file_ref idref="fl-6"/>
      </object_component>
      <object_component id="oc-161">
         <name>.debug_info</name>
         <load_address>0x49b3</load_address>
         <run_address>0x49b3</run_address>
         <size>0x10a</size>
         <input_file_ref idref="fl-a"/>
      </object_component>
      <object_component id="oc-167">
         <name>.debug_info</name>
         <load_address>0x4abd</load_address>
         <run_address>0x4abd</run_address>
         <size>0x834</size>
         <input_file_ref idref="fl-a"/>
      </object_component>
      <object_component id="oc-16d">
         <name>.debug_info</name>
         <load_address>0x52f1</load_address>
         <run_address>0x52f1</run_address>
         <size>0x14c</size>
         <input_file_ref idref="fl-a"/>
      </object_component>
      <object_component id="oc-173">
         <name>.debug_info</name>
         <load_address>0x543d</load_address>
         <run_address>0x543d</run_address>
         <size>0x134</size>
         <input_file_ref idref="fl-9"/>
      </object_component>
      <object_component id="oc-17a">
         <name>.debug_info</name>
         <load_address>0x5571</load_address>
         <run_address>0x5571</run_address>
         <size>0x124</size>
         <input_file_ref idref="fl-9"/>
      </object_component>
      <object_component id="oc-181">
         <name>.debug_info</name>
         <load_address>0x5695</load_address>
         <run_address>0x5695</run_address>
         <size>0x122</size>
         <input_file_ref idref="fl-9"/>
      </object_component>
      <object_component id="oc-18a">
         <name>.debug_info</name>
         <load_address>0x57b7</load_address>
         <run_address>0x57b7</run_address>
         <size>0x28d</size>
         <input_file_ref idref="fl-7"/>
      </object_component>
      <object_component id="oc-194">
         <name>.debug_info</name>
         <load_address>0x5a44</load_address>
         <run_address>0x5a44</run_address>
         <size>0x17d</size>
         <input_file_ref idref="fl-59"/>
      </object_component>
      <object_component id="oc-19b">
         <name>.debug_info</name>
         <load_address>0x5bc1</load_address>
         <run_address>0x5bc1</run_address>
         <size>0x13a</size>
         <input_file_ref idref="fl-9"/>
      </object_component>
      <object_component id="oc-1a6">
         <name>.debug_info</name>
         <load_address>0x5cfb</load_address>
         <run_address>0x5cfb</run_address>
         <size>0x101</size>
         <input_file_ref idref="fl-b"/>
      </object_component>
      <object_component id="oc-1ac">
         <name>.debug_info</name>
         <load_address>0x5dfc</load_address>
         <run_address>0x5dfc</run_address>
         <size>0x105</size>
         <input_file_ref idref="fl-b"/>
      </object_component>
      <object_component id="oc-1b2">
         <name>.debug_info</name>
         <load_address>0x5f01</load_address>
         <run_address>0x5f01</run_address>
         <size>0x104</size>
         <input_file_ref idref="fl-3"/>
      </object_component>
      <object_component id="oc-1ba">
         <name>.debug_info</name>
         <load_address>0x6005</load_address>
         <run_address>0x6005</run_address>
         <size>0x186</size>
         <input_file_ref idref="fl-7"/>
      </object_component>
      <object_component id="oc-1c0">
         <name>.debug_info</name>
         <load_address>0x618b</load_address>
         <run_address>0x618b</run_address>
         <size>0x1f4</size>
         <input_file_ref idref="fl-7"/>
      </object_component>
      <object_component id="oc-1ca">
         <name>.debug_info</name>
         <load_address>0x637f</load_address>
         <run_address>0x637f</run_address>
         <size>0xd8</size>
         <input_file_ref idref="fl-56"/>
      </object_component>
      <object_component id="oc-1cf">
         <name>.debug_info</name>
         <load_address>0x6457</load_address>
         <run_address>0x6457</run_address>
         <size>0xd9</size>
         <input_file_ref idref="fl-52"/>
      </object_component>
      <object_component id="oc-1d7">
         <name>.debug_info</name>
         <load_address>0x6530</load_address>
         <run_address>0x6530</run_address>
         <size>0x1bb</size>
         <input_file_ref idref="fl-a"/>
      </object_component>
      <object_component id="oc-1e3">
         <name>.debug_info</name>
         <load_address>0x66eb</load_address>
         <run_address>0x66eb</run_address>
         <size>0x216</size>
         <input_file_ref idref="fl-a"/>
      </object_component>
      <object_component id="oc-1ea">
         <name>.debug_info</name>
         <load_address>0x6901</load_address>
         <run_address>0x6901</run_address>
         <size>0xd4</size>
         <input_file_ref idref="fl-41"/>
      </object_component>
      <object_component id="oc-1ef">
         <name>.debug_info</name>
         <load_address>0x69d5</load_address>
         <run_address>0x69d5</run_address>
         <size>0x155</size>
         <input_file_ref idref="fl-a"/>
      </object_component>
      <object_component id="oc-1f6">
         <name>.debug_info</name>
         <load_address>0x6b2a</load_address>
         <run_address>0x6b2a</run_address>
         <size>0x14a</size>
         <input_file_ref idref="fl-a"/>
      </object_component>
      <object_component id="oc-1fd">
         <name>.debug_info</name>
         <load_address>0x6c74</load_address>
         <run_address>0x6c74</run_address>
         <size>0x270</size>
         <input_file_ref idref="fl-9"/>
      </object_component>
      <object_component id="oc-204">
         <name>.debug_info</name>
         <load_address>0x6ee4</load_address>
         <run_address>0x6ee4</run_address>
         <size>0x1e2</size>
         <input_file_ref idref="fl-9"/>
      </object_component>
      <object_component id="oc-20a">
         <name>.debug_info</name>
         <load_address>0x70c6</load_address>
         <run_address>0x70c6</run_address>
         <size>0x1aa</size>
         <input_file_ref idref="fl-9"/>
      </object_component>
      <object_component id="oc-210">
         <name>.debug_info</name>
         <load_address>0x7270</load_address>
         <run_address>0x7270</run_address>
         <size>0x2af</size>
         <input_file_ref idref="fl-9"/>
      </object_component>
      <object_component id="oc-218">
         <name>.debug_info</name>
         <load_address>0x751f</load_address>
         <run_address>0x751f</run_address>
         <size>0x3f0</size>
         <input_file_ref idref="fl-9"/>
      </object_component>
      <object_component id="oc-21c">
         <name>.debug_info</name>
         <load_address>0x790f</load_address>
         <run_address>0x790f</run_address>
         <size>0xd4</size>
         <input_file_ref idref="fl-55"/>
      </object_component>
      <object_component id="oc-221">
         <name>.debug_info</name>
         <load_address>0x79e3</load_address>
         <run_address>0x79e3</run_address>
         <size>0xce</size>
         <input_file_ref idref="fl-3"/>
      </object_component>
      <object_component id="oc-232">
         <name>.debug_info</name>
         <load_address>0x7ab1</load_address>
         <run_address>0x7ab1</run_address>
         <size>0x221</size>
         <input_file_ref idref="fl-3"/>
      </object_component>
      <object_component id="oc-23e">
         <name>.debug_info</name>
         <load_address>0x7cd2</load_address>
         <run_address>0x7cd2</run_address>
         <size>0x262</size>
         <input_file_ref idref="fl-a"/>
      </object_component>
      <object_component id="oc-242">
         <name>.debug_info</name>
         <load_address>0x7f34</load_address>
         <run_address>0x7f34</run_address>
         <size>0x159</size>
         <input_file_ref idref="fl-c"/>
      </object_component>
      <object_component id="oc-248">
         <name>.debug_info</name>
         <load_address>0x808d</load_address>
         <run_address>0x808d</run_address>
         <size>0x108</size>
         <input_file_ref idref="fl-c"/>
      </object_component>
      <object_component id="oc-24e">
         <name>.debug_info</name>
         <load_address>0x8195</load_address>
         <run_address>0x8195</run_address>
         <size>0x202</size>
         <input_file_ref idref="fl-6"/>
      </object_component>
      <object_component id="oc-254">
         <name>.debug_info</name>
         <load_address>0x8397</load_address>
         <run_address>0x8397</run_address>
         <size>0x266</size>
         <input_file_ref idref="fl-6"/>
      </object_component>
      <object_component id="oc-25b">
         <name>.debug_info</name>
         <load_address>0x85fd</load_address>
         <run_address>0x85fd</run_address>
         <size>0x13e</size>
         <input_file_ref idref="fl-a"/>
      </object_component>
      <object_component id="oc-261">
         <name>.debug_info</name>
         <load_address>0x873b</load_address>
         <run_address>0x873b</run_address>
         <size>0x138</size>
         <input_file_ref idref="fl-a"/>
      </object_component>
      <object_component id="oc-271">
         <name>.debug_info</name>
         <load_address>0x8873</load_address>
         <run_address>0x8873</run_address>
         <size>0x24e</size>
         <input_file_ref idref="fl-7"/>
      </object_component>
      <object_component id="oc-274">
         <name>.debug_info</name>
         <load_address>0x8ac1</load_address>
         <run_address>0x8ac1</run_address>
         <size>0x168</size>
         <input_file_ref idref="fl-7"/>
      </object_component>
      <object_component id="oc-27a">
         <name>.debug_info</name>
         <load_address>0x8c29</load_address>
         <run_address>0x8c29</run_address>
         <size>0x21c</size>
         <input_file_ref idref="fl-6"/>
      </object_component>
      <object_component id="oc-280">
         <name>.debug_info</name>
         <load_address>0x8e45</load_address>
         <run_address>0x8e45</run_address>
         <size>0xd9</size>
         <input_file_ref idref="fl-50"/>
      </object_component>
      <object_component id="oc-285">
         <name>.debug_info</name>
         <load_address>0x8f1e</load_address>
         <run_address>0x8f1e</run_address>
         <size>0xd4</size>
         <input_file_ref idref="fl-57"/>
      </object_component>
      <object_component id="oc-28a">
         <name>.debug_info</name>
         <load_address>0x8ff2</load_address>
         <run_address>0x8ff2</run_address>
         <size>0xd3</size>
         <input_file_ref idref="fl-51"/>
      </object_component>
      <object_component id="oc-291">
         <name>.debug_info</name>
         <load_address>0x90c5</load_address>
         <run_address>0x90c5</run_address>
         <size>0xd6</size>
         <input_file_ref idref="fl-42"/>
      </object_component>
      <object_component id="oc-296">
         <name>.debug_info</name>
         <load_address>0x919b</load_address>
         <run_address>0x919b</run_address>
         <size>0x142</size>
         <input_file_ref idref="fl-59"/>
      </object_component>
      <object_component id="oc-29c">
         <name>.debug_info</name>
         <load_address>0x92dd</load_address>
         <run_address>0x92dd</run_address>
         <size>0x117</size>
         <input_file_ref idref="fl-59"/>
      </object_component>
      <object_component id="oc-2a2">
         <name>.debug_info</name>
         <load_address>0x93f4</load_address>
         <run_address>0x93f4</run_address>
         <size>0x25c</size>
         <input_file_ref idref="fl-5b"/>
      </object_component>
      <object_component id="oc-2a8">
         <name>.debug_info</name>
         <load_address>0x9650</load_address>
         <run_address>0x9650</run_address>
         <size>0x1e2</size>
         <input_file_ref idref="fl-59"/>
      </object_component>
      <object_component id="oc-2aa">
         <name>.debug_info</name>
         <load_address>0x9832</load_address>
         <run_address>0x9832</run_address>
         <size>0x13d</size>
         <input_file_ref idref="fl-9"/>
      </object_component>
      <object_component id="oc-2d0">
         <name>.debug_info</name>
         <load_address>0x996f</load_address>
         <run_address>0x996f</run_address>
         <size>0x197</size>
         <input_file_ref idref="fl-7"/>
      </object_component>
      <object_component id="oc-2d8">
         <name>.debug_info</name>
         <load_address>0x9b06</load_address>
         <run_address>0x9b06</run_address>
         <size>0x185</size>
         <input_file_ref idref="fl-7"/>
      </object_component>
      <object_component id="oc-2de">
         <name>.debug_info</name>
         <load_address>0x9c8b</load_address>
         <run_address>0x9c8b</run_address>
         <size>0x13c</size>
         <input_file_ref idref="fl-7"/>
      </object_component>
      <object_component id="oc-2ed">
         <name>.debug_info</name>
         <load_address>0x9dc7</load_address>
         <run_address>0x9dc7</run_address>
         <size>0x149</size>
         <input_file_ref idref="fl-a"/>
      </object_component>
      <object_component id="oc-2f4">
         <name>.debug_info</name>
         <load_address>0x9f10</load_address>
         <run_address>0x9f10</run_address>
         <size>0x13d</size>
         <input_file_ref idref="fl-a"/>
      </object_component>
      <object_component id="oc-2fd">
         <name>.debug_info</name>
         <load_address>0xa04d</load_address>
         <run_address>0xa04d</run_address>
         <size>0x1ae</size>
         <input_file_ref idref="fl-a"/>
      </object_component>
      <object_component id="oc-303">
         <name>.debug_info</name>
         <load_address>0xa1fb</load_address>
         <run_address>0xa1fb</run_address>
         <size>0x1ae</size>
         <input_file_ref idref="fl-a"/>
      </object_component>
      <object_component id="oc-309">
         <name>.debug_info</name>
         <load_address>0xa3a9</load_address>
         <run_address>0xa3a9</run_address>
         <size>0x2a7</size>
         <input_file_ref idref="fl-9"/>
      </object_component>
      <object_component id="oc-311">
         <name>.debug_info</name>
         <load_address>0xa650</load_address>
         <run_address>0xa650</run_address>
         <size>0x28f</size>
         <input_file_ref idref="fl-9"/>
      </object_component>
      <object_component id="oc-318">
         <name>.debug_info</name>
         <load_address>0xa8df</load_address>
         <run_address>0xa8df</run_address>
         <size>0x190</size>
         <input_file_ref idref="fl-a"/>
      </object_component>
      <object_component id="oc-324">
         <name>.debug_info</name>
         <load_address>0xaa6f</load_address>
         <run_address>0xaa6f</run_address>
         <size>0x1ef</size>
         <input_file_ref idref="fl-9"/>
      </object_component>
      <object_component id="oc-32d">
         <name>.debug_info</name>
         <load_address>0xac5e</load_address>
         <run_address>0xac5e</run_address>
         <size>0x26d</size>
         <input_file_ref idref="fl-c"/>
      </object_component>
      <object_component id="oc-330">
         <name>.debug_info</name>
         <load_address>0xaecb</load_address>
         <run_address>0xaecb</run_address>
         <size>0x118</size>
         <input_file_ref idref="fl-c"/>
      </object_component>
      <object_component id="oc-339">
         <name>.debug_info</name>
         <load_address>0xafe3</load_address>
         <run_address>0xafe3</run_address>
         <size>0x124</size>
         <input_file_ref idref="fl-a"/>
      </object_component>
      <object_component id="oc-34e">
         <name>.debug_info</name>
         <load_address>0xb107</load_address>
         <run_address>0xb107</run_address>
         <size>0x153</size>
         <input_file_ref idref="fl-60"/>
      </object_component>
      <object_component id="oc-352">
         <name>.debug_info</name>
         <load_address>0xb25a</load_address>
         <run_address>0xb25a</run_address>
         <size>0x239</size>
         <input_file_ref idref="fl-5b"/>
      </object_component>
      <object_component id="oc-358">
         <name>.debug_info</name>
         <load_address>0xb493</load_address>
         <run_address>0xb493</run_address>
         <size>0x1dc</size>
         <input_file_ref idref="fl-5b"/>
      </object_component>
      <object_component id="oc-35e">
         <name>.debug_info</name>
         <load_address>0xb66f</load_address>
         <run_address>0xb66f</run_address>
         <size>0x30c</size>
         <input_file_ref idref="fl-5b"/>
      </object_component>
      <object_component id="oc-35f">
         <name>.debug_info</name>
         <load_address>0xb97b</load_address>
         <run_address>0xb97b</run_address>
         <size>0x2c</size>
         <input_file_ref idref="fl-2"/>
      </object_component>
      <object_component id="oc-364">
         <name>.debug_info</name>
         <load_address>0xb9a7</load_address>
         <run_address>0xb9a7</run_address>
         <size>0x86</size>
         <input_file_ref idref="fl-5b"/>
      </object_component>
      <object_component id="oc-36b">
         <name>.debug_info</name>
         <load_address>0xba2d</load_address>
         <run_address>0xba2d</run_address>
         <size>0x2c</size>
         <input_file_ref idref="fl-59"/>
      </object_component>
      <object_component id="oc-376">
         <name>.debug_info</name>
         <load_address>0xba59</load_address>
         <run_address>0xba59</run_address>
         <size>0x287</size>
         <input_file_ref idref="fl-9"/>
      </object_component>
      <object_component id="oc-388">
         <name>.debug_info</name>
         <load_address>0xbce0</load_address>
         <run_address>0xbce0</run_address>
         <size>0x18f</size>
         <input_file_ref idref="fl-7"/>
      </object_component>
      <object_component id="oc-38e">
         <name>.debug_info</name>
         <load_address>0xbe6f</load_address>
         <run_address>0xbe6f</run_address>
         <size>0x191</size>
         <input_file_ref idref="fl-7"/>
      </object_component>
      <object_component id="oc-394">
         <name>.debug_info</name>
         <load_address>0xc000</load_address>
         <run_address>0xc000</run_address>
         <size>0x142</size>
         <input_file_ref idref="fl-7"/>
      </object_component>
      <object_component id="oc-3b5">
         <name>.debug_info</name>
         <load_address>0xc142</load_address>
         <run_address>0xc142</run_address>
         <size>0x111</size>
         <input_file_ref idref="fl-60"/>
      </object_component>
      <object_component id="oc-3b7">
         <name>.debug_info</name>
         <load_address>0xc253</load_address>
         <run_address>0xc253</run_address>
         <size>0x183</size>
         <input_file_ref idref="fl-5f"/>
      </object_component>
      <object_component id="oc-3be">
         <name>.debug_info</name>
         <load_address>0xc3d6</load_address>
         <run_address>0xc3d6</run_address>
         <size>0x1e4</size>
         <input_file_ref idref="fl-5b"/>
      </object_component>
      <object_component id="oc-3c4">
         <name>.debug_info</name>
         <load_address>0xc5ba</load_address>
         <run_address>0xc5ba</run_address>
         <size>0x160</size>
         <input_file_ref idref="fl-5e"/>
      </object_component>
      <object_component id="oc-3cd">
         <name>.debug_info</name>
         <load_address>0xc71a</load_address>
         <run_address>0xc71a</run_address>
         <size>0x39</size>
         <input_file_ref idref="fl-5b"/>
      </object_component>
      <object_component id="oc-3d5">
         <name>.debug_info</name>
         <load_address>0xc753</load_address>
         <run_address>0xc753</run_address>
         <size>0xc2</size>
         <input_file_ref idref="fl-9"/>
      </object_component>
      <object_component id="oc-3d9">
         <name>.debug_info</name>
         <load_address>0xc815</load_address>
         <run_address>0xc815</run_address>
         <size>0x154</size>
         <input_file_ref idref="fl-7"/>
      </object_component>
      <object_component id="oc-3e0">
         <name>.debug_info</name>
         <load_address>0xc969</load_address>
         <run_address>0xc969</run_address>
         <size>0xd3</size>
         <input_file_ref idref="fl-4f"/>
      </object_component>
      <object_component id="oc-3e5">
         <name>.debug_info</name>
         <load_address>0xca3c</load_address>
         <run_address>0xca3c</run_address>
         <size>0x16e</size>
         <input_file_ref idref="fl-7"/>
      </object_component>
      <object_component id="oc-3eb">
         <name>.debug_info</name>
         <load_address>0xcbaa</load_address>
         <run_address>0xcbaa</run_address>
         <size>0x16d</size>
         <input_file_ref idref="fl-7"/>
      </object_component>
      <object_component id="oc-3f6">
         <name>.debug_info</name>
         <load_address>0xcd17</load_address>
         <run_address>0xcd17</run_address>
         <size>0x117</size>
         <input_file_ref idref="fl-5f"/>
      </object_component>
      <object_component id="oc-3f8">
         <name>.debug_info</name>
         <load_address>0xce2e</load_address>
         <run_address>0xce2e</run_address>
         <size>0x15c</size>
         <input_file_ref idref="fl-5b"/>
      </object_component>
      <object_component id="oc-3fe">
         <name>.debug_info</name>
         <load_address>0xcf8a</load_address>
         <run_address>0xcf8a</run_address>
         <size>0x1a1</size>
         <input_file_ref idref="fl-5b"/>
      </object_component>
      <object_component id="oc-405">
         <name>.debug_info</name>
         <load_address>0xd12b</load_address>
         <run_address>0xd12b</run_address>
         <size>0x118</size>
         <input_file_ref idref="fl-5e"/>
      </object_component>
      <object_component id="oc-411">
         <name>.debug_info</name>
         <load_address>0xd243</load_address>
         <run_address>0xd243</run_address>
         <size>0x168</size>
         <input_file_ref idref="fl-5b"/>
      </object_component>
      <object_component id="oc-454">
         <name>.debug_info</name>
         <load_address>0xd3ab</load_address>
         <run_address>0xd3ab</run_address>
         <size>0x9e</size>
      </object_component>
      <object_component id="oc-3a">
         <name>.debug_aranges</name>
         <load_address>0x0</load_address>
         <run_address>0x0</run_address>
         <size>0x20</size>
         <input_file_ref idref="fl-3c"/>
      </object_component>
      <object_component id="oc-45">
         <name>.debug_aranges</name>
         <load_address>0x20</load_address>
         <run_address>0x20</run_address>
         <size>0x20</size>
         <input_file_ref idref="fl-3f"/>
      </object_component>
      <object_component id="oc-56">
         <name>.debug_aranges</name>
         <load_address>0x40</load_address>
         <run_address>0x40</run_address>
         <size>0x20</size>
         <input_file_ref idref="fl-b"/>
      </object_component>
      <object_component id="oc-5c">
         <name>.debug_aranges</name>
         <load_address>0x60</load_address>
         <run_address>0x60</run_address>
         <size>0x20</size>
         <input_file_ref idref="fl-4e"/>
      </object_component>
      <object_component id="oc-61">
         <name>.debug_aranges</name>
         <load_address>0x80</load_address>
         <run_address>0x80</run_address>
         <size>0x20</size>
         <input_file_ref idref="fl-b"/>
      </object_component>
      <object_component id="oc-67">
         <name>.debug_aranges</name>
         <load_address>0xa0</load_address>
         <run_address>0xa0</run_address>
[...]
         <value>0xa2d6</value>
         <object_component_ref idref="oc-16c"/>
      </symbol>
      <symbol id="sm-39c">
         <name>tft_writedata16</name>
         <value>0xa432</value>
         <object_component_ref idref="oc-2f3"/>
      </symbol>
      <symbol id="sm-39d">
         <name>tft_drawPixel</name>
         <value>0xa05c</value>
         <object_component_ref idref="oc-317"/>
      </symbol>
      <symbol id="sm-39e">
         <name>tft_init_hw</name>
         <value>0xa494</value>
         <object_component_ref idref="oc-160"/>
      </symbol>
      <symbol id="sm-39f">
         <name>tft_setAddrWindow</name>
         <value>0xa106</value>
         <object_component_ref idref="oc-1e2"/>
      </symbol>
      <symbol id="sm-3a0">
         <name>tft_spiwrite16</name>
         <value>0xa3fc</value>
         <object_component_ref idref="oc-2ec"/>
      </symbol>
      <symbol id="sm-3a1">
         <name>delay_ms</name>
         <value>0xa2bc</value>
         <object_component_ref idref="oc-14d"/>
      </symbol>
      <symbol id="sm-3a2">
         <name>tft_fillRect</name>
         <value>0x97aa</value>
         <object_component_ref idref="oc-1d6"/>
      </symbol>
      <symbol id="sm-3a3">
         <name>tft_spiwrite8</name>
         <value>0xa40e</value>
         <object_component_ref idref="oc-338"/>
      </symbol>
      <symbol id="sm-3a4">
         <name>tft_writecommand</name>
         <value>0xa420</value>
         <object_component_ref idref="oc-25a"/>
      </symbol>
      <symbol id="sm-3a5">
         <name>tft_drawFastHLine</name>
         <value>0x9d18</value>
         <object_component_ref idref="oc-2fc"/>
      </symbol>
      <symbol id="sm-3a6">
         <name>tft_begin</name>
         <value>0x8000</value>
         <object_component_ref idref="oc-166"/>
      </symbol>
      <symbol id="sm-3d3">
         <name>ms_timer_handler</name>
         <value>0x9ee6</value>
         <object_component_ref idref="oc-5f"/>
      </symbol>
      <symbol id="sm-3d4">
         <name>__TI_int02</name>
         <value>0xffe4</value>
         <object_component_ref idref="oc-2d"/>
      </symbol>
      <symbol id="sm-3d5">
         <name>__TI_int13</name>
         <value>0xfffa</value>
         <object_component_ref idref="oc-36"/>
      </symbol>
      <symbol id="sm-3d6">
         <name>init_systimer</name>
         <value>0xa24c</value>
         <object_component_ref idref="oc-1ab"/>
      </symbol>
      <symbol id="sm-3d7">
         <name>button_handler</name>
         <value>0x98a8</value>
         <object_component_ref idref="oc-54"/>
      </symbol>
      <symbol id="sm-3d8">
         <name>init_button</name>
         <value>0xa022</value>
         <object_component_ref idref="oc-1a5"/>
      </symbol>
      <symbol id="sm-3fd">
         <name>spi_initialize</name>
         <value>0xa194</value>
         <object_component_ref idref="oc-153"/>
      </symbol>
      <symbol id="sm-3fe">
         <name>spi_receive</name>
         <value>0xa336</value>
         <object_component_ref idref="oc-247"/>
      </symbol>
      <symbol id="sm-3ff">
         <name>spi_set_divisor</name>
         <value>0xa22a</value>
         <object_component_ref idref="oc-241"/>
      </symbol>
      <symbol id="sm-400">
         <name>spi_send</name>
         <value>0xa34c</value>
         <object_component_ref idref="oc-32f"/>
      </symbol>
      <symbol id="sm-412">
         <name>_c_int00_noexit</name>
         <value>0xa288</value>
         <object_component_ref idref="oc-38"/>
      </symbol>
      <symbol id="sm-413">
         <name>_c_int00</name>
         <value>0xa288</value>
         <object_component_ref idref="oc-38"/>
      </symbol>
      <symbol id="sm-414">
         <name>_stack</name>
         <value>0x5b0</value>
         <object_component_ref idref="oc-50"/>
      </symbol>
      <symbol id="sm-415">
         <name>_reset_vector</name>
         <value>0xfffe</value>
         <object_component_ref idref="oc-53"/>
      </symbol>
      <symbol id="sm-42f">
         <name>__TI_zero_init</name>
         <value>0xa378</value>
         <object_component_ref idref="oc-44"/>
      </symbol>
      <symbol id="sm-43a">
         <name>__mspabi_remu</name>
         <value>0xa320</value>
         <object_component_ref idref="oc-1e9"/>
      </symbol>
      <symbol id="sm-43b">
         <name>__mspabi_divu</name>
         <value>0xa320</value>
         <object_component_ref idref="oc-1e9"/>
      </symbol>
      <symbol id="sm-449">
         <name>__mspabi_remul</name>
         <value>0x9c6a</value>
         <object_component_ref idref="oc-28e"/>
      </symbol>
      <symbol id="sm-44a">
         <name>__mspabi_divul</name>
         <value>0x9c6a</value>
         <object_component_ref idref="oc-28e"/>
      </symbol>
      <symbol id="sm-453">
         <name>__mspabi_func_epilog_2</name>
         <value>0xa470</value>
         <object_component_ref idref="oc-d1"/>
      </symbol>
      <symbol id="sm-454">
         <name>__mspabi_func_epilog_3</name>
         <value>0xa46e</value>
         <object_component_ref idref="oc-d1"/>
      </symbol>
      <symbol id="sm-455">
         <name>__mspabi_func_epilog_1</name>
         <value>0xa472</value>
         <object_component_ref idref="oc-d1"/>
      </symbol>
      <symbol id="sm-456">
         <name>__mspabi_func_epilog_6</name>
         <value>0xa468</value>
         <object_component_ref idref="oc-d1"/>
      </symbol>
      <symbol id="sm-457">
         <name>__mspabi_func_epilog_7</name>
         <value>0xa466</value>
         <object_component_ref idref="oc-d1"/>
      </symbol>
      <symbol id="sm-458">
         <name>__mspabi_func_epilog_4</name>
         <value>0xa46c</value>
         <object_component_ref idref="oc-d1"/>
      </symbol>
      <symbol id="sm-459">
         <name>__mspabi_func_epilog_5</name>
         <value>0xa46a</value>
         <object_component_ref idref="oc-d1"/>
      </symbol>
      <symbol id="sm-463">
         <name>C$$EXIT</name>
         <value>0xa4c0</value>
         <object_component_ref idref="oc-77"/>
      </symbol>
      <symbol id="sm-464">
         <name>abort</name>
         <value>0xa4c0</value>
         <object_component_ref idref="oc-77"/>
      </symbol>
      <symbol id="sm-467">
         <name>__TI_int03</name>
         <value>0xffe6</value>
         <object_component_ref idref="oc-2e"/>
      </symbol>
      <symbol id="sm-46a">
         <name>__TI_int05</name>
         <value>0xffea</value>
         <object_component_ref idref="oc-2f"/>
      </symbol>
      <symbol id="sm-46d">
         <name>__TI_int06</name>
         <value>0xffec</value>
         <object_component_ref idref="oc-30"/>
      </symbol>
      <symbol id="sm-470">
         <name>__TI_int07</name>
         <value>0xffee</value>
         <object_component_ref idref="oc-31"/>
      </symbol>
      <symbol id="sm-473">
         <name>__TI_int08</name>
         <value>0xfff0</value>
         <object_component_ref idref="oc-32"/>
      </symbol>
      <symbol id="sm-476">
         <name>__TI_int09</name>
         <value>0xfff2</value>
         <object_component_ref idref="oc-33"/>
      </symbol>
      <symbol id="sm-479">
         <name>__TI_int10</name>
         <value>0xfff4</value>
         <object_component_ref idref="oc-34"/>
      </symbol>
      <symbol id="sm-47c">
         <name>__TI_int12</name>
         <value>0xfff8</value>
         <object_component_ref idref="oc-35"/>
      </symbol>
      <symbol id="sm-47f">
         <name>__TI_int14</name>
         <value>0xfffc</value>
         <object_component_ref idref="oc-37"/>
      </symbol>
      <symbol id="sm-487">
         <name>__TI_ISR_TRAP</name>
         <value>0xa4b6</value>
         <object_component_ref idref="oc-5a"/>
      </symbol>
      <symbol id="sm-48f">
         <name>__mspabi_slli</name>
         <value>0xa168</value>
         <object_component_ref idref="oc-3df"/>
      </symbol>
      <symbol id="sm-490">
         <name>__mspabi_slli_9</name>
         <value>0xa180</value>
         <object_component_ref idref="oc-3df"/>
      </symbol>
      <symbol id="sm-491">
         <name>__mspabi_slli_8</name>
         <value>0xa182</value>
         <object_component_ref idref="oc-3df"/>
      </symbol>
      <symbol id="sm-492">
         <name>__mspabi_slli_7</name>
         <value>0xa184</value>
         <object_component_ref idref="oc-3df"/>
      </symbol>
      <symbol id="sm-493">
         <name>__mspabi_slli_6</name>
         <value>0xa186</value>
         <object_component_ref idref="oc-3df"/>
      </symbol>
      <symbol id="sm-494">
         <name>__mspabi_slli_5</name>
         <value>0xa188</value>
         <object_component_ref idref="oc-3df"/>
      </symbol>
      <symbol id="sm-495">
         <name>__mspabi_slli_4</name>
         <value>0xa18a</value>
         <object_component_ref idref="oc-3df"/>
      </symbol>
      <symbol id="sm-496">
         <name>__mspabi_slli_3</name>
         <value>0xa18c</value>
         <object_component_ref idref="oc-3df"/>
      </symbol>
      <symbol id="sm-497">
         <name>__mspabi_slli_2</name>
         <value>0xa18e</value>
         <object_component_ref idref="oc-3df"/>
      </symbol>
      <symbol id="sm-498">
         <name>__mspabi_slli_1</name>
         <value>0xa190</value>
         <object_component_ref idref="oc-3df"/>
      </symbol>
      <symbol id="sm-499">
         <name>__mspabi_slli_15</name>
         <value>0xa174</value>
         <object_component_ref idref="oc-3df"/>
      </symbol>
      <symbol id="sm-49a">
         <name>__mspabi_slli_14</name>
         <value>0xa176</value>
         <object_component_ref idref="oc-3df"/>
      </symbol>
      <symbol id="sm-49b">
         <name>__mspabi_slli_13</name>
         <value>0xa178</value>
         <object_component_ref idref="oc-3df"/>
      </symbol>
      <symbol id="sm-49c">
         <name>__mspabi_slli_12</name>
         <value>0xa17a</value>
         <object_component_ref idref="oc-3df"/>
      </symbol>
      <symbol id="sm-49d">
         <name>__mspabi_slli_11</name>
         <value>0xa17c</value>
         <object_component_ref idref="oc-3df"/>
      </symbol>
      <symbol id="sm-49e">
         <name>__mspabi_slli_10</name>
         <value>0xa17e</value>
         <object_component_ref idref="oc-3df"/>
      </symbol>
      <symbol id="sm-4a6">
         <name>__mspabi_slll_9</name>
         <value>0x9f84</value>
         <object_component_ref idref="oc-27f"/>
      </symbol>
      <symbol id="sm-4a7">
         <name>__mspabi_slll_8</name>
         <value>0x9f88</value>
         <object_component_ref idref="oc-27f"/>
      </symbol>
      <symbol id="sm-4a8">
         <name>__mspabi_slll_7</name>
         <value>0x9f8c</value>
         <object_component_ref idref="oc-27f"/>
      </symbol>
      <symbol id="sm-4a9">
         <name>__mspabi_slll_6</name>
         <value>0x9f90</value>
         <object_component_ref idref="oc-27f"/>
      </symbol>
      <symbol id="sm-4aa">
         <name>__mspabi_slll_5</name>
         <value>0x9f94</value>
         <object_component_ref idref="oc-27f"/>
      </symbol>
      <symbol id="sm-4ab">
         <name>__mspabi_slll_4</name>
         <value>0x9f98</value>
         <object_component_ref idref="oc-27f"/>
      </symbol>
      <symbol id="sm-4ac">
         <name>__mspabi_slll_3</name>
         <value>0x9f9c</value>
         <object_component_ref idref="oc-27f"/>
      </symbol>
      <symbol id="sm-4ad">
         <name>__mspabi_slll_2</name>
         <value>0x9fa0</value>
         <object_component_ref idref="oc-27f"/>
      </symbol>
      <symbol id="sm-4ae">
         <name>__mspabi_slll_1</name>
         <value>0x9fa4</value>
         <object_component_ref idref="oc-27f"/>
      </symbol>
      <symbol id="sm-4af">
         <name>__mspabi_slll_15</name>
         <value>0x9f6c</value>
         <object_component_ref idref="oc-27f"/>
      </symbol>
      <symbol id="sm-4b0">
         <name>__mspabi_slll_14</name>
         <value>0x9f70</value>
         <object_component_ref idref="oc-27f"/>
      </symbol>
      <symbol id="sm-4b1">
         <name>__mspabi_slll_13</name>
         <value>0x9f74</value>
         <object_component_ref idref="oc-27f"/>
      </symbol>
      <symbol id="sm-4b2">
         <name>__mspabi_slll_12</name>
         <value>0x9f78</value>
         <object_component_ref idref="oc-27f"/>
      </symbol>
      <symbol id="sm-4b3">
         <name>__mspabi_slll_11</name>
         <value>0x9f7c</value>
         <object_component_ref idref="oc-27f"/>
      </symbol>
      <symbol id="sm-4b4">
         <name>__mspabi_slll_10</name>
         <value>0x9f80</value>
         <object_component_ref idref="oc-27f"/>
      </symbol>
      <symbol id="sm-4bc">
         <name>__mspabi_srli_8</name>
         <value>0x9e30</value>
         <object_component_ref idref="oc-289"/>
      </symbol>
      <symbol id="sm-4bd">
         <name>__mspabi_srli_9</name>
         <value>0x9e2c</value>
         <object_component_ref idref="oc-289"/>
      </symbol>
      <symbol id="sm-4be">
         <name>__mspabi_srli_6</name>
         <value>0x9e38</value>
         <object_component_ref idref="oc-289"/>
      </symbol>
      <symbol id="sm-4bf">
         <name>__mspabi_srli_7</name>
         <value>0x9e34</value>
         <object_component_ref idref="oc-289"/>
      </symbol>
      <symbol id="sm-4c0">
         <name>__mspabi_srli_4</name>
         <value>0x9e40</value>
         <object_component_ref idref="oc-289"/>
      </symbol>
      <symbol id="sm-4c1">
         <name>__mspabi_srli_5</name>
         <value>0x9e3c</value>
         <object_component_ref idref="oc-289"/>
      </symbol>
      <symbol id="sm-4c2">
         <name>__mspabi_srli_2</name>
         <value>0x9e48</value>
         <object_component_ref idref="oc-289"/>
      </symbol>
      <symbol id="sm-4c3">
         <name>__mspabi_srli_3</name>
         <value>0x9e44</value>
         <object_component_ref idref="oc-289"/>
      </symbol>
      <symbol id="sm-4c4">
         <name>__mspabi_srli_1</name>
         <value>0x9e4c</value>
         <object_component_ref idref="oc-289"/>
      </symbol>
      <symbol id="sm-4c5">
         <name>__mspabi_srli</name>
         <value>0x9e06</value>
         <object_component_ref idref="oc-289"/>
      </symbol>
      <symbol id="sm-4c6">
         <name>__mspabi_srli_15</name>
         <value>0x9e14</value>
         <object_component_ref idref="oc-289"/>
      </symbol>
      <symbol id="sm-4c7">
         <name>__mspabi_srli_14</name>
         <value>0x9e18</value>
         <object_component_ref idref="oc-289"/>
      </symbol>
      <symbol id="sm-4c8">
         <name>__mspabi_srli_13</name>
         <value>0x9e1c</value>
         <object_component_ref idref="oc-289"/>
      </symbol>
      <symbol id="sm-4c9">
         <name>__mspabi_srli_12</name>
         <value>0x9e20</value>
         <object_component_ref idref="oc-289"/>
      </symbol>
      <symbol id="sm-4ca">
         <name>__mspabi_srli_11</name>
         <value>0x9e24</value>
         <object_component_ref idref="oc-289"/>
      </symbol>
      <symbol id="sm-4cb">
         <name>__mspabi_srli_10</name>
         <value>0x9e28</value>
         <object_component_ref idref="oc-289"/>
      </symbol>
      <symbol id="sm-4d3">
         <name>__mspabi_srll_8</name>
         <value>0x9bde</value>
         <object_component_ref idref="oc-1ce"/>
      </symbol>
      <symbol id="sm-4d4">
         <name>__mspabi_srll_9</name>
         <value>0x9bd8</value>
         <object_component_ref idref="oc-1ce"/>
      </symbol>
      <symbol id="sm-4d5">
         <name>__mspabi_srll_6</name>
         <value>0x9bea</value>
         <object_component_ref idref="oc-1ce"/>
      </symbol>
      <symbol id="sm-4d6">
         <name>__mspabi_srll_7</name>
         <value>0x9be4</value>
         <object_component_ref idref="oc-1ce"/>
      </symbol>
      <symbol id="sm-4d7">
         <name>__mspabi_srll_4</name>
         <value>0x9bf6</value>
         <object_component_ref idref="oc-1ce"/>
      </symbol>
      <symbol id="sm-4d8">
         <name>__mspabi_srll_5</name>
         <value>0x9bf0</value>
         <object_component_ref idref="oc-1ce"/>
      </symbol>
      <symbol id="sm-4d9">
         <name>__mspabi_srll_2</name>
         <value>0x9c02</value>
         <object_component_ref idref="oc-1ce"/>
      </symbol>
      <symbol id="sm-4da">
         <name>__mspabi_srll_3</name>
         <value>0x9bfc</value>
         <object_component_ref idref="oc-1ce"/>
      </symbol>
      <symbol id="sm-4db">
         <name>__mspabi_srll_1</name>
         <value>0x9c08</value>
         <object_component_ref idref="oc-1ce"/>
      </symbol>
      <symbol id="sm-4dc">
         <name>__mspabi_srll_15</name>
         <value>0x9bb4</value>
         <object_component_ref idref="oc-1ce"/>
      </symbol>
      <symbol id="sm-4dd">
         <name>__mspabi_srll_14</name>
         <value>0x9bba</value>
         <object_component_ref idref="oc-1ce"/>
      </symbol>
      <symbol id="sm-4de">
         <name>__mspabi_srll_13</name>
         <value>0x9bc0</value>
         <object_component_ref idref="oc-1ce"/>
      </symbol>
      <symbol id="sm-4df">
         <name>__mspabi_srll_12</name>
         <value>0x9bc6</value>
         <object_component_ref idref="oc-1ce"/>
      </symbol>
      <symbol id="sm-4e0">
         <name>__mspabi_srll_11</name>
         <value>0x9bcc</value>
         <object_component_ref idref="oc-1ce"/>
      </symbol>
      <symbol id="sm-4e1">
         <name>__mspabi_srll_10</name>
         <value>0x9bd2</value>
         <object_component_ref idref="oc-1ce"/>
      </symbol>
      <symbol id="sm-4ef">
         <name>memcpy</name>
         <value>0xa3c6</value>
         <object_component_ref idref="oc-7e"/>
      </symbol>
      <symbol id="sm-4fa">
         <name>__mspabi_mpyi</name>
         <value>0xa3a0</value>
         <object_component_ref idref="oc-21a"/>
      </symbol>
      <symbol id="sm-505">
         <name>__mspabi_mpyul</name>
         <value>0xa208</value>
         <object_component_ref idref="oc-1c9"/>
      </symbol>
      <symbol id="sm-50f">
         <name>__mspabi_mpyl</name>
         <value>0xa1be</value>
         <object_component_ref idref="oc-284"/>
      </symbol>
      <symbol id="sm-518">
         <name>_system_pre_init</name>
         <value>0xa4bc</value>
         <object_component_ref idref="oc-65"/>
      </symbol>
      <symbol id="sm-539">
         <name>sprintf</name>
         <value>0xa096</value>
         <object_component_ref idref="oc-193"/>
      </symbol>
      <symbol id="sm-5a1">
         <name>__TI_printfi_minimal</name>
         <value>0x8f3e</value>
         <object_component_ref idref="oc-2a1"/>
      </symbol>
      <symbol id="sm-5b8">
         <name>_auto_init</name>
         <value>0x9b56</value>
         <object_component_ref idref="oc-6b"/>
      </symbol>
      <symbol id="sm-5c7">
         <name>memccpy</name>
         <value>0xa26c</value>
         <object_component_ref idref="oc-3c3"/>
      </symbol>
      <symbol id="sm-5d5">
         <name>memset</name>
         <value>0xa38c</value>
         <object_component_ref idref="oc-3b6"/>
      </symbol>
      <symbol id="sm-5e2">
         <name>strlen</name>
         <value>0xa486</value>
         <object_component_ref idref="oc-34b"/>
      </symbol>
      <symbol id="sm-5e3">
         <name>__TI_exit</name>
         <value>0x1</value>
      </symbol>
      <symbol id="sm-5e4">
         <name>__TI_args_main</name>
         <value>0x1</value>
      </symbol>
      <symbol id="sm-5e5">
         <name>__TI_INITARRAY_Base</name>
         <value>0x0</value>
      </symbol>
      <symbol id="sm-5e6">
         <name>__TI_INITARRAY_Limit</name>
         <value>0x0</value>
      </symbol>
   </symbol_table>
   <title>Link successful</title>
</link_info>
