******************************************************************************
                  MSP430 Linker PC v4.3.3                      
******************************************************************************
>> Linked Mon May 04 08:15:16 2015

OUTPUT FILE NAME:   <LCD_Adafruit.out>
ENTRY POINT SYMBOL: "_c_int00"  address: 0000b2a6


MEMORY CONFIGURATION

         name            origin    length      used     unused   attr    fill
----------------------  --------  ---------  --------  --------  ----  --------
  SFR                   00000000   00000010  00000000  00000010  RWIX
  PERIPHERALS_8BIT      00000010   000000f0  00000000  000000f0  RWIX
  PERIPHERALS_16BIT     00000100   00000100  00000000  00000100  RWIX
  RAM                   00000200   00000400  00000125  000002db  RWIX
  INFOD                 00001000   00000040  00000000  00000040  RWIX
  INFOC                 00001040   00000040  00000000  00000040  RWIX
  INFOB                 00001080   00000040  00000000  00000040  RWIX
  INFOA                 000010c0   00000040  00000000  00000040  RWIX
  FLASH                 00008000   00007fde  00003b60  0000447e  RWIX
  INT00                 0000ffe0   00000002  00000000  00000002  RWIX
  INT01                 0000ffe2   00000002  00000000  00000002  RWIX
  INT02                 0000ffe4   00000002  00000002  00000000  RWIX
  INT03                 0000ffe6   00000002  00000002  00000000  RWIX
  INT04                 0000ffe8   00000002  00000000  00000002  RWIX
  INT05                 0000ffea   00000002  00000002  00000000  RWIX
  INT06                 0000ffec   00000002  00000002  00000000  RWIX
  INT07                 0000ffee   00000002  00000002  00000000  RWIX
  INT08                 0000fff0   00000002  00000002  00000000  RWIX
  INT09                 0000fff2   00000002  00000002  00000000  RWIX
  INT10                 0000fff4   00000002  00000002  00000000  RWIX
  INT11                 0000fff6   00000002  00000000  00000002  RWIX
  INT12                 0000fff8   00000002  00000002  00000000  RWIX
  INT13                 0000fffa   00000002  00000002  00000000  RWIX
  INT14                 0000fffc   00000002  00000002  00000000  RWIX
  RESET                 0000fffe   00000002  00000002  00000000  RWIX


SECTION ALLOCATION MAP

 output                                  attributes/
section   page    origin      length       input sections
--------  ----  ----------  ----------   ----------------
.init_array 
*          0    00008000    00000000     UNINITIALIZED

.bss       0    00000200    000000d5     UNINITIALIZED
                  00000200    0000002a     (.common:fs)
                  0000022a    00000028     (.common:attacks)
                  00000252    0000001e     (.common:buffer)
                  00000270    00000014     (.common:name)
                  00000284    00000008     (.common:bmp_header)
                  0000028c    00000008     (.common:btn1)
                  00000294    00000008     (.common:btn2)
                  0000029c    00000008     (.common:btn3)
                  000002a4    00000008     (.common:btn4)
                  000002ac    00000004     (.common:ms_time)
                  000002b0    00000004     (.common:time_btn_enable)
                  000002b4    00000004     (.common:time_push)
                  000002b8    00000002     (.common:FatFs)
                  000002ba    00000002     (.common:_height)
                  000002bc    00000002     (.common:_width)
                  000002be    00000002     (.common:cursor_x)
                  000002c0    00000002     (.common:cursor_y)
                  000002c2    00000002     (.common:dres)
                  000002c4    00000002     (.common:flagReg)
                  000002c6    00000002     (.common:pres)
                  000002c8    00000002     (.common:start_pos)
                  000002ca    00000002     (.common:textbgcolor)
                  000002cc    00000002     (.common:textcolor)
                  000002ce    00000002     (.common:textsize)
                  000002d0    00000002     (.common:wrap)
                  000002d2    00000001     (.common:CardType)
                  000002d3    00000001     (.common:activeButton)
                  000002d4    00000001     (.common:selectedButton)

.TI.noinit 
*          0    00000200    00000000     UNINITIALIZED

.stack     0    000005b0    00000050     UNINITIALIZED
                  000005b0    00000002     rts430_eabi.lib : boot.obj (.stack)
                  000005b2    0000004e     --HOLE--

.text      0    00008000    000034e0     
                  00008000    00000300     pff.obj (.text:pf_mount)
                  00008300    000002e0     tft_master.obj (.text:tft_begin)
                  000085e0    0000028e     game_gfx.obj (.text:get_pokemon_image)
                  0000886e    00000236     parser.obj (.text:get_pokemon_team)
                  00008aa4    000001ec     parser.obj (.text:get_pokemon_data)
                  00008c90    000001bc     pff.obj (.text:pf_read)
                  00008e4c    00000198     mmc.obj (.text:disk_initialize)
                  00008fe4    00000170     tft_gfx.obj (.text:tft_drawChar)
                  00009154    00000162     tft_gfx.obj (.text:tft_drawCircle)
                  000092b6    00000136     tft_gfx.obj (.text:tft_drawCircleHelper)
                  000093ec    00000136     tft_gfx.obj (.text:tft_drawRoundRect)
                  00009522    0000012a     main.obj (.text:main)
                  0000964c    00000116     rts430_eabi.lib : _printfi_min.obj (.text:_setfield)
                  00009762    00000116     game_gfx.obj (.text:draw_health)
                  00009878    00000102     tft_gfx.obj (.text:tft_fillCircleHelper)
                  0000997a    000000ee     pff.obj (.text:get_fat)
                  00009a68    000000ea     pff.obj (.text:create_name)
                  00009b52    000000ea     pff.obj (.text:dir_next)
                  00009c3c    000000e2     pff.obj (.text:follow_path)
                  00009d1e    000000da     game_gfx.obj (.text:drawButton)
                  00009df8    000000ce     pff.obj (.text:pf_open)
                  00009ec6    000000ca     rts430_eabi.lib : _printfi_min.obj (.text:__TI_printfi_minimal)
                  00009f90    000000c6     mmc.obj (.text:disk_readp)
                  0000a056    000000b8     mmc.obj (.text:send_cmd)
                  0000a10e    000000b8     setup.obj (.text:setup_lcd_fs)
                  0000a1c6    000000b6     pff.obj (.text:check_fs)
                  0000a27c    000000b2     parser.obj (.text:get_attack_Name)
                  0000a32e    000000b0     tft_master.obj (.text:tft_fillRect)
                  0000a3de    000000b0     tft_gfx.obj (.text:tft_write)
                  0000a48e    000000aa     tft_gfx.obj (.text:tft_fillRoundRect)
                  0000a538    000000a6     pff.obj (.text:dir_rewind)
                  0000a5de    000000a4     pff.obj (.text:dir_find)
                  0000a682    00000096     parser.obj (.text:get_Name)
                  0000a718    0000008a     tft_master.obj (.text:tft_drawFastVLine)
                  0000a7a2    00000084     tft_master.obj (.text:tft_drawFastHLine)
                  0000a826    0000007e     tmr_int.obj (.text:button_handler)
                  0000a8a4    0000007e     game_gfx.obj (.text:draw_names)
                  0000a922    0000006c     parser.obj (.text:parseCommaData)
                  0000a98e    00000064     parser.obj (.text:parsedata)
                  0000a9f2    00000062     game_gfx.obj (.text:updateButtons)
                  0000aa54    00000060     pff.obj (.text:clust2sect)
                  0000aab4    00000060     tft_gfx.obj (.text:tft_drawRect)
                  0000ab14    0000005e     rts430_eabi.lib : autoinit.obj (.text:_auto_init)
                  0000ab72    0000005c                     : lsr32.obj (.text:l_lsr_const)
                  0000abce    0000005c     pff.obj (.text:mem_cmp)
                  0000ac2a    0000005c     tft_master.obj (.text:tft_drawPixel)
                  0000ac86    00000058     rts430_eabi.lib : div32u.obj (.text)
                  0000acde    00000056                     : _printfi_min.obj (.text:_ltostr)
                  0000ad34    00000054                     : atoi.obj (.text:atoi)
                  0000ad88    0000004e                     : _printfi_min.obj (.text:_pproc_diouxp)
                  0000add6    0000004c                     : lsr16.obj (.text)
                  0000ae22    0000004c     tft_master.obj (.text:tft_setAddrWindow)
                  0000ae6e    00000048     rts430_eabi.lib : _printfi_min.obj (.text:_pproc_str)
                  0000aeb6    00000046     tmr_int.obj (.text:ms_timer_handler)
                  0000aefc    00000044     pff.obj (.text:mem_set)
                  0000af40    00000044     tft_gfx.obj (.text:tft_fillCircle)
                  0000af84    00000042     game_gfx.obj (.text:initButtons)
                  0000afc6    0000003e     rts430_eabi.lib : lsl32.obj (.text:l_lsl_const)
                  0000b004    0000003c     game_gfx.obj (.text:draw_borders)
                  0000b040    0000003a     tmr_int.obj (.text:init_button)
                  0000b07a    00000038     rts430_eabi.lib : sprintf.obj (.text:sprintf)
                  0000b0b2    00000038     tft_master.obj (.text:tft_Color565)
                  0000b0ea    0000002e     rts430_eabi.lib : _printfi_min.obj (.text:_getarg_diouxp)
                  0000b118    0000002e     usci_spi.obj (.text:spi_set_divisor)
                  0000b146    0000002c     rts430_eabi.lib : lsl16.obj (.text)
                  0000b172    0000002a     delays.obj (.text:delay_ms)
                  0000b19c    0000002a     usci_spi.obj (.text:spi_initialize)
                  0000b1c6    00000026     rts430_eabi.lib : mult32.obj (.text)
                  0000b1ec    00000022                     : mult1632.obj (.text:__mpyul)
                  0000b20e    00000020     tmr_int.obj (.text:init_systimer)
                  0000b22e    00000020     tft_master.obj (.text:tft_fillScreen)
                  0000b24e    0000001e     usci_spi.obj (.text:spi_send)
                  0000b26c    0000001e     tft_gfx.obj (.text:tft_writeString)
                  0000b28a    0000001c     rts430_eabi.lib : memccpy.obj (.text:memccpy)
                  0000b2a6    0000001a                     : boot.obj (.text:_c_int00_noexit)
                  0000b2c0    0000001a                     : sprintf.obj (.text:_outs)
                  0000b2da    0000001a     tft_master.obj (.text:tft_pushColor)
                  0000b2f4    0000001a     tft_gfx.obj (.text:tft_setTextSize)
                  0000b30e    0000001a     tft_master.obj (.text:tft_spiwrite8)
                  0000b328    0000001a     tft_master.obj (.text:tft_writecommand)
                  0000b342    0000001a     tft_master.obj (.text:tft_writedata16)
                  0000b35c    0000001a     tft_master.obj (.text:tft_writedata)
                  0000b376    00000018     rts430_eabi.lib : _printfi_min.obj (.text:_div)
                  0000b38e    00000018     tft_gfx.obj (.text:tft_setCursor)
                  0000b3a6    00000018     tft_master.obj (.text:tft_spiwrite16)
                  0000b3be    00000016     rts430_eabi.lib : div16u.obj (.text)
                  0000b3d4    00000016     usci_spi.obj (.text:spi_receive)
                  0000b3ea    00000014     rts430_eabi.lib : copy_zero_init.obj (.text:decompress:ZI:__TI_zero_init)
                  0000b3fe    00000014                     : memset.obj (.text:memset)
                  0000b412    00000014                     : mult16.obj (.text)
                  0000b426    00000014     tft_gfx.obj (.text:tft_setTextColor)
                  0000b43a    00000012     rts430_eabi.lib : sprintf.obj (.text:_outc)
                  0000b44c    00000012                     : memcpy.obj (.text:memcpy)
                  0000b45e    00000010                     : epilog.obj (.text)
                  0000b46e    00000010     setup.obj (.text:setup_timer_buttons)
                  0000b47e    0000000e     game_gfx.obj (.text:set_button1_text)
                  0000b48c    0000000e     game_gfx.obj (.text:set_button2_text)
                  0000b49a    0000000e     game_gfx.obj (.text:set_button3_text)
                  0000b4a8    0000000e     game_gfx.obj (.text:set_button4_text)
                  0000b4b6    0000000e     rts430_eabi.lib : strlen.obj (.text:strlen)
                  0000b4c4    0000000e     tft_master.obj (.text:tft_init_hw)
                  0000b4d2    00000006     rts430_eabi.lib : isr_trap.obj (.text:__TI_ISR_TRAP)
                  0000b4d8    00000004                     : pre_init.obj (.text:_system_pre_init)
                  0000b4dc    00000004                     : exit.obj (.text:abort)

.const     0    0000b4e0    00000676     
                  0000b4e0    000004fb     tft_gfx.obj (.const:.string:font)
                  0000b9db    00000001     --HOLE-- [fill = 0]
                  0000b9dc    00000101     rts430_eabi.lib : ctype.obj (.const:.string:_ctypes_)
                  0000badd    00000001     --HOLE-- [fill = 0]
                  0000bade    0000002c     game_gfx.obj (.const:.string)
                  0000bb0a    00000024     setup.obj (.const:.string)
                  0000bb2e    00000014     parser.obj (.const:.string)
                  0000bb42    00000014     rts430_eabi.lib : _printfi_min.obj (.const:.string)

.cinit     0    0000bb56    0000000a     
                  0000bb56    00000004     (.cinit..bss.load) [load image, compression = zero_init]
                  0000bb5a    00000002     (__TI_handler_table)
                  0000bb5c    00000004     (__TI_cinit_table)

PORT1      0    0000ffe4    00000002     
                  0000ffe4    00000002     tmr_int.obj (.int02)

PORT2      0    0000ffe6    00000002     
                  0000ffe6    00000002     rts430_eabi.lib : int03.obj (.int03)

ADC10      0    0000ffea    00000002     
                  0000ffea    00000002     rts430_eabi.lib : int05.obj (.int05)

USCIAB0TX 
*          0    0000ffec    00000002     
                  0000ffec    00000002     rts430_eabi.lib : int06.obj (.int06)

USCIAB0RX 
*          0    0000ffee    00000002     
                  0000ffee    00000002     rts430_eabi.lib : int07.obj (.int07)

TIMERA1    0    0000fff0    00000002     
                  0000fff0    00000002     rts430_eabi.lib : int08.obj (.int08)

TIMERA0    0    0000fff2    00000002     
                  0000fff2    00000002     rts430_eabi.lib : int09.obj (.int09)

WDT        0    0000fff4    00000002     
                  0000fff4    00000002     rts430_eabi.lib : int10.obj (.int10)

TIMERB1    0    0000fff8    00000002     
                  0000fff8    00000002     rts430_eabi.lib : int12.obj (.int12)

TIMERB0    0    0000fffa    00000002     
                  0000fffa    00000002     tmr_int.obj (.int13)

NMI        0    0000fffc    00000002     
                  0000fffc    00000002     rts430_eabi.lib : int14.obj (.int14)

.reset     0    0000fffe    00000002     
                  0000fffe    00000002     rts430_eabi.lib : boot.obj (.reset)


LINKER GENERATED COPY TABLES

__TI_cinit_table @ 0000bb5c records: 1, size/record: 4, table size: 4
	.bss: load addr=0000bb56, load size=00000004 bytes, run addr=00000200, run size=000000d5 bytes, compression=zero_init


LINKER GENERATED HANDLER TABLE

__TI_handler_table @ 0000bb5a records: 1, size/record: 2, table size: 2
	index: 0, handler: __TI_zero_init


GLOBAL SYMBOLS: SORTED ALPHABETICALLY BY Name 

address    name
--------   ----
0000004a   ADC10AE0
0000004b   ADC10AE1
000001b0   ADC10CTL0
000001b2   ADC10CTL1
00000048   ADC10DTC0
00000049   ADC10DTC1
000001b4   ADC10MEM
000001bc   ADC10SA
00000057   BCSCTL1
00000058   BCSCTL2
00000053   BCSCTL3
0000b4dc   C$$EXIT
000010fb   CALBC1_12MHZ
000010f9   CALBC1_16MHZ
000010ff   CALBC1_1MHZ
000010fd   CALBC1_8MHZ
000010fa   CALDCO_12MHZ
000010f8   CALDCO_16MHZ
000010fe   CALDCO_1MHZ
000010fc   CALDCO_8MHZ
00000056   DCOCTL
00000128   FCTL1
0000012a   FCTL2
0000012c   FCTL3
00000000   IE1
00000001   IE2
00000002   IFG1
00000003   IFG2
000000c0   OA0CTL0
000000c1   OA0CTL1
000000c2   OA1CTL0
000000c3   OA1CTL1
00000022   P1DIR
00000025   P1IE
00000024   P1IES
00000023   P1IFG
00000020   P1IN
00000021   P1OUT
00000027   P1REN
00000026   P1SEL
0000002a   P2DIR
0000002d   P2IE
0000002c   P2IES
0000002b   P2IFG
00000028   P2IN
00000029   P2OUT
0000002f   P2REN
0000002e   P2SEL
0000001a   P3DIR
00000018   P3IN
00000019   P3OUT
00000010   P3REN
0000001b   P3SEL
0000001e   P4DIR
0000001c   P4IN
0000001d   P4OUT
00000011   P4REN
0000001f   P4SEL
00000172   TACCR0
00000174   TACCR1
00000176   TACCR2
00000162   TACCTL0
00000164   TACCTL1
00000166   TACCTL2
00000160   TACTL
0000012e   TAIV
00000170   TAR
00000192   TBCCR0
00000194   TBCCR1
00000196   TBCCR2
00000182   TBCCTL0
00000184   TBCCTL1
00000186   TBCCTL2
00000180   TBCTL
0000011e   TBIV
00000190   TBR
0000005d   UCA0ABCTL
00000062   UCA0BR0
00000063   UCA0BR1
00000060   UCA0CTL0
00000061   UCA0CTL1
0000005f   UCA0IRRCTL
0000005e   UCA0IRTCTL
00000064   UCA0MCTL
00000066   UCA0RXBUF
00000065   UCA0STAT
00000067   UCA0TXBUF
0000006a   UCB0BR0
0000006b   UCB0BR1
00000068   UCB0CTL0
00000069   UCB0CTL1
0000006c   UCB0I2CIE
00000118   UCB0I2COA
0000011a   UCB0I2CSA
0000006e   UCB0RXBUF
0000006d   UCB0STAT
0000006f   UCB0TXBUF
00000120   WDTCTL
00000600   __STACK_END
00000050   __STACK_SIZE
0000bb5c   __TI_CINIT_Base
0000bb60   __TI_CINIT_Limit
0000bb5a   __TI_Handler_Table_Base
0000bb5c   __TI_Handler_Table_Limit
UNDEFED    __TI_INITARRAY_Base
UNDEFED    __TI_INITARRAY_Limit
0000b4d2   __TI_ISR_TRAP
00000001   __TI_args_main
00000001   __TI_exit
0000ffe4   __TI_int02
0000ffe6   __TI_int03
0000ffea   __TI_int05
0000ffec   __TI_int06
0000ffee   __TI_int07
0000fff0   __TI_int08
0000fff2   __TI_int09
0000fff4   __TI_int10
0000fff8   __TI_int12
0000fffa   __TI_int13
0000fffc   __TI_int14
00009ec6   __TI_printfi_minimal
0000b3ea   __TI_zero_init
ffffffff   __binit__
ffffffff   __c_args__
0000b3be   __mspabi_divu
0000ac86   __mspabi_divul
0000b46a   __mspabi_func_epilog_1
0000b468   __mspabi_func_epilog_2
0000b466   __mspabi_func_epilog_3
0000b464   __mspabi_func_epilog_4
0000b462   __mspabi_func_epilog_5
0000b460   __mspabi_func_epilog_6
0000b45e   __mspabi_func_epilog_7
0000b412   __mspabi_mpyi
0000b1c6   __mspabi_mpyl
0000b1ec   __mspabi_mpyul
0000b3be   __mspabi_remu
0000ac86   __mspabi_remul
0000b146   __mspabi_slli
0000b16e   __mspabi_slli_1
0000b15c   __mspabi_slli_10
0000b15a   __mspabi_slli_11
0000b158   __mspabi_slli_12
0000b156   __mspabi_slli_13
0000b154   __mspabi_slli_14
0000b152   __mspabi_slli_15
0000b16c   __mspabi_slli_2
0000b16a   __mspabi_slli_3
0000b168   __mspabi_slli_4
0000b166   __mspabi_slli_5
0000b164   __mspabi_slli_6
0000b162   __mspabi_slli_7
0000b160   __mspabi_slli_8
0000b15e   __mspabi_slli_9
0000affe   __mspabi_slll_1
0000afda   __mspabi_slll_10
0000afd6   __mspabi_slll_11
0000afd2   __mspabi_slll_12
0000afce   __mspabi_slll_13
0000afca   __mspabi_slll_14
0000afc6   __mspabi_slll_15
0000affa   __mspabi_slll_2
0000aff6   __mspabi_slll_3
0000aff2   __mspabi_slll_4
0000afee   __mspabi_slll_5
0000afea   __mspabi_slll_6
0000afe6   __mspabi_slll_7
0000afe2   __mspabi_slll_8
0000afde   __mspabi_slll_9
0000add6   __mspabi_srli
0000ae1c   __mspabi_srli_1
0000adf8   __mspabi_srli_10
0000adf4   __mspabi_srli_11
0000adf0   __mspabi_srli_12
0000adec   __mspabi_srli_13
0000ade8   __mspabi_srli_14
0000ade4   __mspabi_srli_15
0000ae18   __mspabi_srli_2
0000ae14   __mspabi_srli_3
0000ae10   __mspabi_srli_4
0000ae0c   __mspabi_srli_5
0000ae08   __mspabi_srli_6
0000ae04   __mspabi_srli_7
0000ae00   __mspabi_srli_8
0000adfc   __mspabi_srli_9
0000abc6   __mspabi_srll_1
0000ab90   __mspabi_srll_10
0000ab8a   __mspabi_srll_11
0000ab84   __mspabi_srll_12
0000ab7e   __mspabi_srll_13
0000ab78   __mspabi_srll_14
0000ab72   __mspabi_srll_15
0000abc0   __mspabi_srll_2
0000abba   __mspabi_srll_3
0000abb4   __mspabi_srll_4
0000abae   __mspabi_srll_5
0000aba8   __mspabi_srll_6
0000aba2   __mspabi_srll_7
0000ab9c   __mspabi_srll_8
0000ab96   __mspabi_srll_9
0000ab14   _auto_init
0000b2a6   _c_int00
0000b2a6   _c_int00_noexit
0000b9dc   _ctypes_
000002ba   _height
0000fffe   _reset_vector
000005b0   _stack
0000b4d8   _system_pre_init
000002bc   _width
0000b4dc   abort
000002d3   activeButton
0000ad34   atoi
0000022a   attacks
ffffffff   binit
00000284   bmp_header
0000028c   btn1
00000294   btn2
0000029c   btn3
000002a4   btn4
00000252   buffer
0000a826   button_handler
000002be   cursor_x
000002c0   cursor_y
0000b172   delay_ms
00008e4c   disk_initialize
00009f90   disk_readp
00009d1e   drawButton
0000b004   draw_borders
00009762   draw_health
0000a8a4   draw_names
000002c2   dres
000002c4   flagReg
00000200   fs
0000a682   get_Name
0000a27c   get_attack_Name
00008aa4   get_pokemon_data
000085e0   get_pokemon_image
0000886e   get_pokemon_team
0000af84   initButtons
0000b040   init_button
0000b20e   init_systimer
00009522   main
0000b28a   memccpy
0000b44c   memcpy
0000b3fe   memset
000002ac   ms_time
0000aeb6   ms_timer_handler
00000270   name
0000a922   parseCommaData
0000a98e   parsedata
00008000   pf_mount
00009df8   pf_open
00008c90   pf_read
000002c6   pres
000002d4   selectedButton
0000b47e   set_button1_text
0000b48c   set_button2_text
0000b49a   set_button3_text
0000b4a8   set_button4_text
0000a10e   setup_lcd_fs
0000b46e   setup_timer_buttons
0000b19c   spi_initialize
0000b3d4   spi_receive
0000b24e   spi_send
0000b118   spi_set_divisor
0000b07a   sprintf
000002c8   start_pos
0000b4b6   strlen
000002ca   textbgcolor
000002cc   textcolor
000002ce   textsize
0000b0b2   tft_Color565
00008300   tft_begin
00008fe4   tft_drawChar
00009154   tft_drawCircle
000092b6   tft_drawCircleHelper
0000a7a2   tft_drawFastHLine
0000a718   tft_drawFastVLine
0000ac2a   tft_drawPixel
0000aab4   tft_drawRect
000093ec   tft_drawRoundRect
0000af40   tft_fillCircle
00009878   tft_fillCircleHelper
0000a32e   tft_fillRect
0000a48e   tft_fillRoundRect
0000b22e   tft_fillScreen
0000b4c4   tft_init_hw
0000b2da   tft_pushColor
0000ae22   tft_setAddrWindow
0000b38e   tft_setCursor
0000b426   tft_setTextColor
0000b2f4   tft_setTextSize
0000b3a6   tft_spiwrite16
0000b30e   tft_spiwrite8
0000a3de   tft_write
0000b26c   tft_writeString
0000b328   tft_writecommand
0000b35c   tft_writedata
0000b342   tft_writedata16
000002b0   time_btn_enable
000002b4   time_push
0000a9f2   updateButtons
000002d0   wrap


GLOBAL SYMBOLS: SORTED BY Symbol Address 

address    name
--------   ----
00000000   IE1
00000001   IE2
00000001   __TI_args_main
00000001   __TI_exit
00000002   IFG1
00000003   IFG2
00000010   P3REN
00000011   P4REN
00000018   P3IN
00000019   P3OUT
0000001a   P3DIR
0000001b   P3SEL
0000001c   P4IN
0000001d   P4OUT
0000001e   P4DIR
0000001f   P4SEL
00000020   P1IN
00000021   P1OUT
00000022   P1DIR
00000023   P1IFG
00000024   P1IES
00000025   P1IE
00000026   P1SEL
00000027   P1REN
00000028   P2IN
00000029   P2OUT
0000002a   P2DIR
0000002b   P2IFG
0000002c   P2IES
0000002d   P2IE
0000002e   P2SEL
0000002f   P2REN
00000048   ADC10DTC0
00000049   ADC10DTC1
0000004a   ADC10AE0
0000004b   ADC10AE1
00000050   __STACK_SIZE
00000053   BCSCTL3
00000056   DCOCTL
00000057   BCSCTL1
00000058   BCSCTL2
0000005d   UCA0ABCTL
0000005e   UCA0IRTCTL
0000005f   UCA0IRRCTL
00000060   UCA0CTL0
00000061   UCA0CTL1
00000062   UCA0BR0
00000063   UCA0BR1
00000064   UCA0MCTL
00000065   UCA0STAT
00000066   UCA0RXBUF
00000067   UCA0TXBUF
00000068   UCB0CTL0
00000069   UCB0CTL1
0000006a   UCB0BR0
0000006b   UCB0BR1
0000006c   UCB0I2CIE
0000006d   UCB0STAT
0000006e   UCB0RXBUF
0000006f   UCB0TXBUF
000000c0   OA0CTL0
000000c1   OA0CTL1
000000c2   OA1CTL0
000000c3   OA1CTL1
00000118   UCB0I2COA
0000011a   UCB0I2CSA
0000011e   TBIV
00000120   WDTCTL
00000128   FCTL1
0000012a   FCTL2
0000012c   FCTL3
0000012e   TAIV
00000160   TACTL
00000162   TACCTL0
00000164   TACCTL1
00000166   TACCTL2
00000170   TAR
00000172   TACCR0
00000174   TACCR1
00000176   TACCR2
00000180   TBCTL
00000182   TBCCTL0
00000184   TBCCTL1
00000186   TBCCTL2
00000190   TBR
00000192   TBCCR0
00000194   TBCCR1
00000196   TBCCR2
000001b0   ADC10CTL0
000001b2   ADC10CTL1
000001b4   ADC10MEM
000001bc   ADC10SA
00000200   fs
0000022a   attacks
00000252   buffer
00000270   name
00000284   bmp_header
0000028c   btn1
00000294   btn2
0000029c   btn3
000002a4   btn4
000002ac   ms_time
000002b0   time_btn_enable
000002b4   time_push
000002ba   _height
000002bc   _width
000002be   cursor_x
000002c0   cursor_y
000002c2   dres
000002c4   flagReg
000002c6   pres
000002c8   start_pos
000002ca   textbgcolor
000002cc   textcolor
000002ce   textsize
000002d0   wrap
000002d3   activeButton
000002d4   selectedButton
000005b0   _stack
00000600   __STACK_END
000010f8   CALDCO_16MHZ
000010f9   CALBC1_16MHZ
000010fa   CALDCO_12MHZ
000010fb   CALBC1_12MHZ
000010fc   CALDCO_8MHZ
000010fd   CALBC1_8MHZ
000010fe   CALDCO_1MHZ
000010ff   CALBC1_1MHZ
00008000   pf_mount
00008300   tft_begin
000085e0   get_pokemon_image
0000886e   get_pokemon_team
00008aa4   get_pokemon_data
00008c90   pf_read
00008e4c   disk_initialize
00008fe4   tft_drawChar
00009154   tft_drawCircle
000092b6   tft_drawCircleHelper
000093ec   tft_drawRoundRect
00009522   main
00009762   draw_health
00009878   tft_fillCircleHelper
00009d1e   drawButton
00009df8   pf_open
00009ec6   __TI_printfi_minimal
00009f90   disk_readp
0000a10e   setup_lcd_fs
0000a27c   get_attack_Name
0000a32e   tft_fillRect
0000a3de   tft_write
0000a48e   tft_fillRoundRect
0000a682   get_Name
0000a718   tft_drawFastVLine
0000a7a2   tft_drawFastHLine
0000a826   button_handler
0000a8a4   draw_names
0000a922   parseCommaData
0000a98e   parsedata
0000a9f2   updateButtons
0000aab4   tft_drawRect
0000ab14   _auto_init
0000ab72   __mspabi_srll_15
0000ab78   __mspabi_srll_14
0000ab7e   __mspabi_srll_13
0000ab84   __mspabi_srll_12
0000ab8a   __mspabi_srll_11
0000ab90   __mspabi_srll_10
0000ab96   __mspabi_srll_9
0000ab9c   __mspabi_srll_8
0000aba2   __mspabi_srll_7
0000aba8   __mspabi_srll_6
0000abae   __mspabi_srll_5
0000abb4   __mspabi_srll_4
0000abba   __mspabi_srll_3
0000abc0   __mspabi_srll_2
0000abc6   __mspabi_srll_1
0000ac2a   tft_drawPixel
0000ac86   __mspabi_divul
0000ac86   __mspabi_remul
0000ad34   atoi
0000add6   __mspabi_srli
0000ade4   __mspabi_srli_15
0000ade8   __mspabi_srli_14
0000adec   __mspabi_srli_13
0000adf0   __mspabi_srli_12
0000adf4   __mspabi_srli_11
0000adf8   __mspabi_srli_10
0000adfc   __mspabi_srli_9
0000ae00   __mspabi_srli_8
0000ae04   __mspabi_srli_7
0000ae08   __mspabi_srli_6
0000ae0c   __mspabi_srli_5
0000ae10   __mspabi_srli_4
0000ae14   __mspabi_srli_3
0000ae18   __mspabi_srli_2
0000ae1c   __mspabi_srli_1
0000ae22   tft_setAddrWindow
0000aeb6   ms_timer_handler
0000af40   tft_fillCircle
0000af84   initButtons
0000afc6   __mspabi_slll_15
0000afca   __mspabi_slll_14
0000afce   __mspabi_slll_13
0000afd2   __mspabi_slll_12
0000afd6   __mspabi_slll_11
0000afda   __mspabi_slll_10
0000afde   __mspabi_slll_9
0000afe2   __mspabi_slll_8
0000afe6   __mspabi_slll_7
0000afea   __mspabi_slll_6
0000afee   __mspabi_slll_5
0000aff2   __mspabi_slll_4
0000aff6   __mspabi_slll_3
0000affa   __mspabi_slll_2
0000affe   __mspabi_slll_1
0000b004   draw_borders
0000b040   init_button
0000b07a   sprintf
0000b0b2   tft_Color565
0000b118   spi_set_divisor
0000b146   __mspabi_slli
0000b152   __mspabi_slli_15
0000b154   __mspabi_slli_14
0000b156   __mspabi_slli_13
0000b158   __mspabi_slli_12
0000b15a   __mspabi_slli_11
0000b15c   __mspabi_slli_10
0000b15e   __mspabi_slli_9
0000b160   __mspabi_slli_8
0000b162   __mspabi_slli_7
0000b164   __mspabi_slli_6
0000b166   __mspabi_slli_5
0000b168   __mspabi_slli_4
0000b16a   __mspabi_slli_3
0000b16c   __mspabi_slli_2
0000b16e   __mspabi_slli_1
0000b172   delay_ms
0000b19c   spi_initialize
0000b1c6   __mspabi_mpyl
0000b1ec   __mspabi_mpyul
0000b20e   init_systimer
0000b22e   tft_fillScreen
0000b24e   spi_send
0000b26c   tft_writeString
0000b28a   memccpy
0000b2a6   _c_int00
0000b2a6   _c_int00_noexit
0000b2da   tft_pushColor
0000b2f4   tft_setTextSize
0000b30e   tft_spiwrite8
0000b328   tft_writecommand
0000b342   tft_writedata16
0000b35c   tft_writedata
0000b38e   tft_setCursor
0000b3a6   tft_spiwrite16
0000b3be   __mspabi_divu
0000b3be   __mspabi_remu
0000b3d4   spi_receive
0000b3ea   __TI_zero_init
0000b3fe   memset
0000b412   __mspabi_mpyi
0000b426   tft_setTextColor
0000b44c   memcpy
0000b45e   __mspabi_func_epilog_7
0000b460   __mspabi_func_epilog_6
0000b462   __mspabi_func_epilog_5
0000b464   __mspabi_func_epilog_4
0000b466   __mspabi_func_epilog_3
0000b468   __mspabi_func_epilog_2
0000b46a   __mspabi_func_epilog_1
0000b46e   setup_timer_buttons
0000b47e   set_button1_text
0000b48c   set_button2_text
0000b49a   set_button3_text
0000b4a8   set_button4_text
0000b4b6   strlen
0000b4c4   tft_init_hw
0000b4d2   __TI_ISR_TRAP
0000b4d8   _system_pre_init
0000b4dc   C$$EXIT
0000b4dc   abort
0000b9dc   _ctypes_
0000bb5a   __TI_Handler_Table_Base
0000bb5c   __TI_CINIT_Base
0000bb5c   __TI_Handler_Table_Limit
0000bb60   __TI_CINIT_Limit
0000ffe4   __TI_int02
0000ffe6   __TI_int03
0000ffea   __TI_int05
0000ffec   __TI_int06
0000ffee   __TI_int07
0000fff0   __TI_int08
0000fff2   __TI_int09
0000fff4   __TI_int10
0000fff8   __TI_int12
0000fffa   __TI_int13
0000fffc   __TI_int14
0000fffe   _reset_vector
ffffffff   __binit__
ffffffff   __c_args__
ffffffff   binit
UNDEFED    __TI_INITARRAY_Base
UNDEFED    __TI_INITARRAY_Limit

[303 symbols]
