******************************************************************************
                  MSP430 Linker PC v4.3.3                      
******************************************************************************
>> Linked Sun May 03 00:09:24 2015

OUTPUT FILE NAME:   <LCD_Adafruit.out>
ENTRY POINT SYMBOL: "_c_int00"  address: 0000a21c


MEMORY CONFIGURATION

         name            origin    length      used     unused   attr    fill
----------------------  --------  ---------  --------  --------  ----  --------
  SFR                   00000000   00000010  00000000  00000010  RWIX
  PERIPHERALS_8BIT      00000010   000000f0  00000000  000000f0  RWIX
  PERIPHERALS_16BIT     00000100   00000100  00000000  00000100  RWIX
  RAM                   00000200   00000400  0000009b  00000365  RWIX
  INFOD                 00001000   00000040  00000000  00000040  RWIX
  INFOC                 00001040   00000040  00000000  00000040  RWIX
  INFOB                 00001080   00000040  00000000  00000040  RWIX
  INFOA                 000010c0   00000040  00000000  00000040  RWIX
  FLASH                 00008000   00007fde  00002a52  0000558c  RWIX
  INT00                 0000ffe0   00000002  00000000  00000002  RWIX
  INT01                 0000ffe2   00000002  00000000  00000002  RWIX
  INT02                 0000ffe4   00000002  00000002  00000000  RWIX
  INT03                 0000ffe6   00000002  00000002  00000000  RWIX
  INT04                 0000ffe8   00000002  00000000  00000002  RWIX
  INT05                 0000ffea   00000002  00000002  00000000  RWIX
  INT06                 0000ffec   00000002  00000002  00000000  RWIX
  INT07                 0000ffee   00000002  00000002  00000000  RWIX
  INT08                 0000fff0   00000002  00000002  00000000  RWIX
  INT09                 0000fff2   00000002  00000002  00000000  RWIX
  INT10                 0000fff4   00000002  00000002  00000000  RWIX
  INT11                 0000fff6   00000002  00000000  00000002  RWIX
  INT12                 0000fff8   00000002  00000002  00000000  RWIX
  INT13                 0000fffa   00000002  00000002  00000000  RWIX
  INT14                 0000fffc   00000002  00000002  00000000  RWIX
  RESET                 0000fffe   00000002  00000002  00000000  RWIX


SECTION ALLOCATION MAP

 output                                  attributes/
section   page    origin      length       input sections
--------  ----  ----------  ----------   ----------------
.init_array 
*          0    00008000    00000000     UNINITIALIZED

.bss       0    00000200    0000004b     UNINITIALIZED
                  00000200    00000008     (.common:bmp_header)
                  00000208    00000008     (.common:btn1)
                  00000210    00000008     (.common:btn2)
                  00000218    00000008     (.common:btn3)
                  00000220    00000008     (.common:btn4)
                  00000228    00000004     (.common:ms_time)
                  0000022c    00000004     (.common:time_btn_enable)
                  00000230    00000004     (.common:time_push)
                  00000234    00000002     (.common:FatFs)
                  00000236    00000002     (.common:_height)
                  00000238    00000002     (.common:_width)
                  0000023a    00000002     (.common:cursor_x)
                  0000023c    00000002     (.common:cursor_y)
                  0000023e    00000002     (.common:flagReg)
                  00000240    00000002     (.common:textbgcolor)
                  00000242    00000002     (.common:textcolor)
                  00000244    00000002     (.common:textsize)
                  00000246    00000002     (.common:wrap)
                  00000248    00000001     (.common:CardType)
                  00000249    00000001     (.common:activeButton)
                  0000024a    00000001     (.common:selectedButton)

.TI.noinit 
*          0    00000200    00000000     UNINITIALIZED

.stack     0    000005b0    00000050     UNINITIALIZED
                  000005b0    00000002     rts430_eabi.lib : boot.obj (.stack)
                  000005b2    0000004e     --HOLE--

.text      0    00008000    00002448     
                  00008000    000002de     tft_master.obj (.text:tft_begin)
                  000082de    0000022c     pff.obj (.text:pf_mount)
                  0000850a    00000194     game_gfx.obj (.text:get_pokemon)
                  0000869e    00000146     mmc.obj (.text:disk_initialize)
                  000087e4    00000134     main.obj (.text:main)
                  00008918    0000012a     tft_gfx.obj (.text:tft_drawCircle)
                  00008a42    0000011e     pff.obj (.text:pf_read)
                  00008b60    00000116     rts430_eabi.lib : _printfi_min.obj (.text:_setfield)
                  00008c76    00000114     tft_gfx.obj (.text:tft_drawChar)
                  00008d8a    000000fa     game_gfx.obj (.text:draw_health)
                  00008e84    000000d2     tft_gfx.obj (.text:tft_drawCircleHelper)
                  00008f56    000000d0     tft_gfx.obj (.text:tft_drawRoundRect)
                  00009026    000000ca     rts430_eabi.lib : _printfi_min.obj (.text:__TI_printfi_minimal)
                  000090f0    000000c8     tft_gfx.obj (.text:tft_fillCircleHelper)
                  000091b8    000000ba     pff.obj (.text:get_fat)
                  00009272    000000ae     pff.obj (.text:pf_open)
                  00009320    000000ac     pff.obj (.text:follow_path)
                  000093cc    000000aa     game_gfx.obj (.text:drawButton)
                  00009476    0000009a     pff.obj (.text:dir_next)
                  00009510    00000090     pff.obj (.text:check_fs)
                  000095a0    00000090     mmc.obj (.text:send_cmd)
                  00009630    0000008a     pff.obj (.text:create_name)
                  000096ba    00000086     mmc.obj (.text:disk_readp)
                  00009740    00000080     tft_master.obj (.text:tft_fillRect)
                  000097c0    0000007e     tft_gfx.obj (.text:tft_write)
                  0000983e    0000007a     tmr_int.obj (.text:button_handler)
                  000098b8    0000007a     pff.obj (.text:dir_find)
                  00009932    0000007a     tft_gfx.obj (.text:tft_fillRoundRect)
                  000099ac    00000072     pff.obj (.text:dir_rewind)
                  00009a1e    0000006e     game_gfx.obj (.text:message_write)
                  00009a8c    00000060     game_gfx.obj (.text:updateButtons)
                  00009aec    0000005e     rts430_eabi.lib : autoinit.obj (.text:_auto_init)
                  00009b4a    0000005c                     : lsr32.obj (.text:l_lsr_const)
                  00009ba6    0000005a     game_gfx.obj (.text:initButtons)
                  00009c00    00000058     rts430_eabi.lib : div32u.obj (.text)
                  00009c58    00000056                     : _printfi_min.obj (.text:_ltostr)
                  00009cae    00000050     tft_master.obj (.text:tft_drawFastHLine)
                  00009cfe    00000050     tft_master.obj (.text:tft_drawFastVLine)
                  00009d4e    0000004e     rts430_eabi.lib : _printfi_min.obj (.text:_pproc_diouxp)
                  00009d9c    0000004c                     : lsr16.obj (.text)
                  00009de8    0000004c     tft_gfx.obj (.text:tft_drawRect)
                  00009e34    00000048     rts430_eabi.lib : _printfi_min.obj (.text:_pproc_str)
                  00009e7c    00000044     tmr_int.obj (.text:ms_timer_handler)
                  00009ec0    00000040     pff.obj (.text:clust2sect)
                  00009f00    0000003e     rts430_eabi.lib : lsl32.obj (.text:l_lsl_const)
                  00009f3e    0000003c     game_gfx.obj (.text:draw_borders)
                  00009f7a    0000003c     game_gfx.obj (.text:draw_names)
                  00009fb6    0000003a     tmr_int.obj (.text:init_button)
                  00009ff0    0000003a     tft_master.obj (.text:tft_drawPixel)
                  0000a02a    00000038     rts430_eabi.lib : sprintf.obj (.text:sprintf)
                  0000a062    00000038     tft_gfx.obj (.text:tft_fillCircle)
                  0000a09a    00000034     tft_master.obj (.text:tft_setAddrWindow)
                  0000a0ce    0000002e     rts430_eabi.lib : _printfi_min.obj (.text:_getarg_diouxp)
                  0000a0fc    0000002c                     : lsl16.obj (.text)
                  0000a128    0000002a     usci_spi.obj (.text:spi_initialize)
                  0000a152    00000026     rts430_eabi.lib : mult32.obj (.text)
                  0000a178    00000024     tft_master.obj (.text:tft_Color565)
                  0000a19c    00000022     rts430_eabi.lib : mult1632.obj (.text:__mpyul)
                  0000a1be    00000022     usci_spi.obj (.text:spi_set_divisor)
                  0000a1e0    00000020     tmr_int.obj (.text:init_systimer)
                  0000a200    0000001c     rts430_eabi.lib : memccpy.obj (.text:memccpy)
                  0000a21c    0000001a                     : boot.obj (.text:_c_int00_noexit)
                  0000a236    0000001a                     : sprintf.obj (.text:_outs)
                  0000a250    0000001a     tft_master.obj (.text:delay_ms)
                  0000a26a    0000001a     tft_master.obj (.text:tft_fillScreen)
                  0000a284    00000018     rts430_eabi.lib : _printfi_min.obj (.text:_div)
                  0000a29c    00000018     pff.obj (.text:mem_cmp)
                  0000a2b4    00000016     rts430_eabi.lib : div16u.obj (.text)
                  0000a2ca    00000016     usci_spi.obj (.text:spi_receive)
                  0000a2e0    00000016     usci_spi.obj (.text:spi_send)
                  0000a2f6    00000016     tft_gfx.obj (.text:tft_writeString)
                  0000a30c    00000014     rts430_eabi.lib : copy_zero_init.obj (.text:decompress:ZI:__TI_zero_init)
                  0000a320    00000014                     : memset.obj (.text:memset)
                  0000a334    00000014                     : mult16.obj (.text)
                  0000a348    00000012                     : sprintf.obj (.text:_outc)
                  0000a35a    00000012                     : memcpy.obj (.text:memcpy)
                  0000a36c    00000012     tft_master.obj (.text:tft_pushColor)
                  0000a37e    00000012     tft_gfx.obj (.text:tft_setTextSize)
                  0000a390    00000012     tft_master.obj (.text:tft_spiwrite16)
                  0000a3a2    00000012     tft_master.obj (.text:tft_spiwrite8)
                  0000a3b4    00000012     tft_master.obj (.text:tft_writecommand)
                  0000a3c6    00000012     tft_master.obj (.text:tft_writedata16)
                  0000a3d8    00000012     tft_master.obj (.text:tft_writedata)
                  0000a3ea    00000010     pff.obj (.text:mem_set)
                  0000a3fa    00000010     rts430_eabi.lib : epilog.obj (.text)
                  0000a40a    0000000e                     : strlen.obj (.text:strlen)
                  0000a418    0000000e     tft_master.obj (.text:tft_init_hw)
                  0000a426    0000000a     tft_gfx.obj (.text:tft_setCursor)
                  0000a430    0000000a     tft_gfx.obj (.text:tft_setTextColor)
                  0000a43a    00000006     rts430_eabi.lib : isr_trap.obj (.text:__TI_ISR_TRAP)
                  0000a440    00000004                     : pre_init.obj (.text:_system_pre_init)
                  0000a444    00000004                     : exit.obj (.text:abort)

.const     0    0000a448    00000600     
                  0000a448    000004fb     tft_gfx.obj (.const:.string:font)
                  0000a943    00000001     --HOLE-- [fill = 0]
                  0000a944    000000a0     main.obj (.const:.string)
                  0000a9e4    00000048     game_gfx.obj (.const:.string)
                  0000aa2c    00000014     rts430_eabi.lib : _printfi_min.obj (.const:.string)
                  0000aa40    00000008     game_gfx.obj (.const:MSG_COLOR)

.cinit     0    0000aa48    0000000a     
                  0000aa48    00000004     (.cinit..bss.load) [load image, compression = zero_init]
                  0000aa4c    00000002     (__TI_handler_table)
                  0000aa4e    00000004     (__TI_cinit_table)

PORT1      0    0000ffe4    00000002     
                  0000ffe4    00000002     tmr_int.obj (.int02)

PORT2      0    0000ffe6    00000002     
                  0000ffe6    00000002     rts430_eabi.lib : int03.obj (.int03)

ADC10      0    0000ffea    00000002     
                  0000ffea    00000002     rts430_eabi.lib : int05.obj (.int05)

USCIAB0TX 
*          0    0000ffec    00000002     
                  0000ffec    00000002     rts430_eabi.lib : int06.obj (.int06)

USCIAB0RX 
*          0    0000ffee    00000002     
                  0000ffee    00000002     rts430_eabi.lib : int07.obj (.int07)

TIMERA1    0    0000fff0    00000002     
                  0000fff0    00000002     rts430_eabi.lib : int08.obj (.int08)

TIMERA0    0    0000fff2    00000002     
                  0000fff2    00000002     rts430_eabi.lib : int09.obj (.int09)

WDT        0    0000fff4    00000002     
                  0000fff4    00000002     rts430_eabi.lib : int10.obj (.int10)

TIMERB1    0    0000fff8    00000002     
                  0000fff8    00000002     rts430_eabi.lib : int12.obj (.int12)

TIMERB0    0    0000fffa    00000002     
                  0000fffa    00000002     tmr_int.obj (.int13)

NMI        0    0000fffc    00000002     
                  0000fffc    00000002     rts430_eabi.lib : int14.obj (.int14)

.reset     0    0000fffe    00000002     
                  0000fffe    00000002     rts430_eabi.lib : boot.obj (.reset)


LINKER GENERATED COPY TABLES

__TI_cinit_table @ 0000aa4e records: 1, size/record: 4, table size: 4
	.bss: load addr=0000aa48, load size=00000004 bytes, run addr=00000200, run size=0000004b bytes, compression=zero_init


LINKER GENERATED HANDLER TABLE

__TI_handler_table @ 0000aa4c records: 1, size/record: 2, table size: 2
	index: 0, handler: __TI_zero_init


GLOBAL SYMBOLS: SORTED ALPHABETICALLY BY Name 

address    name
--------   ----
0000004a   ADC10AE0
0000004b   ADC10AE1
000001b0   ADC10CTL0
000001b2   ADC10CTL1
00000048   ADC10DTC0
00000049   ADC10DTC1
000001b4   ADC10MEM
000001bc   ADC10SA
00000057   BCSCTL1
00000058   BCSCTL2
00000053   BCSCTL3
0000a444   C$$EXIT
000010fb   CALBC1_12MHZ
000010f9   CALBC1_16MHZ
000010ff   CALBC1_1MHZ
000010fd   CALBC1_8MHZ
000010fa   CALDCO_12MHZ
000010f8   CALDCO_16MHZ
000010fe   CALDCO_1MHZ
000010fc   CALDCO_8MHZ
00000056   DCOCTL
00000128   FCTL1
0000012a   FCTL2
0000012c   FCTL3
00000000   IE1
00000001   IE2
00000002   IFG1
00000003   IFG2
0000aa40   MSG_COLOR
000000c0   OA0CTL0
000000c1   OA0CTL1
000000c2   OA1CTL0
000000c3   OA1CTL1
00000022   P1DIR
00000025   P1IE
00000024   P1IES
00000023   P1IFG
00000020   P1IN
00000021   P1OUT
00000027   P1REN
00000026   P1SEL
0000002a   P2DIR
0000002d   P2IE
0000002c   P2IES
0000002b   P2IFG
00000028   P2IN
00000029   P2OUT
0000002f   P2REN
0000002e   P2SEL
0000001a   P3DIR
00000018   P3IN
00000019   P3OUT
00000010   P3REN
0000001b   P3SEL
0000001e   P4DIR
0000001c   P4IN
0000001d   P4OUT
00000011   P4REN
0000001f   P4SEL
00000172   TACCR0
00000174   TACCR1
00000176   TACCR2
00000162   TACCTL0
00000164   TACCTL1
00000166   TACCTL2
00000160   TACTL
0000012e   TAIV
00000170   TAR
00000192   TBCCR0
00000194   TBCCR1
00000196   TBCCR2
00000182   TBCCTL0
00000184   TBCCTL1
00000186   TBCCTL2
00000180   TBCTL
0000011e   TBIV
00000190   TBR
0000005d   UCA0ABCTL
00000062   UCA0BR0
00000063   UCA0BR1
00000060   UCA0CTL0
00000061   UCA0CTL1
0000005f   UCA0IRRCTL
0000005e   UCA0IRTCTL
00000064   UCA0MCTL
00000066   UCA0RXBUF
00000065   UCA0STAT
00000067   UCA0TXBUF
0000006a   UCB0BR0
0000006b   UCB0BR1
00000068   UCB0CTL0
00000069   UCB0CTL1
0000006c   UCB0I2CIE
00000118   UCB0I2COA
0000011a   UCB0I2CSA
0000006e   UCB0RXBUF
0000006d   UCB0STAT
0000006f   UCB0TXBUF
00000120   WDTCTL
00000600   __STACK_END
00000050   __STACK_SIZE
0000aa4e   __TI_CINIT_Base
0000aa52   __TI_CINIT_Limit
0000aa4c   __TI_Handler_Table_Base
0000aa4e   __TI_Handler_Table_Limit
UNDEFED    __TI_INITARRAY_Base
UNDEFED    __TI_INITARRAY_Limit
0000a43a   __TI_ISR_TRAP
00000001   __TI_args_main
00000001   __TI_exit
0000ffe4   __TI_int02
0000ffe6   __TI_int03
0000ffea   __TI_int05
0000ffec   __TI_int06
0000ffee   __TI_int07
0000fff0   __TI_int08
0000fff2   __TI_int09
0000fff4   __TI_int10
0000fff8   __TI_int12
0000fffa   __TI_int13
0000fffc   __TI_int14
00009026   __TI_printfi_minimal
0000a30c   __TI_zero_init
ffffffff   __binit__
ffffffff   __c_args__
0000a2b4   __mspabi_divu
00009c00   __mspabi_divul
0000a406   __mspabi_func_epilog_1
0000a404   __mspabi_func_epilog_2
0000a402   __mspabi_func_epilog_3
0000a400   __mspabi_func_epilog_4
0000a3fe   __mspabi_func_epilog_5
0000a3fc   __mspabi_func_epilog_6
0000a3fa   __mspabi_func_epilog_7
0000a334   __mspabi_mpyi
0000a152   __mspabi_mpyl
0000a19c   __mspabi_mpyul
0000a2b4   __mspabi_remu
00009c00   __mspabi_remul
0000a0fc   __mspabi_slli
0000a124   __mspabi_slli_1
0000a112   __mspabi_slli_10
0000a110   __mspabi_slli_11
0000a10e   __mspabi_slli_12
0000a10c   __mspabi_slli_13
0000a10a   __mspabi_slli_14
0000a108   __mspabi_slli_15
0000a122   __mspabi_slli_2
0000a120   __mspabi_slli_3
0000a11e   __mspabi_slli_4
0000a11c   __mspabi_slli_5
0000a11a   __mspabi_slli_6
0000a118   __mspabi_slli_7
0000a116   __mspabi_slli_8
0000a114   __mspabi_slli_9
00009f38   __mspabi_slll_1
00009f14   __mspabi_slll_10
00009f10   __mspabi_slll_11
00009f0c   __mspabi_slll_12
00009f08   __mspabi_slll_13
00009f04   __mspabi_slll_14
00009f00   __mspabi_slll_15
00009f34   __mspabi_slll_2
00009f30   __mspabi_slll_3
00009f2c   __mspabi_slll_4
00009f28   __mspabi_slll_5
00009f24   __mspabi_slll_6
00009f20   __mspabi_slll_7
00009f1c   __mspabi_slll_8
00009f18   __mspabi_slll_9
00009d9c   __mspabi_srli
00009de2   __mspabi_srli_1
00009dbe   __mspabi_srli_10
00009dba   __mspabi_srli_11
00009db6   __mspabi_srli_12
00009db2   __mspabi_srli_13
00009dae   __mspabi_srli_14
00009daa   __mspabi_srli_15
00009dde   __mspabi_srli_2
00009dda   __mspabi_srli_3
00009dd6   __mspabi_srli_4
00009dd2   __mspabi_srli_5
00009dce   __mspabi_srli_6
00009dca   __mspabi_srli_7
00009dc6   __mspabi_srli_8
00009dc2   __mspabi_srli_9
00009b9e   __mspabi_srll_1
00009b68   __mspabi_srll_10
00009b62   __mspabi_srll_11
00009b5c   __mspabi_srll_12
00009b56   __mspabi_srll_13
00009b50   __mspabi_srll_14
00009b4a   __mspabi_srll_15
00009b98   __mspabi_srll_2
00009b92   __mspabi_srll_3
00009b8c   __mspabi_srll_4
00009b86   __mspabi_srll_5
00009b80   __mspabi_srll_6
00009b7a   __mspabi_srll_7
00009b74   __mspabi_srll_8
00009b6e   __mspabi_srll_9
00009aec   _auto_init
0000a21c   _c_int00
0000a21c   _c_int00_noexit
00000236   _height
0000fffe   _reset_vector
000005b0   _stack
0000a440   _system_pre_init
00000238   _width
0000a444   abort
00000249   activeButton
ffffffff   binit
00000200   bmp_header
00000208   btn1
00000210   btn2
00000218   btn3
00000220   btn4
0000983e   button_handler
0000023a   cursor_x
0000023c   cursor_y
0000a250   delay_ms
0000869e   disk_initialize
000096ba   disk_readp
000093cc   drawButton
00009f3e   draw_borders
00008d8a   draw_health
00009f7a   draw_names
0000023e   flagReg
0000850a   get_pokemon
00009ba6   initButtons
00009fb6   init_button
0000a1e0   init_systimer
000087e4   main
0000a200   memccpy
0000a35a   memcpy
0000a320   memset
00009a1e   message_write
00000228   ms_time
00009e7c   ms_timer_handler
000082de   pf_mount
00009272   pf_open
00008a42   pf_read
0000024a   selectedButton
0000a128   spi_initialize
0000a2ca   spi_receive
0000a2e0   spi_send
0000a1be   spi_set_divisor
0000a02a   sprintf
0000a40a   strlen
00000240   textbgcolor
00000242   textcolor
00000244   textsize
0000a178   tft_Color565
00008000   tft_begin
00008c76   tft_drawChar
00008918   tft_drawCircle
00008e84   tft_drawCircleHelper
00009cae   tft_drawFastHLine
00009cfe   tft_drawFastVLine
00009ff0   tft_drawPixel
00009de8   tft_drawRect
00008f56   tft_drawRoundRect
0000a062   tft_fillCircle
000090f0   tft_fillCircleHelper
00009740   tft_fillRect
00009932   tft_fillRoundRect
0000a26a   tft_fillScreen
0000a418   tft_init_hw
0000a36c   tft_pushColor
0000a09a   tft_setAddrWindow
0000a426   tft_setCursor
0000a430   tft_setTextColor
0000a37e   tft_setTextSize
0000a390   tft_spiwrite16
0000a3a2   tft_spiwrite8
000097c0   tft_write
0000a2f6   tft_writeString
0000a3b4   tft_writecommand
0000a3d8   tft_writedata
0000a3c6   tft_writedata16
0000022c   time_btn_enable
00000230   time_push
00009a8c   updateButtons
00000246   wrap


GLOBAL SYMBOLS: SORTED BY Symbol Address 

address    name
--------   ----
00000000   IE1
00000001   IE2
00000001   __TI_args_main
00000001   __TI_exit
00000002   IFG1
00000003   IFG2
00000010   P3REN
00000011   P4REN
00000018   P3IN
00000019   P3OUT
0000001a   P3DIR
0000001b   P3SEL
0000001c   P4IN
0000001d   P4OUT
0000001e   P4DIR
0000001f   P4SEL
00000020   P1IN
00000021   P1OUT
00000022   P1DIR
00000023   P1IFG
00000024   P1IES
00000025   P1IE
00000026   P1SEL
00000027   P1REN
00000028   P2IN
00000029   P2OUT
0000002a   P2DIR
0000002b   P2IFG
0000002c   P2IES
0000002d   P2IE
0000002e   P2SEL
0000002f   P2REN
00000048   ADC10DTC0
00000049   ADC10DTC1
0000004a   ADC10AE0
0000004b   ADC10AE1
00000050   __STACK_SIZE
00000053   BCSCTL3
00000056   DCOCTL
00000057   BCSCTL1
00000058   BCSCTL2
0000005d   UCA0ABCTL
0000005e   UCA0IRTCTL
0000005f   UCA0IRRCTL
00000060   UCA0CTL0
00000061   UCA0CTL1
00000062   UCA0BR0
00000063   UCA0BR1
00000064   UCA0MCTL
00000065   UCA0STAT
00000066   UCA0RXBUF
00000067   UCA0TXBUF
00000068   UCB0CTL0
00000069   UCB0CTL1
0000006a   UCB0BR0
0000006b   UCB0BR1
0000006c   UCB0I2CIE
0000006d   UCB0STAT
0000006e   UCB0RXBUF
0000006f   UCB0TXBUF
000000c0   OA0CTL0
000000c1   OA0CTL1
000000c2   OA1CTL0
000000c3   OA1CTL1
00000118   UCB0I2COA
0000011a   UCB0I2CSA
0000011e   TBIV
00000120   WDTCTL
00000128   FCTL1
0000012a   FCTL2
0000012c   FCTL3
0000012e   TAIV
00000160   TACTL
00000162   TACCTL0
00000164   TACCTL1
00000166   TACCTL2
00000170   TAR
00000172   TACCR0
00000174   TACCR1
00000176   TACCR2
00000180   TBCTL
00000182   TBCCTL0
00000184   TBCCTL1
00000186   TBCCTL2
00000190   TBR
00000192   TBCCR0
00000194   TBCCR1
00000196   TBCCR2
000001b0   ADC10CTL0
000001b2   ADC10CTL1
000001b4   ADC10MEM
000001bc   ADC10SA
00000200   bmp_header
00000208   btn1
00000210   btn2
00000218   btn3
00000220   btn4
00000228   ms_time
0000022c   time_btn_enable
00000230   time_push
00000236   _height
00000238   _width
0000023a   cursor_x
0000023c   cursor_y
0000023e   flagReg
00000240   textbgcolor
00000242   textcolor
00000244   textsize
00000246   wrap
00000249   activeButton
0000024a   selectedButton
000005b0   _stack
00000600   __STACK_END
000010f8   CALDCO_16MHZ
000010f9   CALBC1_16MHZ
000010fa   CALDCO_12MHZ
000010fb   CALBC1_12MHZ
000010fc   CALDCO_8MHZ
000010fd   CALBC1_8MHZ
000010fe   CALDCO_1MHZ
000010ff   CALBC1_1MHZ
00008000   tft_begin
000082de   pf_mount
0000850a   get_pokemon
0000869e   disk_initialize
000087e4   main
00008918   tft_drawCircle
00008a42   pf_read
00008c76   tft_drawChar
00008d8a   draw_health
00008e84   tft_drawCircleHelper
00008f56   tft_drawRoundRect
00009026   __TI_printfi_minimal
000090f0   tft_fillCircleHelper
00009272   pf_open
000093cc   drawButton
000096ba   disk_readp
00009740   tft_fillRect
000097c0   tft_write
0000983e   button_handler
00009932   tft_fillRoundRect
00009a1e   message_write
00009a8c   updateButtons
00009aec   _auto_init
00009b4a   __mspabi_srll_15
00009b50   __mspabi_srll_14
00009b56   __mspabi_srll_13
00009b5c   __mspabi_srll_12
00009b62   __mspabi_srll_11
00009b68   __mspabi_srll_10
00009b6e   __mspabi_srll_9
00009b74   __mspabi_srll_8
00009b7a   __mspabi_srll_7
00009b80   __mspabi_srll_6
00009b86   __mspabi_srll_5
00009b8c   __mspabi_srll_4
00009b92   __mspabi_srll_3
00009b98   __mspabi_srll_2
00009b9e   __mspabi_srll_1
00009ba6   initButtons
00009c00   __mspabi_divul
00009c00   __mspabi_remul
00009cae   tft_drawFastHLine
00009cfe   tft_drawFastVLine
00009d9c   __mspabi_srli
00009daa   __mspabi_srli_15
00009dae   __mspabi_srli_14
00009db2   __mspabi_srli_13
00009db6   __mspabi_srli_12
00009dba   __mspabi_srli_11
00009dbe   __mspabi_srli_10
00009dc2   __mspabi_srli_9
00009dc6   __mspabi_srli_8
00009dca   __mspabi_srli_7
00009dce   __mspabi_srli_6
00009dd2   __mspabi_srli_5
00009dd6   __mspabi_srli_4
00009dda   __mspabi_srli_3
00009dde   __mspabi_srli_2
00009de2   __mspabi_srli_1
00009de8   tft_drawRect
00009e7c   ms_timer_handler
00009f00   __mspabi_slll_15
00009f04   __mspabi_slll_14
00009f08   __mspabi_slll_13
00009f0c   __mspabi_slll_12
00009f10   __mspabi_slll_11
00009f14   __mspabi_slll_10
00009f18   __mspabi_slll_9
00009f1c   __mspabi_slll_8
00009f20   __mspabi_slll_7
00009f24   __mspabi_slll_6
00009f28   __mspabi_slll_5
00009f2c   __mspabi_slll_4
00009f30   __mspabi_slll_3
00009f34   __mspabi_slll_2
00009f38   __mspabi_slll_1
00009f3e   draw_borders
00009f7a   draw_names
00009fb6   init_button
00009ff0   tft_drawPixel
0000a02a   sprintf
0000a062   tft_fillCircle
0000a09a   tft_setAddrWindow
0000a0fc   __mspabi_slli
0000a108   __mspabi_slli_15
0000a10a   __mspabi_slli_14
0000a10c   __mspabi_slli_13
0000a10e   __mspabi_slli_12
0000a110   __mspabi_slli_11
0000a112   __mspabi_slli_10
0000a114   __mspabi_slli_9
0000a116   __mspabi_slli_8
0000a118   __mspabi_slli_7
0000a11a   __mspabi_slli_6
0000a11c   __mspabi_slli_5
0000a11e   __mspabi_slli_4
0000a120   __mspabi_slli_3
0000a122   __mspabi_slli_2
0000a124   __mspabi_slli_1
0000a128   spi_initialize
0000a152   __mspabi_mpyl
0000a178   tft_Color565
0000a19c   __mspabi_mpyul
0000a1be   spi_set_divisor
0000a1e0   init_systimer
0000a200   memccpy
0000a21c   _c_int00
0000a21c   _c_int00_noexit
0000a250   delay_ms
0000a26a   tft_fillScreen
0000a2b4   __mspabi_divu
0000a2b4   __mspabi_remu
0000a2ca   spi_receive
0000a2e0   spi_send
0000a2f6   tft_writeString
0000a30c   __TI_zero_init
0000a320   memset
0000a334   __mspabi_mpyi
0000a35a   memcpy
0000a36c   tft_pushColor
0000a37e   tft_setTextSize
0000a390   tft_spiwrite16
0000a3a2   tft_spiwrite8
0000a3b4   tft_writecommand
0000a3c6   tft_writedata16
0000a3d8   tft_writedata
0000a3fa   __mspabi_func_epilog_7
0000a3fc   __mspabi_func_epilog_6
0000a3fe   __mspabi_func_epilog_5
0000a400   __mspabi_func_epilog_4
0000a402   __mspabi_func_epilog_3
0000a404   __mspabi_func_epilog_2
0000a406   __mspabi_func_epilog_1
0000a40a   strlen
0000a418   tft_init_hw
0000a426   tft_setCursor
0000a430   tft_setTextColor
0000a43a   __TI_ISR_TRAP
0000a440   _system_pre_init
0000a444   C$$EXIT
0000a444   abort
0000aa40   MSG_COLOR
0000aa4c   __TI_Handler_Table_Base
0000aa4e   __TI_CINIT_Base
0000aa4e   __TI_Handler_Table_Limit
0000aa52   __TI_CINIT_Limit
0000ffe4   __TI_int02
0000ffe6   __TI_int03
0000ffea   __TI_int05
0000ffec   __TI_int06
0000ffee   __TI_int07
0000fff0   __TI_int08
0000fff2   __TI_int09
0000fff4   __TI_int10
0000fff8   __TI_int12
0000fffa   __TI_int13
0000fffc   __TI_int14
0000fffe   _reset_vector
ffffffff   __binit__
ffffffff   __c_args__
ffffffff   binit
UNDEFED    __TI_INITARRAY_Base
UNDEFED    __TI_INITARRAY_Limit

[284 symbols]
