******************************************************************************
                  MSP430 Linker PC v4.3.3                      
******************************************************************************
>> Linked Mon May 04 04:19:05 2015

OUTPUT FILE NAME:   <radio_example.out>
ENTRY POINT SYMBOL: "_c_int00"  address: 0000a7b8


MEMORY CONFIGURATION

         name            origin    length      used     unused   attr    fill
----------------------  --------  ---------  --------  --------  ----  --------
  SFR                   00000000   00000010  00000000  00000010  RWIX
  PERIPHERALS_8BIT      00000010   000000f0  00000000  000000f0  RWIX
  PERIPHERALS_16BIT     00000100   00000100  00000000  00000100  RWIX
  RAM                   00000200   00000400  000000f3  0000030d  RWIX
  INFOD                 00001000   00000040  00000000  00000040  RWIX
  INFOC                 00001040   00000040  00000000  00000040  RWIX
  INFOB                 00001080   00000040  00000000  00000040  RWIX
  INFOA                 000010c0   00000040  00000000  00000040  RWIX
  FLASH                 00008000   00007fde  00002ec5  00005119  RWIX
  INT00                 0000ffe0   00000002  00000002  00000000  RWIX
  INT01                 0000ffe2   00000002  00000002  00000000  RWIX
  INT02                 0000ffe4   00000002  00000002  00000000  RWIX
  INT03                 0000ffe6   00000002  00000002  00000000  RWIX
  INT04                 0000ffe8   00000002  00000002  00000000  RWIX
  INT05                 0000ffea   00000002  00000002  00000000  RWIX
  INT06                 0000ffec   00000002  00000002  00000000  RWIX
  INT07                 0000ffee   00000002  00000002  00000000  RWIX
  INT08                 0000fff0   00000002  00000002  00000000  RWIX
  INT09                 0000fff2   00000002  00000002  00000000  RWIX
  INT10                 0000fff4   00000002  00000002  00000000  RWIX
  INT11                 0000fff6   00000002  00000002  00000000  RWIX
  INT12                 0000fff8   00000002  00000002  00000000  RWIX
  INT13                 0000fffa   00000002  00000002  00000000  RWIX
  INT14                 0000fffc   00000002  00000002  00000000  RWIX
  RESET                 0000fffe   00000002  00000002  00000000  RWIX


SECTION ALLOCATION MAP

 output                                  attributes/
section   page    origin      length       input sections
--------  ----  ----------  ----------   ----------------
.pinit     0    00008000    00000000     UNINITIALIZED

.bss       0    00000200    000000a3     UNINITIALIZED
                  00000200    0000003e     parser.obj (.bss)
                  0000023e    0000002e     mrfi.obj (.bss)
                  0000026c    0000002c     main.obj (.bss)
                  00000298    00000004     rts430.lib : _lock.obj (.bss)
                  0000029c    00000004                : boot.obj (.bss)
                  000002a0    00000002     pff.obj (.bss)
                  000002a2    00000001     mmc.obj (.bss)

.stack     0    000005b0    00000050     UNINITIALIZED
                  000005b0    00000002     rts430.lib : boot.obj (.stack)
                  000005b2    0000004e     --HOLE--

.text      0    00008000    00002b14     
                  00008000    000002a0     parser.obj (.text:get_pokemon_team)
                  000082a0    00000294     parser.obj (.text:get_pokemon_data)
                  00008534    000001fe     mrfi.obj (.text:MRFI_Init)
                  00008732    000001bc     pff.obj (.text:pf_read)
                  000088ee    00000130     rts430.lib : fs_add.obj (.text)
                  00008a1e    0000012c     radio.obj (.text:MRFI_RxCompleteISR)
                  00008b4a    0000011c     mrfi.obj (.text:MRFI_Transmit)
                  00008c66    00000116     rts430.lib : _printfi_min.obj (.text:_setfield)
                  00008d7c    00000112     main.obj (.text:process_game)
                  00008e8e    000000f8     main.obj (.text:calculateDamage)
                  00008f86    000000ee     pff.obj (.text:get_fat)
                  00009074    000000ec     parser.obj (.text:get_attacks)
                  00009160    000000ea     mrfi.obj (.text:Mrfi_SyncPinRxIsr)
                  0000924a    000000ea     pff.obj (.text:create_name)
                  00009334    000000ea     pff.obj (.text:dir_next)
                  0000941e    000000e2     pff.obj (.text:follow_path)
                  00009500    000000ce     pff.obj (.text:pf_open)
                  000095ce    000000ca     rts430.lib : _printfi_min.obj (.text:__TI_printfi_minimal)
                  00009698    000000c6     mmc.obj (.text:disk_readp)
                  0000975e    000000c2     rts430.lib : fs_mpy.obj (.text)
                  00009820    000000b8     mmc.obj (.text:send_cmd)
                  000098d8    000000a8     mrfi.obj (.text:spiBurstFifoAccess)
                  00009980    000000a6     pff.obj (.text:dir_rewind)
                  00009a26    000000a4     pff.obj (.text:dir_find)
                  00009aca    0000009a     rts430.lib : fs_div.obj (.text)
                  00009b64    00000098     main.obj (.text:getEffectiveness)
                  00009bfc    00000070     mrfi.obj (.text:MRFI_RxAddrIsFiltered)
                  00009c6c    0000006c     parser.obj (.text:parseCommaData)
                  00009cd8    0000006c     radio.obj (.text:sendMsg)
                  00009d44    00000064     parser.obj (.text:parsedata)
                  00009da8    00000060     pff.obj (.text:clust2sect)
                  00009e08    00000060     main.obj (.text:main)
                  00009e68    00000060     radio.obj (.text:sendGraphicsUpdate)
                  00009ec8    0000005e     mrfi.obj (.text:spiRegAccess)
                  00009f26    0000005c     rts430.lib : lsr32.obj (.text:l_lsr_const)
                  00009f82    0000005c     pff.obj (.text:mem_cmp)
                  00009fde    0000005c     mrfi.obj (.text:mrfiSpiCmdStrobe)
                  0000a03a    00000058     rts430.lib : div32u.obj (.text)
                  0000a092    00000056                : _printfi_min.obj (.text:_ltostr)
                  0000a0e8    00000054     mrfi.obj (.text:MRFI_WakeUp)
                  0000a13c    00000054     rts430.lib : atoi.obj (.text:atoi)
                  0000a190    0000004e                : _printfi_min.obj (.text:_pproc_diouxp)
                  0000a1de    0000004c     mrfi.obj (.text:Mrfi_CalculateRssi)
                  0000a22a    0000004c     rts430.lib : lsr16.obj (.text)
                  0000a276    00000048                : autoinit.obj (.text:_auto_init)
                  0000a2be    00000048                : _printfi_min.obj (.text:_pproc_str)
                  0000a306    00000046                : fs_tou.obj (.text)
                  0000a34c    00000044     pff.obj (.text:mem_set)
                  0000a390    00000042     mrfi.obj (.text:MRFI_SetRxAddrFilter)
                  0000a3d2    00000040     mrfi.obj (.text:Mrfi_DelayUsec)
                  0000a412    0000003e     rts430.lib : lsl32.obj (.text:l_lsl_const)
                  0000a450    0000003e     radio.obj (.text:sendAttack)
                  0000a48e    0000003e     radio.obj (.text:sendID)
                  0000a4cc    00000038     rts430.lib : sprintf.obj (.text:sprintf)
                  0000a504    00000036     mrfi.obj (.text:MRFI_SetRFPwr)
                  0000a53a    00000034     mrfi.obj (.text:MRFI_SetLogicalChannel)
                  0000a56e    00000034     mrfi.obj (.text:mrfiSpiInit)
                  0000a5a2    00000032     rts430.lib : fs_ultof.obj (.text)
                  0000a5d4    00000030     bsp.obj (.text:BSP_Init)
                  0000a604    00000030     main.obj (.text:uart_puts)
                  0000a634    0000002e     rts430.lib : _printfi_min.obj (.text:_getarg_diouxp)
                  0000a662    0000002c     mrfi.obj (.text:Mrfi_RandomBackoffDelay)
                  0000a68e    0000002c     mrfi.obj (.text:Mrfi_RxModeOff)
                  0000a6ba    0000002c     main.obj (.text:init_uart)
                  0000a6e6    0000002c     rts430.lib : div16s.obj (.text)
                  0000a712    0000002c                : lsl16.obj (.text)
                  0000a73e    0000002a     radio.obj (.text:receiveInit)
                  0000a768    00000028     bsp.obj (.text:BSP_Delay)
                  0000a790    00000028     mrfi.obj (.text:mrfiSpiWriteReg)
                  0000a7b8    00000026     rts430.lib : boot.obj (.text:_c_int00_noexit)
                  0000a7de    00000026     mrfi.obj (.text:mrfiSpiReadReg)
                  0000a804    00000026     rts430.lib : mult32.obj (.text)
                  0000a82a    00000026     radio.obj (.text:sendGameOver)
                  0000a850    00000024     rts430.lib : fs_utof.obj (.text)
                  0000a874    00000022     main.obj (.text:uart_clear_screen)
                  0000a896    00000020     mrfi.obj (.text:MRFI_EnableRxAddrFilter)
                  0000a8b6    00000020     mrfi.obj (.text:MRFI_RxOn)
                  0000a8d6    0000001e     usci_spi.obj (.text:spi_send)
                  0000a8f4    0000001c     bsp.obj (.text:BSP_InitBoard)
                  0000a910    0000001c     mrfi.obj (.text:MRFI_GpioIsr)
                  0000a92c    0000001c     rts430.lib : memccpy.obj (.text:memccpy)
                  0000a948    0000001a     mrfi.obj (.text:BSP_GpioPort1Isr)
                  0000a962    0000001a     rts430.lib : sprintf.obj (.text:_outs)
                  0000a97c    0000001a     mrfi.obj (.text:mrfiSpiWriteTxFifo)
                  0000a996    00000018     rts430.lib : _printfi_min.obj (.text:_div)
                  0000a9ae    00000018     mrfi.obj (.text:mrfiSpiReadRxFifo)
                  0000a9c6    00000016     mrfi.obj (.text:MRFI_RandomByte)
                  0000a9dc    00000016     mrfi.obj (.text:MRFI_Receive)
                  0000a9f2    00000016     mrfi.obj (.text:Mrfi_RxModeOn)
                  0000aa08    00000016     rts430.lib : div16u.obj (.text)
                  0000aa1e    00000016     usci_spi.obj (.text:spi_receive)
                  0000aa34    00000014     rts430.lib : memset.obj (.text:memset)
                  0000aa48    00000014                : mult16.obj (.text)
                  0000aa5c    00000014     main.obj (.text:uart_putc)
                  0000aa70    00000012     bsp.obj (.text:BSP_InitLeds)
                  0000aa82    00000012     rts430.lib : sprintf.obj (.text:_outc)
                  0000aa94    00000012                : memcpy.obj (.text:memcpy)
                  0000aaa6    00000010                : asr32.obj (.text:l_asr)
                  0000aab6    00000010                : epilog.obj (.text)
                  0000aac6    00000010                : strcpy.obj (.text:strcpy)
                  0000aad6    0000000e                : strlen.obj (.text:strlen)
                  0000aae4    0000000a     bsp.obj (.text:BSP_InitButtons)
                  0000aaee    0000000a     bsp.obj (.text:BSP_InitDrivers)
                  0000aaf8    0000000a     bsp.obj (.text:_system_pre_init)
                  0000ab02    00000006     rts430.lib : isr_trap.obj (.text:__TI_ISR_TRAP)
                  0000ab08    00000006                : fltud.obj (.text:_fltud)
                  0000ab0e    00000004                : exit.obj (.text:abort)
                  0000ab12    00000002                : _lock.obj (.text:_nop)

.const     0    0000ab14    0000036f     
                  0000ab14    00000144     main.obj (.const:typeMatrix)
                  0000ac58    00000101     rts430.lib : ctype.obj (.const:.string:_ctypes_)
                  0000ad59    00000001     --HOLE-- [fill = 0]
                  0000ad5a    000000a0     main.obj (.const:.string)
                  0000adfa    0000003c     mrfi.obj (.const:mrfiRadioCfg)
                  0000ae36    00000014     parser.obj (.const:.string)
                  0000ae4a    00000014     rts430.lib : _printfi_min.obj (.const:.string)
                  0000ae5e    00000009     radio.obj (.const:.string:$P$T2$3)
                  0000ae67    00000001     --HOLE-- [fill = 0]
                  0000ae68    00000006     radio.obj (.const:.string:$P$T0$1)
                  0000ae6e    00000006     radio.obj (.const:.string:$P$T1$2)
                  0000ae74    00000004     radio.obj (.const:.string:$P$T3$4)
                  0000ae78    00000004     mrfi.obj (.const:.string:mrfiBroadcastAddr)
                  0000ae7c    00000004     mrfi.obj (.const:.string:mrfiLogicalChanTable)
                  0000ae80    00000003     mrfi.obj (.const:.string:mrfiRFPowerTable)

.cinit     0    0000ae84    00000042     
                  0000ae84    0000002f     mrfi.obj (.cinit)
                  0000aeb3    00000001     --HOLE-- [fill = 0]
                  0000aeb4    00000010     main.obj (.cinit)
                  0000aec4    00000002     --HOLE-- [fill = 0]

.int00     0    0000ffe0    00000002     
                  0000ffe0    00000002     rts430.lib : int00.obj (.int00)

.int01     0    0000ffe2    00000002     
                  0000ffe2    00000002     rts430.lib : int01.obj (.int01)

.int02     0    0000ffe4    00000002     
                  0000ffe4    00000002     rts430.lib : int02.obj (.int02)

.int03     0    0000ffe6    00000002     
                  0000ffe6    00000002     mrfi.obj (.int03)

.int04     0    0000ffe8    00000002     
                  0000ffe8    00000002     rts430.lib : int04.obj (.int04)

.int05     0    0000ffea    00000002     
                  0000ffea    00000002     rts430.lib : int05.obj (.int05)

.int06     0    0000ffec    00000002     
                  0000ffec    00000002     rts430.lib : int06.obj (.int06)

.int07     0    0000ffee    00000002     
                  0000ffee    00000002     rts430.lib : int07.obj (.int07)

.int08     0    0000fff0    00000002     
                  0000fff0    00000002     rts430.lib : int08.obj (.int08)

.int09     0    0000fff2    00000002     
                  0000fff2    00000002     rts430.lib : int09.obj (.int09)

.int10     0    0000fff4    00000002     
                  0000fff4    00000002     rts430.lib : int10.obj (.int10)

.int11     0    0000fff6    00000002     
                  0000fff6    00000002     rts430.lib : int11.obj (.int11)

.int12     0    0000fff8    00000002     
                  0000fff8    00000002     rts430.lib : int12.obj (.int12)

.int13     0    0000fffa    00000002     
                  0000fffa    00000002     rts430.lib : int13.obj (.int13)

.int14     0    0000fffc    00000002     
                  0000fffc    00000002     rts430.lib : int14.obj (.int14)

.reset     0    0000fffe    00000002     
                  0000fffe    00000002     rts430.lib : boot.obj (.reset)


GLOBAL SYMBOLS: SORTED ALPHABETICALLY BY Name 

address    name
--------   ----
00000200   .bss
00008000   .text
0000004a   ADC10AE0
0000004b   ADC10AE1
000001b0   ADC10CTL0
000001b2   ADC10CTL1
00000048   ADC10DTC0
00000049   ADC10DTC1
000001b4   ADC10MEM
000001bc   ADC10SA
00000057   BCSCTL1
00000058   BCSCTL2
00000053   BCSCTL3
0000a768   BSP_Delay
0000a948   BSP_GpioPort1Isr
0000a5d4   BSP_Init
0000a8f4   BSP_InitBoard
0000aae4   BSP_InitButtons
0000aaee   BSP_InitDrivers
0000aa70   BSP_InitLeds
0000ab0e   C$$EXIT
000010fb   CALBC1_12MHZ
000010f9   CALBC1_16MHZ
000010ff   CALBC1_1MHZ
000010fd   CALBC1_8MHZ
000010fa   CALDCO_12MHZ
000010f8   CALDCO_16MHZ
000010fe   CALDCO_1MHZ
000010fc   CALDCO_8MHZ
00000056   DCOCTL
00000128   FCTL1
0000012a   FCTL2
0000012c   FCTL3
00000000   IE1
00000001   IE2
00000002   IFG1
00000003   IFG2
0000a712   I_LSL
0000a73a   I_LSL_1
0000a728   I_LSL_10
0000a726   I_LSL_11
0000a724   I_LSL_12
0000a722   I_LSL_13
0000a720   I_LSL_14
0000a71e   I_LSL_15
0000a738   I_LSL_2
0000a736   I_LSL_3
0000a734   I_LSL_4
0000a732   I_LSL_5
0000a730   I_LSL_6
0000a72e   I_LSL_7
0000a72c   I_LSL_8
0000a72a   I_LSL_9
0000a22a   I_LSR
0000a270   I_LSR_1
0000a24c   I_LSR_10
0000a248   I_LSR_11
0000a244   I_LSR_12
0000a240   I_LSR_13
0000a23c   I_LSR_14
0000a238   I_LSR_15
0000a26c   I_LSR_2
0000a268   I_LSR_3
0000a264   I_LSR_4
0000a260   I_LSR_5
0000a25c   I_LSR_6
0000a258   I_LSR_7
0000a254   I_LSR_8
0000a250   I_LSR_9
0000aaa6   L_ASR
0000a44a   L_LSL_1
0000a426   L_LSL_10
0000a422   L_LSL_11
0000a41e   L_LSL_12
0000a41a   L_LSL_13
0000a416   L_LSL_14
0000a412   L_LSL_15
0000a446   L_LSL_2
0000a442   L_LSL_3
0000a43e   L_LSL_4
0000a43a   L_LSL_5
0000a436   L_LSL_6
0000a432   L_LSL_7
0000a42e   L_LSL_8
0000a42a   L_LSL_9
00009f7a   L_LSR_1
00009f44   L_LSR_10
00009f3e   L_LSR_11
00009f38   L_LSR_12
00009f32   L_LSR_13
00009f2c   L_LSR_14
00009f26   L_LSR_15
00009f74   L_LSR_2
00009f6e   L_LSR_3
00009f68   L_LSR_4
00009f62   L_LSR_5
00009f5c   L_LSR_6
00009f56   L_LSR_7
00009f50   L_LSR_8
00009f4a   L_LSR_9
0000a896   MRFI_EnableRxAddrFilter
0000a910   MRFI_GpioIsr
00008534   MRFI_Init
0000a9c6   MRFI_RandomByte
0000a9dc   MRFI_Receive
00009bfc   MRFI_RxAddrIsFiltered
00008a1e   MRFI_RxCompleteISR
0000a8b6   MRFI_RxOn
0000a53a   MRFI_SetLogicalChannel
0000a504   MRFI_SetRFPwr
0000a390   MRFI_SetRxAddrFilter
00008b4a   MRFI_Transmit
0000a0e8   MRFI_WakeUp
000000c0   OA0CTL0
000000c1   OA0CTL1
000000c2   OA1CTL0
000000c3   OA1CTL1
00000022   P1DIR
00000025   P1IE
00000024   P1IES
00000023   P1IFG
00000020   P1IN
00000021   P1OUT
00000027   P1REN
00000026   P1SEL
0000002a   P2DIR
0000002d   P2IE
0000002c   P2IES
0000002b   P2IFG
00000028   P2IN
00000029   P2OUT
0000002f   P2REN
0000002e   P2SEL
0000001a   P3DIR
00000018   P3IN
00000019   P3OUT
00000010   P3REN
0000001b   P3SEL
0000001e   P4DIR
0000001c   P4IN
0000001d   P4OUT
00000011   P4REN
0000001f   P4SEL
00000172   TACCR0
00000174   TACCR1
00000176   TACCR2
00000162   TACCTL0
00000164   TACCTL1
00000166   TACCTL2
00000160   TACTL
0000012e   TAIV
00000170   TAR
00000192   TBCCR0
00000194   TBCCR1
00000196   TBCCR2
00000182   TBCCTL0
00000184   TBCCTL1
00000186   TBCCTL2
00000180   TBCTL
0000011e   TBIV
00000190   TBR
0000005d   UCA0ABCTL
00000062   UCA0BR0
00000063   UCA0BR1
00000060   UCA0CTL0
00000061   UCA0CTL1
0000005f   UCA0IRRCTL
0000005e   UCA0IRTCTL
00000064   UCA0MCTL
00000066   UCA0RXBUF
00000065   UCA0STAT
00000067   UCA0TXBUF
0000006a   UCB0BR0
0000006b   UCB0BR1
00000068   UCB0CTL0
00000069   UCB0CTL1
0000006c   UCB0I2CIE
00000118   UCB0I2COA
0000011a   UCB0I2CSA
0000006e   UCB0RXBUF
0000006d   UCB0STAT
0000006f   UCB0TXBUF
00000120   WDTCTL
00000600   __STACK_END
00000050   __STACK_SIZE
0000ab02   __TI_ISR_TRAP
00000001   __TI_args_main
00000001   __TI_auto_init
0000029c   __TI_cleanup_ptr
0000029e   __TI_dtors_ptr
00000001   __TI_exit
0000ffe0   __TI_int00
0000ffe2   __TI_int01
0000ffe4   __TI_int02
0000ffe6   __TI_int03
0000ffe8   __TI_int04
0000ffea   __TI_int05
0000ffec   __TI_int06
0000ffee   __TI_int07
0000fff0   __TI_int08
0000fff2   __TI_int09
0000fff4   __TI_int10
0000fff6   __TI_int11
0000fff8   __TI_int12
0000fffa   __TI_int13
0000fffc   __TI_int14
000095ce   __TI_printfi_minimal
ffffffff   __binit__
00000200   __bss__
ffffffff   __c_args__
0000ae84   __cinit__
0000a6e6   __divi
0000aa08   __divu
0000a03a   __divul
000002a3   __end__
0000ab14   __etext__
000088f4   __fs_add
00009aca   __fs_div
0000975e   __fs_mpy
000088ee   __fs_sub
0000a306   __fs_tou
0000a5a2   __fs_ultof
0000a850   __fs_utof
0000aa48   __mpyi
0000a804   __mpyl
ffffffff   __pinit__
0000a6e6   __remi
0000aa08   __remu
0000a03a   __remul
00008000   __text__
0000a276   _auto_init
0000a7b8   _c_int00
0000a7b8   _c_int00_noexit
0000ac58   _ctypes_
0000ab08   _fltud
00000298   _lock
0000ab12   _nop
0000fffe   _reset_vector
000005b0   _stack
0000aaf8   _system_pre_init
0000029a   _unlock
0000ab0e   abort
0000a13c   atoi
00000214   attacks
ffffffff   binit
00008e8e   calculateDamage
0000ae84   cinit
00000294   dest
00009698   disk_readp
000002a3   end
0000ab14   etext
0000026c   flagReg
0000aac2   func_epilog_1
0000aac0   func_epilog_2
0000aabe   func_epilog_3
0000aabc   func_epilog_4
0000aaba   func_epilog_5
0000aab8   func_epilog_6
0000aab6   func_epilog_7
00009b64   getEffectiveness
00009074   get_attacks
000082a0   get_pokemon_data
00008000   get_pokemon_team
0000a6ba   init_uart
00009e08   main
0000a92c   memccpy
0000aa94   memcpy
0000aa34   memset
0000ae78   mrfiBroadcastAddr
00009fde   mrfiSpiCmdStrobe
0000a56e   mrfiSpiInit
0000a7de   mrfiSpiReadReg
0000a9ae   mrfiSpiReadRxFifo
0000a790   mrfiSpiWriteReg
0000a97c   mrfiSpiWriteTxFifo
00000200   name
00000274   opp_pkmn
00009c6c   parseCommaData
00009d44   parsedata
00009500   pf_open
00008732   pf_read
ffffffff   pinit
00000284   pkmn1
00008d7c   process_game
0000a73e   receiveInit
0000026e   received_attack
0000a450   sendAttack
0000a82a   sendGameOver
00009e68   sendGraphicsUpdate
0000a48e   sendID
00009cd8   sendMsg
00000290   source
0000aa1e   spi_receive
0000a8d6   spi_send
0000a4cc   sprintf
0000023c   start_pos
0000aac6   strcpy
0000aad6   strlen
0000ab14   typeMatrix
0000a874   uart_clear_screen
0000aa5c   uart_putc
0000a604   uart_puts


GLOBAL SYMBOLS: SORTED BY Symbol Address 

address    name
--------   ----
00000000   IE1
00000001   IE2
00000001   __TI_args_main
00000001   __TI_auto_init
00000001   __TI_exit
00000002   IFG1
00000003   IFG2
00000010   P3REN
00000011   P4REN
00000018   P3IN
00000019   P3OUT
0000001a   P3DIR
0000001b   P3SEL
0000001c   P4IN
0000001d   P4OUT
0000001e   P4DIR
0000001f   P4SEL
00000020   P1IN
00000021   P1OUT
00000022   P1DIR
00000023   P1IFG
00000024   P1IES
00000025   P1IE
00000026   P1SEL
00000027   P1REN
00000028   P2IN
00000029   P2OUT
0000002a   P2DIR
0000002b   P2IFG
0000002c   P2IES
0000002d   P2IE
0000002e   P2SEL
0000002f   P2REN
00000048   ADC10DTC0
00000049   ADC10DTC1
0000004a   ADC10AE0
0000004b   ADC10AE1
00000050   __STACK_SIZE
00000053   BCSCTL3
00000056   DCOCTL
00000057   BCSCTL1
00000058   BCSCTL2
0000005d   UCA0ABCTL
0000005e   UCA0IRTCTL
0000005f   UCA0IRRCTL
00000060   UCA0CTL0
00000061   UCA0CTL1
00000062   UCA0BR0
00000063   UCA0BR1
00000064   UCA0MCTL
00000065   UCA0STAT
00000066   UCA0RXBUF
00000067   UCA0TXBUF
00000068   UCB0CTL0
00000069   UCB0CTL1
0000006a   UCB0BR0
0000006b   UCB0BR1
0000006c   UCB0I2CIE
0000006d   UCB0STAT
0000006e   UCB0RXBUF
0000006f   UCB0TXBUF
000000c0   OA0CTL0
000000c1   OA0CTL1
000000c2   OA1CTL0
000000c3   OA1CTL1
00000118   UCB0I2COA
0000011a   UCB0I2CSA
0000011e   TBIV
00000120   WDTCTL
00000128   FCTL1
0000012a   FCTL2
0000012c   FCTL3
0000012e   TAIV
00000160   TACTL
00000162   TACCTL0
00000164   TACCTL1
00000166   TACCTL2
00000170   TAR
00000172   TACCR0
00000174   TACCR1
00000176   TACCR2
00000180   TBCTL
00000182   TBCCTL0
00000184   TBCCTL1
00000186   TBCCTL2
00000190   TBR
00000192   TBCCR0
00000194   TBCCR1
00000196   TBCCR2
000001b0   ADC10CTL0
000001b2   ADC10CTL1
000001b4   ADC10MEM
000001bc   ADC10SA
00000200   .bss
00000200   __bss__
00000200   name
00000214   attacks
0000023c   start_pos
0000026c   flagReg
0000026e   received_attack
00000274   opp_pkmn
00000284   pkmn1
00000290   source
00000294   dest
00000298   _lock
0000029a   _unlock
0000029c   __TI_cleanup_ptr
0000029e   __TI_dtors_ptr
000002a3   __end__
000002a3   end
000005b0   _stack
00000600   __STACK_END
000010f8   CALDCO_16MHZ
000010f9   CALBC1_16MHZ
000010fa   CALDCO_12MHZ
000010fb   CALBC1_12MHZ
000010fc   CALDCO_8MHZ
000010fd   CALBC1_8MHZ
000010fe   CALDCO_1MHZ
000010ff   CALBC1_1MHZ
00008000   .text
00008000   __text__
00008000   get_pokemon_team
000082a0   get_pokemon_data
00008534   MRFI_Init
00008732   pf_read
000088ee   __fs_sub
000088f4   __fs_add
00008a1e   MRFI_RxCompleteISR
00008b4a   MRFI_Transmit
00008d7c   process_game
00008e8e   calculateDamage
00009074   get_attacks
00009500   pf_open
000095ce   __TI_printfi_minimal
00009698   disk_readp
0000975e   __fs_mpy
00009aca   __fs_div
00009b64   getEffectiveness
00009bfc   MRFI_RxAddrIsFiltered
00009c6c   parseCommaData
00009cd8   sendMsg
00009d44   parsedata
00009e08   main
00009e68   sendGraphicsUpdate
00009f26   L_LSR_15
00009f2c   L_LSR_14
00009f32   L_LSR_13
00009f38   L_LSR_12
00009f3e   L_LSR_11
00009f44   L_LSR_10
00009f4a   L_LSR_9
00009f50   L_LSR_8
00009f56   L_LSR_7
00009f5c   L_LSR_6
00009f62   L_LSR_5
00009f68   L_LSR_4
00009f6e   L_LSR_3
00009f74   L_LSR_2
00009f7a   L_LSR_1
00009fde   mrfiSpiCmdStrobe
0000a03a   __divul
0000a03a   __remul
0000a0e8   MRFI_WakeUp
0000a13c   atoi
0000a22a   I_LSR
0000a238   I_LSR_15
0000a23c   I_LSR_14
0000a240   I_LSR_13
0000a244   I_LSR_12
0000a248   I_LSR_11
0000a24c   I_LSR_10
0000a250   I_LSR_9
0000a254   I_LSR_8
0000a258   I_LSR_7
0000a25c   I_LSR_6
0000a260   I_LSR_5
0000a264   I_LSR_4
0000a268   I_LSR_3
0000a26c   I_LSR_2
0000a270   I_LSR_1
0000a276   _auto_init
0000a306   __fs_tou
0000a390   MRFI_SetRxAddrFilter
0000a412   L_LSL_15
0000a416   L_LSL_14
0000a41a   L_LSL_13
0000a41e   L_LSL_12
0000a422   L_LSL_11
0000a426   L_LSL_10
0000a42a   L_LSL_9
0000a42e   L_LSL_8
0000a432   L_LSL_7
0000a436   L_LSL_6
0000a43a   L_LSL_5
0000a43e   L_LSL_4
0000a442   L_LSL_3
0000a446   L_LSL_2
0000a44a   L_LSL_1
0000a450   sendAttack
0000a48e   sendID
0000a4cc   sprintf
0000a504   MRFI_SetRFPwr
0000a53a   MRFI_SetLogicalChannel
0000a56e   mrfiSpiInit
0000a5a2   __fs_ultof
0000a5d4   BSP_Init
0000a604   uart_puts
0000a6ba   init_uart
0000a6e6   __divi
0000a6e6   __remi
0000a712   I_LSL
0000a71e   I_LSL_15
0000a720   I_LSL_14
0000a722   I_LSL_13
0000a724   I_LSL_12
0000a726   I_LSL_11
0000a728   I_LSL_10
0000a72a   I_LSL_9
0000a72c   I_LSL_8
0000a72e   I_LSL_7
0000a730   I_LSL_6
0000a732   I_LSL_5
0000a734   I_LSL_4
0000a736   I_LSL_3
0000a738   I_LSL_2
0000a73a   I_LSL_1
0000a73e   receiveInit
0000a768   BSP_Delay
0000a790   mrfiSpiWriteReg
0000a7b8   _c_int00
0000a7b8   _c_int00_noexit
0000a7de   mrfiSpiReadReg
0000a804   __mpyl
0000a82a   sendGameOver
0000a850   __fs_utof
0000a874   uart_clear_screen
0000a896   MRFI_EnableRxAddrFilter
0000a8b6   MRFI_RxOn
0000a8d6   spi_send
0000a8f4   BSP_InitBoard
0000a910   MRFI_GpioIsr
0000a92c   memccpy
0000a948   BSP_GpioPort1Isr
0000a97c   mrfiSpiWriteTxFifo
0000a9ae   mrfiSpiReadRxFifo
0000a9c6   MRFI_RandomByte
0000a9dc   MRFI_Receive
0000aa08   __divu
0000aa08   __remu
0000aa1e   spi_receive
0000aa34   memset
0000aa48   __mpyi
0000aa5c   uart_putc
0000aa70   BSP_InitLeds
0000aa94   memcpy
0000aaa6   L_ASR
0000aab6   func_epilog_7
0000aab8   func_epilog_6
0000aaba   func_epilog_5
0000aabc   func_epilog_4
0000aabe   func_epilog_3
0000aac0   func_epilog_2
0000aac2   func_epilog_1
0000aac6   strcpy
0000aad6   strlen
0000aae4   BSP_InitButtons
0000aaee   BSP_InitDrivers
0000aaf8   _system_pre_init
0000ab02   __TI_ISR_TRAP
0000ab08   _fltud
0000ab0e   C$$EXIT
0000ab0e   abort
0000ab12   _nop
0000ab14   __etext__
0000ab14   etext
0000ab14   typeMatrix
0000ac58   _ctypes_
0000ae78   mrfiBroadcastAddr
0000ae84   __cinit__
0000ae84   cinit
0000ffe0   __TI_int00
0000ffe2   __TI_int01
0000ffe4   __TI_int02
0000ffe6   __TI_int03
0000ffe8   __TI_int04
0000ffea   __TI_int05
0000ffec   __TI_int06
0000ffee   __TI_int07
0000fff0   __TI_int08
0000fff2   __TI_int09
0000fff4   __TI_int10
0000fff6   __TI_int11
0000fff8   __TI_int12
0000fffa   __TI_int13
0000fffc   __TI_int14
0000fffe   _reset_vector
ffffffff   __binit__
ffffffff   __c_args__
ffffffff   __pinit__
ffffffff   binit
ffffffff   pinit

[302 symbols]
