<?xml version="1.0"?>
<link_info>
   <banner>MSP430 Linker PC v4.3.3</banner>
   <copyright>Copyright (c) 2003-2014 Texas Instruments Incorporated</copyright>
   <link_time>0x55473fc1</link_time>
   <link_errors>0x0</link_errors>
   <output_file>radio_example.out</output_file>
   <entry_point>
      <name>_c_int00</name>
      <address>0xad7e</address>
   </entry_point>
   <input_file_list>
      <input_file id="fl-2">
         <path>.\</path>
         <kind>object</kind>
         <file>main.obj</file>
         <name>main.obj</name>
      </input_file>
      <input_file id="fl-3">
         <path>.\</path>
         <kind>object</kind>
         <file>mmc.obj</file>
         <name>mmc.obj</name>
      </input_file>
      <input_file id="fl-4">
         <path>.\</path>
         <kind>object</kind>
         <file>parser.obj</file>
         <name>parser.obj</name>
      </input_file>
      <input_file id="fl-5">
         <path>.\</path>
         <kind>object</kind>
         <file>pff.obj</file>
         <name>pff.obj</name>
      </input_file>
      <input_file id="fl-6">
         <path>.\</path>
         <kind>object</kind>
         <file>radio.obj</file>
         <name>radio.obj</name>
      </input_file>
      <input_file id="fl-7">
         <path>.\</path>
         <kind>object</kind>
         <file>radio_methods.obj</file>
         <name>radio_methods.obj</name>
      </input_file>
      <input_file id="fl-8">
         <path>.\</path>
         <kind>object</kind>
         <file>usci_spi.obj</file>
         <name>usci_spi.obj</name>
      </input_file>
      <input_file id="fl-9">
         <path>.\mrfi\</path>
         <kind>object</kind>
         <file>mrfi.obj</file>
         <name>mrfi.obj</name>
      </input_file>
      <input_file id="fl-a">
         <path>.\bsp\</path>
         <kind>object</kind>
         <file>bsp.obj</file>
         <name>bsp.obj</name>
      </input_file>
      <input_file id="fl-f">
         <path>c:\ti\ccsv6\tools\compiler\msp430_4.3.3\lib\</path>
         <kind>archive</kind>
         <file>rts430.lib</file>
         <name>asr32.obj</name>
      </input_file>
      <input_file id="fl-10">
         <path>c:\ti\ccsv6\tools\compiler\msp430_4.3.3\lib\</path>
         <kind>archive</kind>
         <file>rts430.lib</file>
         <name>atoi.obj</name>
      </input_file>
      <input_file id="fl-11">
         <path>c:\ti\ccsv6\tools\compiler\msp430_4.3.3\lib\</path>
         <kind>archive</kind>
         <file>rts430.lib</file>
         <name>boot.obj</name>
      </input_file>
      <input_file id="fl-12">
         <path>c:\ti\ccsv6\tools\compiler\msp430_4.3.3\lib\</path>
         <kind>archive</kind>
         <file>rts430.lib</file>
         <name>copy_decompress_none.obj</name>
      </input_file>
      <input_file id="fl-13">
         <path>c:\ti\ccsv6\tools\compiler\msp430_4.3.3\lib\</path>
         <kind>archive</kind>
         <file>rts430.lib</file>
         <name>copy_decompress_rle.obj</name>
      </input_file>
      <input_file id="fl-14">
         <path>c:\ti\ccsv6\tools\compiler\msp430_4.3.3\lib\</path>
         <kind>archive</kind>
         <file>rts430.lib</file>
         <name>copy_zero_init.obj</name>
      </input_file>
      <input_file id="fl-15">
         <path>c:\ti\ccsv6\tools\compiler\msp430_4.3.3\lib\</path>
         <kind>archive</kind>
         <file>rts430.lib</file>
         <name>ctype.obj</name>
      </input_file>
      <input_file id="fl-16">
         <path>c:\ti\ccsv6\tools\compiler\msp430_4.3.3\lib\</path>
         <kind>archive</kind>
         <file>rts430.lib</file>
         <name>div16s.obj</name>
      </input_file>
      <input_file id="fl-17">
         <path>c:\ti\ccsv6\tools\compiler\msp430_4.3.3\lib\</path>
         <kind>archive</kind>
         <file>rts430.lib</file>
         <name>div16u.obj</name>
      </input_file>
      <input_file id="fl-18">
         <path>c:\ti\ccsv6\tools\compiler\msp430_4.3.3\lib\</path>
         <kind>archive</kind>
         <file>rts430.lib</file>
         <name>div32u.obj</name>
      </input_file>
      <input_file id="fl-19">
         <path>c:\ti\ccsv6\tools\compiler\msp430_4.3.3\lib\</path>
         <kind>archive</kind>
         <file>rts430.lib</file>
         <name>epilog.obj</name>
      </input_file>
      <input_file id="fl-1a">
         <path>c:\ti\ccsv6\tools\compiler\msp430_4.3.3\lib\</path>
         <kind>archive</kind>
         <file>rts430.lib</file>
         <name>exit.obj</name>
      </input_file>
      <input_file id="fl-1b">
         <path>c:\ti\ccsv6\tools\compiler\msp430_4.3.3\lib\</path>
         <kind>archive</kind>
         <file>rts430.lib</file>
         <name>fltud.obj</name>
      </input_file>
      <input_file id="fl-1c">
         <path>c:\ti\ccsv6\tools\compiler\msp430_4.3.3\lib\</path>
         <kind>archive</kind>
         <file>rts430.lib</file>
         <name>fs_add.obj</name>
      </input_file>
      <input_file id="fl-1d">
         <path>c:\ti\ccsv6\tools\compiler\msp430_4.3.3\lib\</path>
         <kind>archive</kind>
         <file>rts430.lib</file>
         <name>fs_div.obj</name>
      </input_file>
      <input_file id="fl-1e">
         <path>c:\ti\ccsv6\tools\compiler\msp430_4.3.3\lib\</path>
         <kind>archive</kind>
         <file>rts430.lib</file>
         <name>fs_mpy.obj</name>
      </input_file>
      <input_file id="fl-1f">
         <path>c:\ti\ccsv6\tools\compiler\msp430_4.3.3\lib\</path>
         <kind>archive</kind>
         <file>rts430.lib</file>
         <name>fs_tou.obj</name>
      </input_file>
      <input_file id="fl-20">
         <path>c:\ti\ccsv6\tools\compiler\msp430_4.3.3\lib\</path>
         <kind>archive</kind>
         <file>rts430.lib</file>
         <name>fs_ultof.obj</name>
      </input_file>
      <input_file id="fl-21">
         <path>c:\ti\ccsv6\tools\compiler\msp430_4.3.3\lib\</path>
         <kind>archive</kind>
         <file>rts430.lib</file>
         <name>fs_utof.obj</name>
      </input_file>
      <input_file id="fl-22">
         <path>c:\ti\ccsv6\tools\compiler\msp430_4.3.3\lib\</path>
         <kind>archive</kind>
         <file>rts430.lib</file>
         <name>int00.obj</name>
      </input_file>
      <input_file id="fl-23">
         <path>c:\ti\ccsv6\tools\compiler\msp430_4.3.3\lib\</path>
         <kind>archive</kind>
         <file>rts430.lib</file>
         <name>int01.obj</name>
      </input_file>
      <input_file id="fl-24">
         <path>c:\ti\ccsv6\tools\compiler\msp430_4.3.3\lib\</path>
         <kind>archive</kind>
         <file>rts430.lib</file>
         <name>int02.obj</name>
      </input_file>
      <input_file id="fl-25">
         <path>c:\ti\ccsv6\tools\compiler\msp430_4.3.3\lib\</path>
         <kind>archive</kind>
         <file>rts430.lib</file>
         <name>int04.obj</name>
      </input_file>
      <input_file id="fl-26">
         <path>c:\ti\ccsv6\tools\compiler\msp430_4.3.3\lib\</path>
         <kind>archive</kind>
         <file>rts430.lib</file>
         <name>int05.obj</name>
      </input_file>
      <input_file id="fl-27">
         <path>c:\ti\ccsv6\tools\compiler\msp430_4.3.3\lib\</path>
         <kind>archive</kind>
         <file>rts430.lib</file>
         <name>int06.obj</name>
      </input_file>
      <input_file id="fl-28">
         <path>c:\ti\ccsv6\tools\compiler\msp430_4.3.3\lib\</path>
         <kind>archive</kind>
         <file>rts430.lib</file>
         <name>int07.obj</name>
      </input_file>
      <input_file id="fl-29">
         <path>c:\ti\ccsv6\tools\compiler\msp430_4.3.3\lib\</path>
         <kind>archive</kind>
         <file>rts430.lib</file>
         <name>int08.obj</name>
      </input_file>
      <input_file id="fl-2a">
         <path>c:\ti\ccsv6\tools\compiler\msp430_4.3.3\lib\</path>
         <kind>archive</kind>
         <file>rts430.lib</file>
         <name>int09.obj</name>
      </input_file>
      <input_file id="fl-2b">
         <path>c:\ti\ccsv6\tools\compiler\msp430_4.3.3\lib\</path>
         <kind>archive</kind>
         <file>rts430.lib</file>
         <name>int10.obj</name>
      </input_file>
      <input_file id="fl-2c">
         <path>c:\ti\ccsv6\tools\compiler\msp430_4.3.3\lib\</path>
         <kind>archive</kind>
         <file>rts430.lib</file>
         <name>int11.obj</name>
      </input_file>
      <input_file id="fl-2d">
         <path>c:\ti\ccsv6\tools\compiler\msp430_4.3.3\lib\</path>
         <kind>archive</kind>
         <file>rts430.lib</file>
         <name>int12.obj</name>
      </input_file>
      <input_file id="fl-2e">
         <path>c:\ti\ccsv6\tools\compiler\msp430_4.3.3\lib\</path>
         <kind>archive</kind>
         <file>rts430.lib</file>
         <name>int13.obj</name>
      </input_file>
      <input_file id="fl-2f">
         <path>c:\ti\ccsv6\tools\compiler\msp430_4.3.3\lib\</path>
         <kind>archive</kind>
         <file>rts430.lib</file>
         <name>int14.obj</name>
      </input_file>
      <input_file id="fl-30">
         <path>c:\ti\ccsv6\tools\compiler\msp430_4.3.3\lib\</path>
         <kind>archive</kind>
         <file>rts430.lib</file>
         <name>isr_trap.obj</name>
      </input_file>
      <input_file id="fl-31">
         <path>c:\ti\ccsv6\tools\compiler\msp430_4.3.3\lib\</path>
         <kind>archive</kind>
         <file>rts430.lib</file>
         <name>lsl16.obj</name>
      </input_file>
      <input_file id="fl-32">
         <path>c:\ti\ccsv6\tools\compiler\msp430_4.3.3\lib\</path>
         <kind>archive</kind>
         <file>rts430.lib</file>
         <name>lsl32.obj</name>
      </input_file>
      <input_file id="fl-33">
         <path>c:\ti\ccsv6\tools\compiler\msp430_4.3.3\lib\</path>
         <kind>archive</kind>
         <file>rts430.lib</file>
         <name>lsr16.obj</name>
      </input_file>
      <input_file id="fl-34">
         <path>c:\ti\ccsv6\tools\compiler\msp430_4.3.3\lib\</path>
         <kind>archive</kind>
         <file>rts430.lib</file>
         <name>lsr32.obj</name>
      </input_file>
      <input_file id="fl-35">
         <path>c:\ti\ccsv6\tools\compiler\msp430_4.3.3\lib\</path>
         <kind>archive</kind>
         <file>rts430.lib</file>
         <name>memcpy.obj</name>
      </input_file>
      <input_file id="fl-36">
         <path>c:\ti\ccsv6\tools\compiler\msp430_4.3.3\lib\</path>
         <kind>archive</kind>
         <file>rts430.lib</file>
         <name>memset.obj</name>
      </input_file>
      <input_file id="fl-37">
         <path>c:\ti\ccsv6\tools\compiler\msp430_4.3.3\lib\</path>
         <kind>archive</kind>
         <file>rts430.lib</file>
         <name>mpu_init.obj</name>
      </input_file>
      <input_file id="fl-38">
         <path>c:\ti\ccsv6\tools\compiler\msp430_4.3.3\lib\</path>
         <kind>archive</kind>
         <file>rts430.lib</file>
         <name>mult16.obj</name>
      </input_file>
      <input_file id="fl-39">
         <path>c:\ti\ccsv6\tools\compiler\msp430_4.3.3\lib\</path>
         <kind>archive</kind>
         <file>rts430.lib</file>
         <name>mult32.obj</name>
      </input_file>
      <input_file id="fl-3a">
         <path>c:\ti\ccsv6\tools\compiler\msp430_4.3.3\lib\</path>
         <kind>archive</kind>
         <file>rts430.lib</file>
         <name>sprintf.obj</name>
      </input_file>
      <input_file id="fl-3b">
         <path>c:\ti\ccsv6\tools\compiler\msp430_4.3.3\lib\</path>
         <kind>archive</kind>
         <file>rts430.lib</file>
         <name>strcmp.obj</name>
      </input_file>
      <input_file id="fl-3c">
         <path>c:\ti\ccsv6\tools\compiler\msp430_4.3.3\lib\</path>
         <kind>archive</kind>
         <file>rts430.lib</file>
         <name>strcpy.obj</name>
      </input_file>
      <input_file id="fl-3d">
         <path>c:\ti\ccsv6\tools\compiler\msp430_4.3.3\lib\</path>
         <kind>archive</kind>
         <file>rts430.lib</file>
         <name>strlen.obj</name>
      </input_file>
      <input_file id="fl-3e">
         <path>c:\ti\ccsv6\tools\compiler\msp430_4.3.3\lib\</path>
         <kind>archive</kind>
         <file>rts430.lib</file>
         <name>_lock.obj</name>
      </input_file>
      <input_file id="fl-3f">
         <path>c:\ti\ccsv6\tools\compiler\msp430_4.3.3\lib\</path>
         <kind>archive</kind>
         <file>rts430.lib</file>
         <name>_printfi_min.obj</name>
      </input_file>
      <input_file id="fl-40">
         <path>c:\ti\ccsv6\tools\compiler\msp430_4.3.3\lib\</path>
         <kind>archive</kind>
         <file>rts430.lib</file>
         <name>args_main.obj</name>
      </input_file>
      <input_file id="fl-41">
         <path>c:\ti\ccsv6\tools\compiler\msp430_4.3.3\lib\</path>
         <kind>archive</kind>
         <file>rts430.lib</file>
         <name>autoinit.obj</name>
      </input_file>
      <input_file id="fl-42">
         <path>c:\ti\ccsv6\tools\compiler\msp430_4.3.3\lib\</path>
         <kind>archive</kind>
         <file>rts430.lib</file>
         <name>memccpy.obj</name>
      </input_file>
   </input_file_list>
   <object_component_list>
      <object_component id="oc-2e">
         <name>.bss</name>
         <uninitialized>true</uninitialized>
         <run_address>0x26c</run_address>
         <size>0x2c</size>
         <input_file_ref idref="fl-2"/>
      </object_component>
      <object_component id="oc-36">
         <name>.bss</name>
         <uninitialized>true</uninitialized>
         <run_address>0x2a2</run_address>
         <size>0x1</size>
         <input_file_ref idref="fl-3"/>
      </object_component>
      <object_component id="oc-3c">
         <name>.bss</name>
         <uninitialized>true</uninitialized>
         <run_address>0x200</run_address>
         <size>0x3e</size>
         <input_file_ref idref="fl-4"/>
      </object_component>
      <object_component id="oc-43">
         <name>.bss</name>
         <uninitialized>true</uninitialized>
         <run_address>0x2a0</run_address>
         <size>0x2</size>
         <input_file_ref idref="fl-5"/>
      </object_component>
      <object_component id="oc-55">
         <name>.bss</name>
         <uninitialized>true</uninitialized>
         <run_address>0x23e</run_address>
         <size>0x2e</size>
         <input_file_ref idref="fl-9"/>
      </object_component>
      <object_component id="oc-6a">
         <name>.bss</name>
         <uninitialized>true</uninitialized>
         <run_address>0x29c</run_address>
         <size>0x4</size>
         <input_file_ref idref="fl-11"/>
      </object_component>
      <object_component id="oc-102">
         <name>.bss</name>
         <uninitialized>true</uninitialized>
         <run_address>0x298</run_address>
         <size>0x4</size>
         <input_file_ref idref="fl-3e"/>
      </object_component>
      <object_component id="oc-6c">
         <name>.stack</name>
         <uninitialized>true</uninitialized>
         <run_address>0x5b0</run_address>
         <size>0x2</size>
         <input_file_ref idref="fl-11"/>
      </object_component>
      <object_component id="oc-1ae">
         <name>.stack</name>
         <uninitialized>true</uninitialized>
         <run_address>0x5b0</run_address>
         <size>0x0</size>
      </object_component>
      <object_component id="oc-12c">
         <name>.text:pf_mount</name>
         <load_address>0x8000</load_address>
         <run_address>0x8000</run_address>
         <size>0x300</size>
         <input_file_ref idref="fl-5"/>
      </object_component>
      <object_component id="oc-12d">
         <name>.text:get_pokemon_team</name>
         <load_address>0x8300</load_address>
         <run_address>0x8300</run_address>
         <size>0x2a0</size>
         <input_file_ref idref="fl-4"/>
      </object_component>
      <object_component id="oc-16d">
         <name>.text:get_pokemon_data</name>
         <load_address>0x85a0</load_address>
         <run_address>0x85a0</run_address>
         <size>0x294</size>
         <input_file_ref idref="fl-4"/>
      </object_component>
      <object_component id="oc-127">
         <name>.text:MRFI_Init</name>
         <load_address>0x8834</load_address>
         <run_address>0x8834</run_address>
         <size>0x1fe</size>
         <input_file_ref idref="fl-9"/>
      </object_component>
      <object_component id="oc-148">
         <name>.text:pf_read</name>
         <load_address>0x8a32</load_address>
         <run_address>0x8a32</run_address>
         <size>0x1bc</size>
         <input_file_ref idref="fl-5"/>
      </object_component>
      <object_component id="oc-12b">
         <name>.text:disk_initialize</name>
         <load_address>0x8bee</load_address>
         <run_address>0x8bee</run_address>
         <size>0x198</size>
         <input_file_ref idref="fl-3"/>
      </object_component>
      <object_component id="oc-130">
         <name>.text:process_game</name>
         <load_address>0x8d86</load_address>
         <run_address>0x8d86</run_address>
         <size>0x14e</size>
         <input_file_ref idref="fl-2"/>
      </object_component>
      <object_component id="oc-a0">
         <name>.text</name>
         <load_address>0x8ed4</load_address>
         <run_address>0x8ed4</run_address>
         <size>0x130</size>
         <input_file_ref idref="fl-1c"/>
      </object_component>
      <object_component id="oc-157">
         <name>.text:MRFI_RxCompleteISR</name>
         <load_address>0x9004</load_address>
         <run_address>0x9004</run_address>
         <size>0x12c</size>
         <input_file_ref idref="fl-6"/>
      </object_component>
      <object_component id="oc-17a">
         <name>.text:MRFI_Transmit</name>
         <load_address>0x9130</load_address>
         <run_address>0x9130</run_address>
         <size>0x11c</size>
         <input_file_ref idref="fl-9"/>
      </object_component>
      <object_component id="oc-168">
         <name>.text:_setfield</name>
         <load_address>0x924c</load_address>
         <run_address>0x924c</run_address>
         <size>0x116</size>
         <input_file_ref idref="fl-3f"/>
      </object_component>
      <object_component id="oc-150">
         <name>.text:calculateDamage</name>
         <load_address>0x9362</load_address>
         <run_address>0x9362</run_address>
         <size>0xf8</size>
         <input_file_ref idref="fl-2"/>
      </object_component>
      <object_component id="oc-164">
         <name>.text:get_fat</name>
         <load_address>0x945a</load_address>
         <run_address>0x945a</run_address>
         <size>0xee</size>
         <input_file_ref idref="fl-5"/>
      </object_component>
      <object_component id="oc-16c">
         <name>.text:get_attacks</name>
         <load_address>0x9548</load_address>
         <run_address>0x9548</run_address>
         <size>0xec</size>
         <input_file_ref idref="fl-4"/>
      </object_component>
      <object_component id="oc-131">
         <name>.text:Mrfi_SyncPinRxIsr</name>
         <load_address>0x9634</load_address>
         <run_address>0x9634</run_address>
         <size>0xea</size>
         <input_file_ref idref="fl-9"/>
      </object_component>
      <object_component id="oc-175">
         <name>.text:create_name</name>
         <load_address>0x971e</load_address>
         <run_address>0x971e</run_address>
         <size>0xea</size>
         <input_file_ref idref="fl-5"/>
      </object_component>
      <object_component id="oc-180">
         <name>.text:dir_next</name>
         <load_address>0x9808</load_address>
         <run_address>0x9808</run_address>
         <size>0xea</size>
         <input_file_ref idref="fl-5"/>
      </object_component>
      <object_component id="oc-163">
         <name>.text:follow_path</name>
         <load_address>0x98f2</load_address>
         <run_address>0x98f2</run_address>
         <size>0xe2</size>
         <input_file_ref idref="fl-5"/>
      </object_component>
      <object_component id="oc-147">
         <name>.text:pf_open</name>
         <load_address>0x99d4</load_address>
         <run_address>0x99d4</run_address>
         <size>0xce</size>
         <input_file_ref idref="fl-5"/>
      </object_component>
      <object_component id="oc-14d">
         <name>.text:__TI_printfi_minimal</name>
         <load_address>0x9aa2</load_address>
         <run_address>0x9aa2</run_address>
         <size>0xca</size>
         <input_file_ref idref="fl-3f"/>
      </object_component>
      <object_component id="oc-146">
         <name>.text:disk_readp</name>
         <load_address>0x9b6c</load_address>
         <run_address>0x9b6c</run_address>
         <size>0xc6</size>
         <input_file_ref idref="fl-3"/>
      </object_component>
      <object_component id="oc-aa">
         <name>.text</name>
         <load_address>0x9c32</load_address>
         <run_address>0x9c32</run_address>
         <size>0xc2</size>
         <input_file_ref idref="fl-1e"/>
      </object_component>
      <object_component id="oc-144">
         <name>.text:send_cmd</name>
         <load_address>0x9cf4</load_address>
         <run_address>0x9cf4</run_address>
         <size>0xb8</size>
         <input_file_ref idref="fl-3"/>
      </object_component>
      <object_component id="oc-145">
         <name>.text:check_fs</name>
         <load_address>0x9dac</load_address>
         <run_address>0x9dac</run_address>
         <size>0xb6</size>
         <input_file_ref idref="fl-5"/>
      </object_component>
      <object_component id="oc-172">
         <name>.text:spiBurstFifoAccess</name>
         <load_address>0x9e62</load_address>
         <run_address>0x9e62</run_address>
         <size>0xa8</size>
         <input_file_ref idref="fl-9"/>
      </object_component>
      <object_component id="oc-174">
         <name>.text:dir_rewind</name>
         <load_address>0x9f0a</load_address>
         <run_address>0x9f0a</run_address>
         <size>0xa6</size>
         <input_file_ref idref="fl-5"/>
      </object_component>
      <object_component id="oc-176">
         <name>.text:dir_find</name>
         <load_address>0x9fb0</load_address>
         <run_address>0x9fb0</run_address>
         <size>0xa4</size>
         <input_file_ref idref="fl-5"/>
      </object_component>
      <object_component id="oc-a5">
         <name>.text</name>
         <load_address>0xa054</load_address>
         <run_address>0xa054</run_address>
         <size>0x9a</size>
         <input_file_ref idref="fl-1d"/>
      </object_component>
      <object_component id="oc-16e">
         <name>.text:getEffectiveness</name>
         <load_address>0xa0ee</load_address>
         <run_address>0xa0ee</run_address>
         <size>0x98</size>
         <input_file_ref idref="fl-2"/>
      </object_component>
      <object_component id="oc-155">
         <name>.text:MRFI_RxAddrIsFiltered</name>
         <load_address>0xa186</load_address>
         <run_address>0xa186</run_address>
         <size>0x70</size>
         <input_file_ref idref="fl-9"/>
      </object_component>
      <object_component id="oc-121">
         <name>.text:main</name>
         <load_address>0xa1f6</load_address>
         <run_address>0xa1f6</run_address>
         <size>0x70</size>
         <input_file_ref idref="fl-2"/>
      </object_component>
      <object_component id="oc-17b">
         <name>.text:parseCommaData</name>
         <load_address>0xa266</load_address>
         <run_address>0xa266</run_address>
         <size>0x6c</size>
         <input_file_ref idref="fl-4"/>
      </object_component>
      <object_component id="oc-16b">
         <name>.text:sendMsg</name>
         <load_address>0xa2d2</load_address>
         <run_address>0xa2d2</run_address>
         <size>0x6c</size>
         <input_file_ref idref="fl-6"/>
      </object_component>
      <object_component id="oc-149">
         <name>.text:parsedata</name>
         <load_address>0xa33e</load_address>
         <run_address>0xa33e</run_address>
         <size>0x64</size>
         <input_file_ref idref="fl-4"/>
      </object_component>
      <object_component id="oc-165">
         <name>.text:clust2sect</name>
         <load_address>0xa3a2</load_address>
         <run_address>0xa3a2</run_address>
         <size>0x60</size>
         <input_file_ref idref="fl-5"/>
      </object_component>
      <object_component id="oc-152">
         <name>.text:sendGraphicsUpdate</name>
         <load_address>0xa402</load_address>
         <run_address>0xa402</run_address>
         <size>0x60</size>
         <input_file_ref idref="fl-6"/>
      </object_component>
      <object_component id="oc-15b">
         <name>.text:spiRegAccess</name>
         <load_address>0xa462</load_address>
         <run_address>0xa462</run_address>
         <size>0x5e</size>
         <input_file_ref idref="fl-9"/>
      </object_component>
      <object_component id="oc-161">
         <name>.text:l_lsr_const</name>
         <load_address>0xa4c0</load_address>
         <run_address>0xa4c0</run_address>
         <size>0x5c</size>
         <input_file_ref idref="fl-34"/>
      </object_component>
      <object_component id="oc-17f">
         <name>.text:mem_cmp</name>
         <load_address>0xa51c</load_address>
         <run_address>0xa51c</run_address>
         <size>0x5c</size>
         <input_file_ref idref="fl-5"/>
      </object_component>
      <object_component id="oc-13c">
         <name>.text:mrfiSpiCmdStrobe</name>
         <load_address>0xa578</load_address>
         <run_address>0xa578</run_address>
         <size>0x5c</size>
         <input_file_ref idref="fl-9"/>
      </object_component>
      <object_component id="oc-8d">
         <name>.text</name>
         <load_address>0xa5d4</load_address>
         <run_address>0xa5d4</run_address>
         <size>0x58</size>
         <input_file_ref idref="fl-18"/>
      </object_component>
      <object_component id="oc-182">
         <name>.text:_ltostr</name>
         <load_address>0xa62c</load_address>
         <run_address>0xa62c</run_address>
         <size>0x56</size>
         <input_file_ref idref="fl-3f"/>
      </object_component>
      <object_component id="oc-128">
         <name>.text:MRFI_WakeUp</name>
         <load_address>0xa682</load_address>
         <run_address>0xa682</run_address>
         <size>0x54</size>
         <input_file_ref idref="fl-9"/>
      </object_component>
      <object_component id="oc-14a">
         <name>.text:atoi</name>
         <load_address>0xa6d6</load_address>
         <run_address>0xa6d6</run_address>
         <size>0x54</size>
         <input_file_ref idref="fl-10"/>
      </object_component>
      <object_component id="oc-177">
         <name>.text:_pproc_diouxp</name>
         <load_address>0xa72a</load_address>
         <run_address>0xa72a</run_address>
         <size>0x4e</size>
         <input_file_ref idref="fl-3f"/>
      </object_component>
      <object_component id="oc-156">
         <name>.text:Mrfi_CalculateRssi</name>
         <load_address>0xa778</load_address>
         <run_address>0xa778</run_address>
         <size>0x4c</size>
         <input_file_ref idref="fl-9"/>
      </object_component>
      <object_component id="oc-cc">
         <name>.text</name>
         <load_address>0xa7c4</load_address>
         <run_address>0xa7c4</run_address>
         <size>0x4c</size>
         <input_file_ref idref="fl-33"/>
      </object_component>
      <object_component id="oc-120">
         <name>.text:_auto_init</name>
         <load_address>0xa810</load_address>
         <run_address>0xa810</run_address>
         <size>0x48</size>
         <input_file_ref idref="fl-41"/>
      </object_component>
      <object_component id="oc-169">
         <name>.text:_pproc_str</name>
         <load_address>0xa858</load_address>
         <run_address>0xa858</run_address>
         <size>0x48</size>
         <input_file_ref idref="fl-3f"/>
      </object_component>
      <object_component id="oc-af">
         <name>.text</name>
         <load_address>0xa8a0</load_address>
         <run_address>0xa8a0</run_address>
         <size>0x46</size>
         <input_file_ref idref="fl-1f"/>
      </object_component>
      <object_component id="oc-17e">
         <name>.text:mem_set</name>
         <load_address>0xa8e6</load_address>
         <run_address>0xa8e6</run_address>
         <size>0x44</size>
         <input_file_ref idref="fl-5"/>
      </object_component>
      <object_component id="oc-13f">
         <name>.text:MRFI_SetRxAddrFilter</name>
         <load_address>0xa92a</load_address>
         <run_address>0xa92a</run_address>
         <size>0x42</size>
         <input_file_ref idref="fl-9"/>
      </object_component>
      <object_component id="oc-136">
         <name>.text:Mrfi_DelayUsec</name>
         <load_address>0xa96c</load_address>
         <run_address>0xa96c</run_address>
         <size>0x40</size>
         <input_file_ref idref="fl-9"/>
      </object_component>
      <object_component id="oc-162">
         <name>.text:l_lsl_const</name>
         <load_address>0xa9ac</load_address>
         <run_address>0xa9ac</run_address>
         <size>0x3e</size>
         <input_file_ref idref="fl-32"/>
      </object_component>
      <object_component id="oc-153">
         <name>.text:sendAttack</name>
         <load_address>0xa9ea</load_address>
         <run_address>0xa9ea</run_address>
         <size>0x3e</size>
         <input_file_ref idref="fl-6"/>
      </object_component>
      <object_component id="oc-14f">
         <name>.text:sendID</name>
         <load_address>0xaa28</load_address>
         <run_address>0xaa28</run_address>
         <size>0x3e</size>
         <input_file_ref idref="fl-6"/>
      </object_component>
      <object_component id="oc-12e">
         <name>.text:sprintf</name>
         <load_address>0xaa66</load_address>
         <run_address>0xaa66</run_address>
         <size>0x38</size>
         <input_file_ref idref="fl-3a"/>
      </object_component>
      <object_component id="oc-13b">
         <name>.text:MRFI_SetRFPwr</name>
         <load_address>0xaa9e</load_address>
         <run_address>0xaa9e</run_address>
         <size>0x36</size>
         <input_file_ref idref="fl-9"/>
      </object_component>
      <object_component id="oc-13a">
         <name>.text:MRFI_SetLogicalChannel</name>
         <load_address>0xaad4</load_address>
         <run_address>0xaad4</run_address>
         <size>0x34</size>
         <input_file_ref idref="fl-9"/>
      </object_component>
      <object_component id="oc-135">
         <name>.text:mrfiSpiInit</name>
         <load_address>0xab08</load_address>
         <run_address>0xab08</run_address>
         <size>0x34</size>
         <input_file_ref idref="fl-9"/>
      </object_component>
      <object_component id="oc-b4">
         <name>.text</name>
         <load_address>0xab3c</load_address>
         <run_address>0xab3c</run_address>
         <size>0x32</size>
         <input_file_ref idref="fl-20"/>
      </object_component>
      <object_component id="oc-126">
         <name>.text:BSP_Init</name>
         <load_address>0xab6e</load_address>
         <run_address>0xab6e</run_address>
         <size>0x30</size>
         <input_file_ref idref="fl-a"/>
      </object_component>
      <object_component id="oc-12f">
         <name>.text:uart_puts</name>
         <load_address>0xab9e</load_address>
         <run_address>0xab9e</run_address>
         <size>0x30</size>
         <input_file_ref idref="fl-2"/>
      </object_component>
      <object_component id="oc-181">
         <name>.text:_getarg_diouxp</name>
         <load_address>0xabce</load_address>
         <run_address>0xabce</run_address>
         <size>0x2e</size>
         <input_file_ref idref="fl-3f"/>
      </object_component>
      <object_component id="oc-142">
         <name>.text:spi_set_divisor</name>
         <load_address>0xabfc</load_address>
         <run_address>0xabfc</run_address>
         <size>0x2e</size>
         <input_file_ref idref="fl-8"/>
      </object_component>
      <object_component id="oc-184">
         <name>.text:Mrfi_RandomBackoffDelay</name>
         <load_address>0xac2a</load_address>
         <run_address>0xac2a</run_address>
         <size>0x2c</size>
         <input_file_ref idref="fl-9"/>
      </object_component>
      <object_component id="oc-13d">
         <name>.text:Mrfi_RxModeOff</name>
         <load_address>0xac56</load_address>
         <run_address>0xac56</run_address>
         <size>0x2c</size>
         <input_file_ref idref="fl-9"/>
      </object_component>
      <object_component id="oc-83">
         <name>.text</name>
         <load_address>0xac82</load_address>
         <run_address>0xac82</run_address>
         <size>0x2c</size>
         <input_file_ref idref="fl-16"/>
      </object_component>
      <object_component id="oc-c3">
         <name>.text</name>
         <load_address>0xacae</load_address>
         <run_address>0xacae</run_address>
         <size>0x2c</size>
         <input_file_ref idref="fl-31"/>
      </object_component>
      <object_component id="oc-129">
         <name>.text:receiveInit</name>
         <load_address>0xacda</load_address>
         <run_address>0xacda</run_address>
         <size>0x2a</size>
         <input_file_ref idref="fl-6"/>
      </object_component>
      <object_component id="oc-12a">
         <name>.text:spi_initialize</name>
         <load_address>0xad04</load_address>
         <run_address>0xad04</run_address>
         <size>0x2a</size>
         <input_file_ref idref="fl-8"/>
      </object_component>
      <object_component id="oc-15a">
         <name>.text:BSP_Delay</name>
         <load_address>0xad2e</load_address>
         <run_address>0xad2e</run_address>
         <size>0x28</size>
         <input_file_ref idref="fl-a"/>
      </object_component>
      <object_component id="oc-137">
         <name>.text:mrfiSpiWriteReg</name>
         <load_address>0xad56</load_address>
         <run_address>0xad56</run_address>
         <size>0x28</size>
         <input_file_ref idref="fl-9"/>
      </object_component>
      <object_component id="oc-2d">
         <name>.text:_c_int00_noexit</name>
         <load_address>0xad7e</load_address>
         <run_address>0xad7e</run_address>
         <size>0x26</size>
         <input_file_ref idref="fl-11"/>
      </object_component>
      <object_component id="oc-138">
         <name>.text:mrfiSpiReadReg</name>
         <load_address>0xada4</load_address>
         <run_address>0xada4</run_address>
         <size>0x26</size>
         <input_file_ref idref="fl-9"/>
      </object_component>
      <object_component id="oc-e9">
         <name>.text</name>
         <load_address>0xadca</load_address>
         <run_address>0xadca</run_address>
         <size>0x26</size>
         <input_file_ref idref="fl-39"/>
      </object_component>
      <object_component id="oc-151">
         <name>.text:sendGameOver</name>
         <load_address>0xadf0</load_address>
         <run_address>0xadf0</run_address>
         <size>0x26</size>
         <input_file_ref idref="fl-6"/>
      </object_component>
      <object_component id="oc-b9">
         <name>.text</name>
         <load_address>0xae16</load_address>
         <run_address>0xae16</run_address>
         <size>0x24</size>
         <input_file_ref idref="fl-21"/>
      </object_component>
      <object_component id="oc-140">
         <name>.text:MRFI_EnableRxAddrFilter</name>
         <load_address>0xae3a</load_address>
         <run_address>0xae3a</run_address>
         <size>0x20</size>
         <input_file_ref idref="fl-9"/>
      </object_component>
      <object_component id="oc-141">
         <name>.text:MRFI_RxOn</name>
         <load_address>0xae5a</load_address>
         <run_address>0xae5a</run_address>
         <size>0x20</size>
         <input_file_ref idref="fl-9"/>
      </object_component>
      <object_component id="oc-160">
         <name>.text:spi_send</name>
         <load_address>0xae7a</load_address>
         <run_address>0xae7a</run_address>
         <size>0x1e</size>
         <input_file_ref idref="fl-8"/>
      </object_component>
      <object_component id="oc-132">
         <name>.text:BSP_InitBoard</name>
         <load_address>0xae98</load_address>
         <run_address>0xae98</run_address>
         <size>0x1c</size>
         <input_file_ref idref="fl-a"/>
      </object_component>
      <object_component id="oc-123">
         <name>.text:MRFI_GpioIsr</name>
         <load_address>0xaeb4</load_address>
         <run_address>0xaeb4</run_address>
         <size>0x1c</size>
         <input_file_ref idref="fl-9"/>
      </object_component>
      <object_component id="oc-178">
         <name>.text:memccpy</name>
         <load_address>0xaed0</load_address>
         <run_address>0xaed0</run_address>
         <size>0x1c</size>
         <input_file_ref idref="fl-42"/>
      </object_component>
      <object_component id="oc-11d">
         <name>.text:BSP_GpioPort1Isr</name>
         <load_address>0xaeec</load_address>
         <run_address>0xaeec</run_address>
         <size>0x1a</size>
         <input_file_ref idref="fl-9"/>
      </object_component>
      <object_component id="oc-14b">
         <name>.text:_outs</name>
         <load_address>0xaf06</load_address>
         <run_address>0xaf06</run_address>
         <size>0x1a</size>
         <input_file_ref idref="fl-3a"/>
      </object_component>
      <object_component id="oc-183">
         <name>.text:mrfiSpiWriteTxFifo</name>
         <load_address>0xaf20</load_address>
         <run_address>0xaf20</run_address>
         <size>0x1a</size>
         <input_file_ref idref="fl-9"/>
      </object_component>
      <object_component id="oc-185">
         <name>.text:_div</name>
         <load_address>0xaf3a</load_address>
         <run_address>0xaf3a</run_address>
         <size>0x18</size>
         <input_file_ref idref="fl-3f"/>
      </object_component>
      <object_component id="oc-154">
         <name>.text:mrfiSpiReadRxFifo</name>
         <load_address>0xaf52</load_address>
         <run_address>0xaf52</run_address>
         <size>0x18</size>
         <input_file_ref idref="fl-9"/>
      </object_component>
      <object_component id="oc-186">
         <name>.text:MRFI_RandomByte</name>
         <load_address>0xaf6a</load_address>
         <run_address>0xaf6a</run_address>
         <size>0x16</size>
         <input_file_ref idref="fl-9"/>
      </object_component>
      <object_component id="oc-173">
         <name>.text:MRFI_Receive</name>
         <load_address>0xaf80</load_address>
         <run_address>0xaf80</run_address>
         <size>0x16</size>
         <input_file_ref idref="fl-9"/>
      </object_component>
      <object_component id="oc-15d">
         <name>.text:Mrfi_RxModeOn</name>
         <load_address>0xaf96</load_address>
         <run_address>0xaf96</run_address>
         <size>0x16</size>
         <input_file_ref idref="fl-9"/>
      </object_component>
      <object_component id="oc-88">
         <name>.text</name>
         <load_address>0xafac</load_address>
         <run_address>0xafac</run_address>
         <size>0x16</size>
         <input_file_ref idref="fl-17"/>
      </object_component>
      <object_component id="oc-143">
         <name>.text:spi_receive</name>
         <load_address>0xafc2</load_address>
         <run_address>0xafc2</run_address>
         <size>0x16</size>
         <input_file_ref idref="fl-8"/>
      </object_component>
      <object_component id="oc-134">
         <name>.text:memset</name>
         <load_address>0xafd8</load_address>
         <run_address>0xafd8</run_address>
         <size>0x14</size>
         <input_file_ref idref="fl-36"/>
      </object_component>
      <object_component id="oc-e4">
         <name>.text</name>
         <load_address>0xafec</load_address>
         <run_address>0xafec</run_address>
         <size>0x14</size>
         <input_file_ref idref="fl-38"/>
      </object_component>
      <object_component id="oc-14e">
         <name>.text:uart_putc</name>
         <load_address>0xb000</load_address>
         <run_address>0xb000</run_address>
         <size>0x14</size>
         <input_file_ref idref="fl-2"/>
      </object_component>
      <object_component id="oc-158">
         <name>.text:BSP_InitLeds</name>
         <load_address>0xb014</load_address>
         <run_address>0xb014</run_address>
         <size>0x12</size>
         <input_file_ref idref="fl-a"/>
      </object_component>
      <object_component id="oc-14c">
         <name>.text:_outc</name>
         <load_address>0xb026</load_address>
         <run_address>0xb026</run_address>
         <size>0x12</size>
         <input_file_ref idref="fl-3a"/>
      </object_component>
      <object_component id="oc-124">
         <name>.text:memcpy</name>
         <load_address>0xb038</load_address>
         <run_address>0xb038</run_address>
         <size>0x12</size>
         <input_file_ref idref="fl-35"/>
      </object_component>
      <object_component id="oc-13e">
         <name>.text:l_asr</name>
         <load_address>0xb04a</load_address>
         <run_address>0xb04a</run_address>
         <size>0x10</size>
         <input_file_ref idref="fl-f"/>
      </object_component>
      <object_component id="oc-125">
         <name>.text</name>
         <load_address>0xb05a</load_address>
         <run_address>0xb05a</run_address>
         <size>0x10</size>
         <input_file_ref idref="fl-19"/>
      </object_component>
      <object_component id="oc-179">
         <name>.text:strcpy</name>
         <load_address>0xb06a</load_address>
         <run_address>0xb06a</run_address>
         <size>0x10</size>
         <input_file_ref idref="fl-3c"/>
      </object_component>
      <object_component id="oc-167">
         <name>.text:strlen</name>
         <load_address>0xb07a</load_address>
         <run_address>0xb07a</run_address>
         <size>0xe</size>
         <input_file_ref idref="fl-3d"/>
      </object_component>
      <object_component id="oc-159">
         <name>.text:BSP_InitButtons</name>
         <load_address>0xb088</load_address>
         <run_address>0xb088</run_address>
         <size>0xa</size>
         <input_file_ref idref="fl-a"/>
      </object_component>
      <object_component id="oc-133">
         <name>.text:BSP_InitDrivers</name>
         <load_address>0xb092</load_address>
         <run_address>0xb092</run_address>
         <size>0xa</size>
         <input_file_ref idref="fl-a"/>
      </object_component>
      <object_component id="oc-11f">
         <name>.text:_system_pre_init</name>
         <load_address>0xb09c</load_address>
         <run_address>0xb09c</run_address>
         <size>0xa</size>
         <input_file_ref idref="fl-a"/>
      </object_component>
      <object_component id="oc-be">
         <name>.text:__TI_ISR_TRAP</name>
         <load_address>0xb0a6</load_address>
         <run_address>0xb0a6</run_address>
         <size>0x6</size>
         <input_file_ref idref="fl-30"/>
      </object_component>
      <object_component id="oc-17d">
         <name>.text:_fltud</name>
         <load_address>0xb0ac</load_address>
         <run_address>0xb0ac</run_address>
         <size>0x6</size>
         <input_file_ref idref="fl-1b"/>
      </object_component>
      <object_component id="oc-122">
         <name>.text:abort</name>
         <load_address>0xb0b2</load_address>
         <run_address>0xb0b2</run_address>
         <size>0x4</size>
         <input_file_ref idref="fl-1a"/>
      </object_component>
      <object_component id="oc-11e">
         <name>.text:_nop</name>
         <load_address>0xb0b6</load_address>
         <run_address>0xb0b6</run_address>
         <size>0x2</size>
         <input_file_ref idref="fl-3e"/>
      </object_component>
      <object_component id="oc-57">
         <name>.cinit</name>
         <load_address>0xb42a</load_address>
         <run_address>0xb42a</run_address>
         <size>0x2f</size>
         <input_file_ref idref="fl-9"/>
      </object_component>
      <object_component id="oc-30">
         <name>.cinit</name>
         <load_address>0xb45a</load_address>
         <run_address>0xb45a</run_address>
         <size>0x10</size>
         <input_file_ref idref="fl-2"/>
      </object_component>
      <object_component id="oc-17c">
         <name>.const:typeMatrix</name>
         <load_address>0xb0b8</load_address>
         <run_address>0xb0b8</run_address>
         <size>0x144</size>
         <input_file_ref idref="fl-2"/>
      </object_component>
      <object_component id="oc-166">
         <name>.const:.string:_ctypes_</name>
         <load_address>0xb1fc</load_address>
         <run_address>0xb1fc</run_address>
         <size>0x101</size>
         <input_file_ref idref="fl-15"/>
      </object_component>
      <object_component id="oc-31">
         <name>.const:.string</name>
         <load_address>0xb2fe</load_address>
         <run_address>0xb2fe</run_address>
         <size>0xa2</size>
         <input_file_ref idref="fl-2"/>
      </object_component>
      <object_component id="oc-139">
         <name>.const:mrfiRadioCfg</name>
         <load_address>0xb3a0</load_address>
         <run_address>0xb3a0</run_address>
         <size>0x3c</size>
         <input_file_ref idref="fl-9"/>
      </object_component>
      <object_component id="oc-3e">
         <name>.const:.string</name>
         <load_address>0xb3dc</load_address>
         <run_address>0xb3dc</run_address>
         <size>0x14</size>
         <input_file_ref idref="fl-4"/>
      </object_component>
      <object_component id="oc-109">
         <name>.const:.string</name>
         <load_address>0xb3f0</load_address>
         <run_address>0xb3f0</run_address>
         <size>0x14</size>
         <input_file_ref idref="fl-3f"/>
      </object_component>
      <object_component id="oc-170">
         <name>.const:.string:$P$T2$3</name>
         <load_address>0xb404</load_address>
         <run_address>0xb404</run_address>
         <size>0x9</size>
         <input_file_ref idref="fl-6"/>
      </object_component>
      <object_component id="oc-16a">
         <name>.const:.string:$P$T0$1</name>
         <load_address>0xb40e</load_address>
         <run_address>0xb40e</run_address>
         <size>0x6</size>
         <input_file_ref idref="fl-6"/>
      </object_component>
      <object_component id="oc-171">
         <name>.const:.string:$P$T1$2</name>
         <load_address>0xb414</load_address>
         <run_address>0xb414</run_address>
         <size>0x6</size>
         <input_file_ref idref="fl-6"/>
      </object_component>
      <object_component id="oc-16f">
         <name>.const:.string:$P$T3$4</name>
         <load_address>0xb41a</load_address>
         <run_address>0xb41a</run_address>
         <size>0x4</size>
         <input_file_ref idref="fl-6"/>
      </object_component>
      <object_component id="oc-15f">
         <name>.const:.string:mrfiBroadcastAddr</name>
         <load_address>0xb41e</load_address>
         <run_address>0xb41e</run_address>
         <size>0x4</size>
         <input_file_ref idref="fl-9"/>
      </object_component>
      <object_component id="oc-15c">
         <name>.const:.string:mrfiLogicalChanTable</name>
         <load_address>0xb422</load_address>
         <run_address>0xb422</run_address>
         <size>0x4</size>
         <input_file_ref idref="fl-9"/>
      </object_component>
      <object_component id="oc-15e">
         <name>.const:.string:mrfiRFPowerTable</name>
         <load_address>0xb426</load_address>
         <run_address>0xb426</run_address>
         <size>0x3</size>
         <input_file_ref idref="fl-9"/>
      </object_component>
      <object_component id="oc-1e">
         <name>.int00</name>
         <load_address>0xffe0</load_address>
         <run_address>0xffe0</run_address>
         <size>0x2</size>
         <input_file_ref idref="fl-22"/>
      </object_component>
      <object_component id="oc-1f">
         <name>.int01</name>
         <load_address>0xffe2</load_address>
         <run_address>0xffe2</run_address>
         <size>0x2</size>
         <input_file_ref idref="fl-23"/>
      </object_component>
      <object_component id="oc-20">
         <name>.int02</name>
         <load_address>0xffe4</load_address>
         <run_address>0xffe4</run_address>
         <size>0x2</size>
         <input_file_ref idref="fl-24"/>
      </object_component>
      <object_component id="oc-21">
         <name>.int03</name>
         <load_address>0xffe6</load_address>
         <run_address>0xffe6</run_address>
         <size>0x2</size>
         <input_file_ref idref="fl-9"/>
      </object_component>
      <object_component id="oc-22">
         <name>.int04</name>
         <load_address>0xffe8</load_address>
         <run_address>0xffe8</run_address>
         <size>0x2</size>
         <input_file_ref idref="fl-25"/>
      </object_component>
      <object_component id="oc-23">
         <name>.int05</name>
         <load_address>0xffea</load_address>
         <run_address>0xffea</run_address>
         <size>0x2</size>
         <input_file_ref idref="fl-26"/>
      </object_component>
      <object_component id="oc-24">
         <name>.int06</name>
         <load_address>0xffec</load_address>
         <run_address>0xffec</run_address>
         <size>0x2</size>
         <input_file_ref idref="fl-27"/>
      </object_component>
      <object_component id="oc-25">
         <name>.int07</name>
         <load_address>0xffee</load_address>
         <run_address>0xffee</run_address>
         <size>0x2</size>
         <input_file_ref idref="fl-28"/>
      </object_component>
      <object_component id="oc-26">
         <name>.int08</name>
         <load_address>0xfff0</load_address>
         <run_address>0xfff0</run_address>
         <size>0x2</size>
         <input_file_ref idref="fl-29"/>
      </object_component>
      <object_component id="oc-27">
         <name>.int09</name>
         <load_address>0xfff2</load_address>
         <run_address>0xfff2</run_address>
         <size>0x2</size>
         <input_file_ref idref="fl-2a"/>
      </object_component>
      <object_component id="oc-28">
         <name>.int10</name>
         <load_address>0xfff4</load_address>
         <run_address>0xfff4</run_address>
         <size>0x2</size>
         <input_file_ref idref="fl-2b"/>
      </object_component>
      <object_component id="oc-29">
         <name>.int11</name>
         <load_address>0xfff6</load_address>
         <run_address>0xfff6</run_address>
         <size>0x2</size>
         <input_file_ref idref="fl-2c"/>
      </object_component>
      <object_component id="oc-2a">
         <name>.int12</name>
         <load_address>0xfff8</load_address>
         <run_address>0xfff8</run_address>
         <size>0x2</size>
         <input_file_ref idref="fl-2d"/>
      </object_component>
      <object_component id="oc-2b">
         <name>.int13</name>
         <load_address>0xfffa</load_address>
         <run_address>0xfffa</run_address>
         <size>0x2</size>
         <input_file_ref idref="fl-2e"/>
      </object_component>
      <object_component id="oc-2c">
         <name>.int14</name>
         <load_address>0xfffc</load_address>
         <run_address>0xfffc</run_address>
         <size>0x2</size>
         <input_file_ref idref="fl-2f"/>
      </object_component>
      <object_component id="oc-6d">
         <name>.reset</name>
         <load_address>0xfffe</load_address>
         <run_address>0xfffe</run_address>
         <size>0x2</size>
         <input_file_ref idref="fl-11"/>
      </object_component>
      <object_component id="oc-2f">
         <name>.debug_info</name>
         <load_address>0x0</load_address>
         <run_address>0x0</run_address>
         <size>0x132e</size>
         <input_file_ref idref="fl-2"/>
      </object_component>
      <object_component id="oc-37">
         <name>.debug_info</name>
         <load_address>0x132e</load_address>
         <run_address>0x132e</run_address>
         <size>0x79b</size>
         <input_file_ref idref="fl-3"/>
      </object_component>
      <object_component id="oc-3d">
         <name>.debug_info</name>
         <load_address>0x1ac9</load_address>
         <run_address>0x1ac9</run_address>
         <size>0x114e</size>
         <input_file_ref idref="fl-4"/>
      </object_component>
      <object_component id="oc-44">
         <name>.debug_info</name>
         <load_address>0x2c17</load_address>
         <run_address>0x2c17</run_address>
         <size>0x10c0</size>
         <input_file_ref idref="fl-5"/>
      </object_component>
      <object_component id="oc-49">
         <name>.debug_info</name>
         <load_address>0x3cd7</load_address>
         <run_address>0x3cd7</run_address>
         <size>0xe3f</size>
         <input_file_ref idref="fl-6"/>
      </object_component>
      <object_component id="oc-4e">
         <name>.debug_info</name>
         <load_address>0x4b16</load_address>
         <run_address>0x4b16</run_address>
         <size>0x196</size>
         <input_file_ref idref="fl-7"/>
      </object_component>
      <object_component id="oc-50">
         <name>.debug_info</name>
         <load_address>0x4cac</load_address>
         <run_address>0x4cac</run_address>
         <size>0x4c2</size>
         <input_file_ref idref="fl-8"/>
      </object_component>
      <object_component id="oc-56">
         <name>.debug_info</name>
         <load_address>0x516e</load_address>
         <run_address>0x516e</run_address>
         <size>0x3240</size>
         <input_file_ref idref="fl-9"/>
      </object_component>
      <object_component id="oc-5c">
         <name>.debug_info</name>
         <load_address>0x83ae</load_address>
         <run_address>0x83ae</run_address>
         <size>0xa73</size>
         <input_file_ref idref="fl-a"/>
      </object_component>
      <object_component id="oc-61">
         <name>.debug_info</name>
         <load_address>0x8e21</load_address>
         <run_address>0x8e21</run_address>
         <size>0xbb</size>
         <input_file_ref idref="fl-f"/>
      </object_component>
      <object_component id="oc-65">
         <name>.debug_info</name>
         <load_address>0x8edc</load_address>
         <run_address>0x8edc</run_address>
         <size>0x298</size>
         <input_file_ref idref="fl-10"/>
      </object_component>
      <object_component id="oc-6b">
         <name>.debug_info</name>
         <load_address>0x9174</load_address>
         <run_address>0x9174</run_address>
         <size>0x3d9</size>
         <input_file_ref idref="fl-11"/>
      </object_component>
      <object_component id="oc-72">
         <name>.debug_info</name>
         <load_address>0x954d</load_address>
         <run_address>0x954d</run_address>
         <size>0x276</size>
         <input_file_ref idref="fl-12"/>
      </object_component>
      <object_component id="oc-77">
         <name>.debug_info</name>
         <load_address>0x97c3</load_address>
         <run_address>0x97c3</run_address>
         <size>0x21b</size>
         <input_file_ref idref="fl-13"/>
      </object_component>
      <object_component id="oc-7c">
         <name>.debug_info</name>
         <load_address>0x99de</load_address>
         <run_address>0x99de</run_address>
         <size>0x231</size>
         <input_file_ref idref="fl-14"/>
      </object_component>
      <object_component id="oc-81">
         <name>.debug_info</name>
         <load_address>0x9c0f</load_address>
         <run_address>0x9c0f</run_address>
         <size>0x186</size>
         <input_file_ref idref="fl-15"/>
      </object_component>
      <object_component id="oc-84">
         <name>.debug_info</name>
         <load_address>0x9d95</load_address>
         <run_address>0x9d95</run_address>
         <size>0xcb</size>
         <input_file_ref idref="fl-16"/>
      </object_component>
      <object_component id="oc-89">
         <name>.debug_info</name>
         <load_address>0x9e60</load_address>
         <run_address>0x9e60</run_address>
         <size>0xbe</size>
         <input_file_ref idref="fl-17"/>
      </object_component>
      <object_component id="oc-8e">
         <name>.debug_info</name>
         <load_address>0x9f1e</load_address>
         <run_address>0x9f1e</run_address>
         <size>0xc0</size>
         <input_file_ref idref="fl-18"/>
      </object_component>
      <object_component id="oc-92">
         <name>.debug_info</name>
         <load_address>0x9fde</load_address>
         <run_address>0x9fde</run_address>
         <size>0xc7</size>
         <input_file_ref idref="fl-19"/>
      </object_component>
      <object_component id="oc-96">
         <name>.debug_info</name>
         <load_address>0xa0a5</load_address>
         <run_address>0xa0a5</run_address>
         <size>0x29b</size>
         <input_file_ref idref="fl-1a"/>
      </object_component>
      <object_component id="oc-9b">
         <name>.debug_info</name>
         <load_address>0xa340</load_address>
         <run_address>0xa340</run_address>
         <size>0x23b</size>
         <input_file_ref idref="fl-1b"/>
      </object_component>
      <object_component id="oc-a1">
         <name>.debug_info</name>
         <load_address>0xa57b</load_address>
         <run_address>0xa57b</run_address>
         <size>0xc2</size>
         <input_file_ref idref="fl-1c"/>
      </object_component>
      <object_component id="oc-a6">
         <name>.debug_info</name>
         <load_address>0xa63d</load_address>
         <run_address>0xa63d</run_address>
         <size>0xc2</size>
         <input_file_ref idref="fl-1d"/>
      </object_component>
      <object_component id="oc-ab">
         <name>.debug_info</name>
         <load_address>0xa6ff</load_address>
         <run_address>0xa6ff</run_address>
         <size>0xc2</size>
         <input_file_ref idref="fl-1e"/>
      </object_component>
      <object_component id="oc-b0">
         <name>.debug_info</name>
         <load_address>0xa7c1</load_address>
         <run_address>0xa7c1</run_address>
         <size>0xce</size>
         <input_file_ref idref="fl-1f"/>
      </object_component>
      <object_component id="oc-b5">
         <name>.debug_info</name>
         <load_address>0xa88f</load_address>
         <run_address>0xa88f</run_address>
         <size>0xc8</size>
         <input_file_ref idref="fl-20"/>
      </object_component>
      <object_component id="oc-ba">
         <name>.debug_info</name>
         <load_address>0xa957</load_address>
         <run_address>0xa957</run_address>
         <size>0xc5</size>
         <input_file_ref idref="fl-21"/>
      </object_component>
      <object_component id="oc-bf">
         <name>.debug_info</name>
         <load_address>0xaa1c</load_address>
         <run_address>0xaa1c</run_address>
         <size>0xba</size>
         <input_file_ref idref="fl-30"/>
      </object_component>
      <object_component id="oc-c4">
         <name>.debug_info</name>
         <load_address>0xaad6</load_address>
         <run_address>0xaad6</run_address>
         <size>0xbb</size>
         <input_file_ref idref="fl-31"/>
      </object_component>
      <object_component id="oc-c8">
         <name>.debug_info</name>
         <load_address>0xab91</load_address>
         <run_address>0xab91</run_address>
         <size>0xc1</size>
         <input_file_ref idref="fl-32"/>
      </object_component>
      <object_component id="oc-cd">
         <name>.debug_info</name>
         <load_address>0xac52</load_address>
         <run_address>0xac52</run_address>
         <size>0xbb</size>
         <input_file_ref idref="fl-33"/>
      </object_component>
      <object_component id="oc-d1">
         <name>.debug_info</name>
         <load_address>0xad0d</load_address>
         <run_address>0xad0d</run_address>
         <size>0xc1</size>
         <input_file_ref idref="fl-34"/>
      </object_component>
      <object_component id="oc-d5">
         <name>.debug_info</name>
         <load_address>0xadce</load_address>
         <run_address>0xadce</run_address>
         <size>0x2ba</size>
         <input_file_ref idref="fl-35"/>
      </object_component>
      <object_component id="oc-da">
         <name>.debug_info</name>
         <load_address>0xb088</load_address>
         <run_address>0xb088</run_address>
         <size>0x2d5</size>
         <input_file_ref idref="fl-36"/>
      </object_component>
      <object_component id="oc-df">
         <name>.debug_info</name>
         <load_address>0xb35d</load_address>
         <run_address>0xb35d</run_address>
         <size>0x270</size>
         <input_file_ref idref="fl-37"/>
      </object_component>
      <object_component id="oc-e5">
         <name>.debug_info</name>
         <load_address>0xb5cd</load_address>
         <run_address>0xb5cd</run_address>
         <size>0xbe</size>
         <input_file_ref idref="fl-38"/>
      </object_component>
      <object_component id="oc-ea">
         <name>.debug_info</name>
         <load_address>0xb68b</load_address>
         <run_address>0xb68b</run_address>
         <size>0xbe</size>
         <input_file_ref idref="fl-39"/>
      </object_component>
      <object_component id="oc-ee">
         <name>.debug_info</name>
         <load_address>0xb749</load_address>
         <run_address>0xb749</run_address>
         <size>0x4c5</size>
         <input_file_ref idref="fl-3a"/>
      </object_component>
      <object_component id="oc-f3">
         <name>.debug_info</name>
         <load_address>0xbc0e</load_address>
         <run_address>0xbc0e</run_address>
         <size>0x1d5</size>
         <input_file_ref idref="fl-3b"/>
      </object_component>
      <object_component id="oc-f8">
         <name>.debug_info</name>
         <load_address>0xbde3</load_address>
         <run_address>0xbde3</run_address>
         <size>0x2b4</size>
         <input_file_ref idref="fl-3c"/>
      </object_component>
      <object_component id="oc-fd">
         <name>.debug_info</name>
         <load_address>0xc097</load_address>
         <run_address>0xc097</run_address>
         <size>0x2a0</size>
         <input_file_ref idref="fl-3d"/>
      </object_component>
      <object_component id="oc-103">
         <name>.debug_info</name>
         <load_address>0xc337</load_address>
         <run_address>0xc337</run_address>
         <size>0x249</size>
         <input_file_ref idref="fl-3e"/>
      </object_component>
      <object_component id="oc-108">
         <name>.debug_info</name>
         <load_address>0xc580</load_address>
         <run_address>0xc580</run_address>
         <size>0xc34</size>
         <input_file_ref idref="fl-3f"/>
      </object_component>
      <object_component id="oc-10e">
         <name>.debug_info</name>
         <load_address>0xd1b4</load_address>
         <run_address>0xd1b4</run_address>
         <size>0x288</size>
         <input_file_ref idref="fl-40"/>
      </object_component>
      <object_component id="oc-113">
         <name>.debug_info</name>
         <load_address>0xd43c</load_address>
         <run_address>0xd43c</run_address>
         <size>0x34f</size>
         <input_file_ref idref="fl-41"/>
      </object_component>
      <object_component id="oc-118">
         <name>.debug_info</name>
         <load_address>0xd78b</load_address>
         <run_address>0xd78b</run_address>
         <size>0x2a6</size>
         <input_file_ref idref="fl-42"/>
      </object_component>
      <object_component id="oc-1af">
         <name>.debug_info</name>
         <load_address>0xda31</load_address>
         <run_address>0xda31</run_address>
         <size>0xc0</size>
      </object_component>
      <object_component id="oc-32">
         <name>.debug_frame</name>
         <load_address>0x0</load_address>
         <run_address>0x0</run_address>
         <size>0xde</size>
         <input_file_ref idref="fl-2"/>
      </object_component>
      <object_component id="oc-38">
         <name>.debug_frame</name>
         <load_address>0xde</load_address>
         <run_address>0xde</run_address>
         <size>0x86</size>
         <input_file_ref idref="fl-3"/>
      </object_component>
      <object_component id="oc-3f">
         <name>.debug_frame</name>
         <load_address>0x164</load_address>
         <run_address>0x164</run_address>
         <size>0xd9</size>
         <input_file_ref idref="fl-4"/>
      </object_component>
      <object_component id="oc-45">
         <name>.debug_frame</name>
         <load_address>0x23d</load_address>
         <run_address>0x23d</run_address>
         <size>0x19c</size>
         <input_file_ref idref="fl-5"/>
      </object_component>
      <object_component id="oc-4a">
         <name>.debug_frame</name>
         <load_address>0x3d9</load_address>
         <run_address>0x3d9</run_address>
         <size>0xf0</size>
         <input_file_ref idref="fl-6"/>
      </object_component>
      <object_component id="oc-51">
         <name>.debug_frame</name>
         <load_address>0x4c9</load_address>
         <run_address>0x4c9</run_address>
         <size>0x92</size>
         <input_file_ref idref="fl-8"/>
      </object_component>
      <object_component id="oc-58">
         <name>.debug_frame</name>
         <load_address>0x55b</load_address>
         <run_address>0x55b</run_address>
         <size>0x306</size>
         <input_file_ref idref="fl-9"/>
      </object_component>
      <object_component id="oc-5d">
         <name>.debug_frame</name>
         <load_address>0x861</load_address>
         <run_address>0x861</run_address>
         <size>0xd1</size>
         <input_file_ref idref="fl-a"/>
      </object_component>
      <object_component id="oc-66">
         <name>.debug_frame</name>
         <load_address>0x932</load_address>
         <run_address>0x932</run_address>
         <size>0x50</size>
         <input_file_ref idref="fl-10"/>
      </object_component>
      <object_component id="oc-6e">
         <name>.debug_frame</name>
         <load_address>0x982</load_address>
         <run_address>0x982</run_address>
         <size>0x42</size>
         <input_file_ref idref="fl-11"/>
      </object_component>
      <object_component id="oc-73">
         <name>.debug_frame</name>
         <load_address>0x9c4</load_address>
         <run_address>0x9c4</run_address>
         <size>0x32</size>
         <input_file_ref idref="fl-12"/>
      </object_component>
      <object_component id="oc-78">
         <name>.debug_frame</name>
         <load_address>0x9f6</load_address>
         <run_address>0x9f6</run_address>
         <size>0x32</size>
         <input_file_ref idref="fl-13"/>
      </object_component>
      <object_component id="oc-7d">
         <name>.debug_frame</name>
         <load_address>0xa28</load_address>
         <run_address>0xa28</run_address>
         <size>0x32</size>
         <input_file_ref idref="fl-14"/>
      </object_component>
      <object_component id="oc-97">
         <name>.debug_frame</name>
         <load_address>0xa5a</load_address>
         <run_address>0xa5a</run_address>
         <size>0x47</size>
         <input_file_ref idref="fl-1a"/>
      </object_component>
      <object_component id="oc-9c">
         <name>.debug_frame</name>
         <load_address>0xaa1</load_address>
         <run_address>0xaa1</run_address>
         <size>0x47</size>
         <input_file_ref idref="fl-1b"/>
      </object_component>
      <object_component id="oc-d6">
         <name>.debug_frame</name>
         <load_address>0xae8</load_address>
         <run_address>0xae8</run_address>
         <size>0x47</size>
         <input_file_ref idref="fl-35"/>
      </object_component>
      <object_component id="oc-db">
         <name>.debug_frame</name>
         <load_address>0xb2f</load_address>
         <run_address>0xb2f</run_address>
         <size>0x47</size>
         <input_file_ref idref="fl-36"/>
      </object_component>
      <object_component id="oc-e0">
         <name>.debug_frame</name>
         <load_address>0xb76</load_address>
         <run_address>0xb76</run_address>
         <size>0x32</size>
         <input_file_ref idref="fl-37"/>
      </object_component>
      <object_component id="oc-ef">
         <name>.debug_frame</name>
         <load_address>0xba8</load_address>
         <run_address>0xba8</run_address>
         <size>0x81</size>
         <input_file_ref idref="fl-3a"/>
      </object_component>
      <object_component id="oc-f4">
         <name>.debug_frame</name>
         <load_address>0xc29</load_address>
         <run_address>0xc29</run_address>
         <size>0x32</size>
         <input_file_ref idref="fl-3b"/>
      </object_component>
      <object_component id="oc-f9">
         <name>.debug_frame</name>
         <load_address>0xc5b</load_address>
         <run_address>0xc5b</run_address>
         <size>0x47</size>
         <input_file_ref idref="fl-3c"/>
      </object_component>
      <object_component id="oc-fe">
         <name>.debug_frame</name>
         <load_address>0xca2</load_address>
         <run_address>0xca2</run_address>
         <size>0x47</size>
         <input_file_ref idref="fl-3d"/>
      </object_component>
      <object_component id="oc-104">
         <name>.debug_frame</name>
         <load_address>0xce9</load_address>
         <run_address>0xce9</run_address>
         <size>0x47</size>
         <input_file_ref idref="fl-3e"/>
      </object_component>
      <object_component id="oc-10a">
         <name>.debug_frame</name>
         <load_address>0xd30</load_address>
         <run_address>0xd30</run_address>
         <size>0x13f</size>
         <input_file_ref idref="fl-3f"/>
      </object_component>
      <object_component id="oc-10f">
         <name>.debug_frame</name>
         <load_address>0xe6f</load_address>
         <run_address>0xe6f</run_address>
         <size>0x32</size>
         <input_file_ref idref="fl-40"/>
      </object_component>
      <object_component id="oc-114">
         <name>.debug_frame</name>
         <load_address>0xea1</load_address>
         <run_address>0xea1</run_address>
         <size>0x51</size>
         <input_file_ref idref="fl-41"/>
      </object_component>
      <object_component id="oc-119">
         <name>.debug_frame</name>
         <load_address>0xef2</load_address>
         <run_address>0xef2</run_address>
         <size>0x47</size>
         <input_file_ref idref="fl-42"/>
      </object_component>
      <object_component id="oc-33">
         <name>.debug_line</name>
         <load_address>0x0</load_address>
         <run_address>0x0</run_address>
         <size>0x18d</size>
         <input_file_ref idref="fl-2"/>
      </object_component>
      <object_component id="oc-39">
         <name>.debug_line</name>
         <load_address>0x18d</load_address>
         <run_address>0x18d</run_address>
         <size>0x147</size>
         <input_file_ref idref="fl-3"/>
      </object_component>
      <object_component id="oc-40">
         <name>.debug_line</name>
         <load_address>0x2d4</load_address>
         <run_address>0x2d4</run_address>
         <size>0x1bc</size>
         <input_file_ref idref="fl-4"/>
      </object_component>
      <object_component id="oc-46">
         <name>.debug_line</name>
         <load_address>0x490</load_address>
         <run_address>0x490</run_address>
         <size>0x3c3</size>
         <input_file_ref idref="fl-5"/>
      </object_component>
      <object_component id="oc-4b">
         <name>.debug_line</name>
         <load_address>0x853</load_address>
         <run_address>0x853</run_address>
         <size>0x123</size>
         <input_file_ref idref="fl-6"/>
      </object_component>
      <object_component id="oc-52">
         <name>.debug_line</name>
         <load_address>0x976</load_address>
         <run_address>0x976</run_address>
         <size>0xb8</size>
         <input_file_ref idref="fl-8"/>
      </object_component>
      <object_component id="oc-59">
         <name>.debug_line</name>
         <load_address>0xa2e</load_address>
         <run_address>0xa2e</run_address>
         <size>0x6e5</size>
         <input_file_ref idref="fl-9"/>
      </object_component>
      <object_component id="oc-5e">
         <name>.debug_line</name>
         <load_address>0x1113</load_address>
         <run_address>0x1113</run_address>
         <size>0x2aa</size>
         <input_file_ref idref="fl-a"/>
      </object_component>
      <object_component id="oc-62">
         <name>.debug_line</name>
         <load_address>0x13bd</load_address>
         <run_address>0x13bd</run_address>
         <size>0x3e</size>
         <input_file_ref idref="fl-f"/>
      </object_component>
      <object_component id="oc-67">
         <name>.debug_line</name>
         <load_address>0x13fb</load_address>
         <run_address>0x13fb</run_address>
         <size>0x5d</size>
         <input_file_ref idref="fl-10"/>
      </object_component>
      <object_component id="oc-6f">
         <name>.debug_line</name>
         <load_address>0x1458</load_address>
         <run_address>0x1458</run_address>
         <size>0x45</size>
         <input_file_ref idref="fl-11"/>
      </object_component>
      <object_component id="oc-74">
         <name>.debug_line</name>
         <load_address>0x149d</load_address>
         <run_address>0x149d</run_address>
         <size>0x37</size>
         <input_file_ref idref="fl-12"/>
      </object_component>
      <object_component id="oc-79">
         <name>.debug_line</name>
         <load_address>0x14d4</load_address>
         <run_address>0x14d4</run_address>
         <size>0x36</size>
         <input_file_ref idref="fl-13"/>
      </object_component>
      <object_component id="oc-7e">
         <name>.debug_line</name>
         <load_address>0x150a</load_address>
         <run_address>0x150a</run_address>
         <size>0x31</size>
         <input_file_ref idref="fl-14"/>
      </object_component>
      <object_component id="oc-85">
         <name>.debug_line</name>
         <load_address>0x153b</load_address>
         <run_address>0x153b</run_address>
         <size>0x4d</size>
         <input_file_ref idref="fl-16"/>
      </object_component>
      <object_component id="oc-8a">
         <name>.debug_line</name>
         <load_address>0x1588</load_address>
         <run_address>0x1588</run_address>
         <size>0x43</size>
         <input_file_ref idref="fl-17"/>
      </object_component>
      <object_component id="oc-8f">
         <name>.debug_line</name>
         <load_address>0x15cb</load_address>
         <run_address>0x15cb</run_address>
         <size>0x64</size>
         <input_file_ref idref="fl-18"/>
      </object_component>
      <object_component id="oc-93">
         <name>.debug_line</name>
         <load_address>0x162f</load_address>
         <run_address>0x162f</run_address>
         <size>0x40</size>
         <input_file_ref idref="fl-19"/>
      </object_component>
      <object_component id="oc-98">
         <name>.debug_line</name>
         <load_address>0x166f</load_address>
         <run_address>0x166f</run_address>
         <size>0x3d</size>
         <input_file_ref idref="fl-1a"/>
      </object_component>
      <object_component id="oc-9d">
         <name>.debug_line</name>
         <load_address>0x16ac</load_address>
         <run_address>0x16ac</run_address>
         <size>0x3d</size>
         <input_file_ref idref="fl-1b"/>
      </object_component>
      <object_component id="oc-a2">
         <name>.debug_line</name>
         <load_address>0x16e9</load_address>
         <run_address>0x16e9</run_address>
         <size>0xba</size>
         <input_file_ref idref="fl-1c"/>
      </object_component>
      <object_component id="oc-a7">
         <name>.debug_line</name>
         <load_address>0x17a3</load_address>
         <run_address>0x17a3</run_address>
         <size>0x82</size>
         <input_file_ref idref="fl-1d"/>
      </object_component>
      <object_component id="oc-ac">
         <name>.debug_line</name>
         <load_address>0x1825</load_address>
         <run_address>0x1825</run_address>
         <size>0x93</size>
         <input_file_ref idref="fl-1e"/>
      </object_component>
      <object_component id="oc-b1">
         <name>.debug_line</name>
         <load_address>0x18b8</load_address>
         <run_address>0x18b8</run_address>
         <size>0x5a</size>
         <input_file_ref idref="fl-1f"/>
      </object_component>
      <object_component id="oc-b6">
         <name>.debug_line</name>
         <load_address>0x1912</load_address>
         <run_address>0x1912</run_address>
         <size>0x54</size>
         <input_file_ref idref="fl-20"/>
      </object_component>
      <object_component id="oc-bb">
         <name>.debug_line</name>
         <load_address>0x1966</load_address>
         <run_address>0x1966</run_address>
         <size>0x4d</size>
         <input_file_ref idref="fl-21"/>
      </object_component>
      <object_component id="oc-c0">
         <name>.debug_line</name>
         <load_address>0x19b3</load_address>
         <run_address>0x19b3</run_address>
         <size>0x3c</size>
         <input_file_ref idref="fl-30"/>
      </object_component>
      <object_component id="oc-c5">
         <name>.debug_line</name>
         <load_address>0x19ef</load_address>
         <run_address>0x19ef</run_address>
         <size>0x4e</size>
         <input_file_ref idref="fl-31"/>
      </object_component>
      <object_component id="oc-c9">
         <name>.debug_line</name>
         <load_address>0x1a3d</load_address>
         <run_address>0x1a3d</run_address>
         <size>0x59</size>
         <input_file_ref idref="fl-32"/>
      </object_component>
      <object_component id="oc-ce">
         <name>.debug_line</name>
         <load_address>0x1a96</load_address>
         <run_address>0x1a96</run_address>
         <size>0x5e</size>
         <input_file_ref idref="fl-33"/>
      </object_component>
      <object_component id="oc-d2">
         <name>.debug_line</name>
         <load_address>0x1af4</load_address>
         <run_address>0x1af4</run_address>
         <size>0x68</size>
         <input_file_ref idref="fl-34"/>
      </object_component>
      <object_component id="oc-d7">
         <name>.debug_line</name>
         <load_address>0x1b5c</load_address>
         <run_address>0x1b5c</run_address>
         <size>0x45</size>
         <input_file_ref idref="fl-35"/>
      </object_component>
      <object_component id="oc-dc">
         <name>.debug_line</name>
         <load_address>0x1ba1</load_address>
         <run_address>0x1ba1</run_address>
         <size>0x60</size>
         <input_file_ref idref="fl-36"/>
      </object_component>
      <object_component id="oc-e1">
         <name>.debug_line</name>
         <load_address>0x1c01</load_address>
         <run_address>0x1c01</run_address>
         <size>0x2b</size>
         <input_file_ref idref="fl-37"/>
      </object_component>
      <object_component id="oc-e6">
         <name>.debug_line</name>
         <load_address>0x1c2c</load_address>
         <run_address>0x1c2c</run_address>
         <size>0x42</size>
         <input_file_ref idref="fl-38"/>
      </object_component>
      <object_component id="oc-eb">
         <name>.debug_line</name>
         <load_address>0x1c6e</load_address>
         <run_address>0x1c6e</run_address>
         <size>0x4b</size>
         <input_file_ref idref="fl-39"/>
      </object_component>
      <object_component id="oc-f0">
         <name>.debug_line</name>
         <load_address>0x1cb9</load_address>
         <run_address>0x1cb9</run_address>
         <size>0x74</size>
         <input_file_ref idref="fl-3a"/>
      </object_component>
      <object_component id="oc-f5">
         <name>.debug_line</name>
         <load_address>0x1d2d</load_address>
         <run_address>0x1d2d</run_address>
         <size>0x41</size>
         <input_file_ref idref="fl-3b"/>
[...]
      </symbol>
      <symbol id="sm-34f">
         <name>BSP_InitButtons</name>
         <value>0xb088</value>
         <object_component_ref idref="oc-159"/>
      </symbol>
      <symbol id="sm-350">
         <name>BSP_InitBoard</name>
         <value>0xae98</value>
         <object_component_ref idref="oc-132"/>
      </symbol>
      <symbol id="sm-351">
         <name>BSP_InitLeds</name>
         <value>0xb014</value>
         <object_component_ref idref="oc-158"/>
      </symbol>
      <symbol id="sm-352">
         <name>BSP_Delay</name>
         <value>0xad2e</value>
         <object_component_ref idref="oc-15a"/>
      </symbol>
      <symbol id="sm-353">
         <name>BSP_InitDrivers</name>
         <value>0xb092</value>
         <object_component_ref idref="oc-133"/>
      </symbol>
      <symbol id="sm-354">
         <name>_system_pre_init</name>
         <value>0xb09c</value>
         <object_component_ref idref="oc-11f"/>
      </symbol>
      <symbol id="sm-362">
         <name>L_ASR</name>
         <value>0xb04a</value>
         <object_component_ref idref="oc-13e"/>
      </symbol>
      <symbol id="sm-375">
         <name>atoi</name>
         <value>0xa6d6</value>
         <object_component_ref idref="oc-14a"/>
      </symbol>
      <symbol id="sm-388">
         <name>_c_int00_noexit</name>
         <value>0xad7e</value>
         <object_component_ref idref="oc-2d"/>
      </symbol>
      <symbol id="sm-389">
         <name>_c_int00</name>
         <value>0xad7e</value>
         <object_component_ref idref="oc-2d"/>
      </symbol>
      <symbol id="sm-38a">
         <name>_stack</name>
         <value>0x5b0</value>
         <object_component_ref idref="oc-6c"/>
      </symbol>
      <symbol id="sm-38b">
         <name>__TI_dtors_ptr</name>
         <value>0x29e</value>
         <object_component_ref idref="oc-6a"/>
      </symbol>
      <symbol id="sm-38c">
         <name>__TI_cleanup_ptr</name>
         <value>0x29c</value>
         <object_component_ref idref="oc-6a"/>
      </symbol>
      <symbol id="sm-38d">
         <name>_reset_vector</name>
         <value>0xfffe</value>
         <object_component_ref idref="oc-6d"/>
      </symbol>
      <symbol id="sm-3b0">
         <name>_ctypes_</name>
         <value>0xb1fc</value>
         <object_component_ref idref="oc-166"/>
      </symbol>
      <symbol id="sm-3c0">
         <name>__remi</name>
         <value>0xac82</value>
         <object_component_ref idref="oc-83"/>
      </symbol>
      <symbol id="sm-3c1">
         <name>__divi</name>
         <value>0xac82</value>
         <object_component_ref idref="oc-83"/>
      </symbol>
      <symbol id="sm-3cf">
         <name>__remu</name>
         <value>0xafac</value>
         <object_component_ref idref="oc-88"/>
      </symbol>
      <symbol id="sm-3d0">
         <name>__divu</name>
         <value>0xafac</value>
         <object_component_ref idref="oc-88"/>
      </symbol>
      <symbol id="sm-3e2">
         <name>__divul</name>
         <value>0xa5d4</value>
         <object_component_ref idref="oc-8d"/>
      </symbol>
      <symbol id="sm-3e3">
         <name>__remul</name>
         <value>0xa5d4</value>
         <object_component_ref idref="oc-8d"/>
      </symbol>
      <symbol id="sm-3f0">
         <name>func_epilog_1</name>
         <value>0xb066</value>
         <object_component_ref idref="oc-125"/>
      </symbol>
      <symbol id="sm-3f1">
         <name>func_epilog_2</name>
         <value>0xb064</value>
         <object_component_ref idref="oc-125"/>
      </symbol>
      <symbol id="sm-3f2">
         <name>func_epilog_3</name>
         <value>0xb062</value>
         <object_component_ref idref="oc-125"/>
      </symbol>
      <symbol id="sm-3f3">
         <name>func_epilog_4</name>
         <value>0xb060</value>
         <object_component_ref idref="oc-125"/>
      </symbol>
      <symbol id="sm-3f4">
         <name>func_epilog_5</name>
         <value>0xb05e</value>
         <object_component_ref idref="oc-125"/>
      </symbol>
      <symbol id="sm-3f5">
         <name>func_epilog_6</name>
         <value>0xb05c</value>
         <object_component_ref idref="oc-125"/>
      </symbol>
      <symbol id="sm-3f6">
         <name>func_epilog_7</name>
         <value>0xb05a</value>
         <object_component_ref idref="oc-125"/>
      </symbol>
      <symbol id="sm-403">
         <name>C$$EXIT</name>
         <value>0xb0b2</value>
         <object_component_ref idref="oc-122"/>
      </symbol>
      <symbol id="sm-404">
         <name>abort</name>
         <value>0xb0b2</value>
         <object_component_ref idref="oc-122"/>
      </symbol>
      <symbol id="sm-405">
         <name>__TI_exit</name>
         <value>0x1</value>
      </symbol>
      <symbol id="sm-411">
         <name>_fltud</name>
         <value>0xb0ac</value>
         <object_component_ref idref="oc-17d"/>
      </symbol>
      <symbol id="sm-430">
         <name>__fs_add</name>
         <value>0x8eda</value>
         <object_component_ref idref="oc-a0"/>
      </symbol>
      <symbol id="sm-431">
         <name>__fs_sub</name>
         <value>0x8ed4</value>
         <object_component_ref idref="oc-a0"/>
      </symbol>
      <symbol id="sm-447">
         <name>__fs_div</name>
         <value>0xa054</value>
         <object_component_ref idref="oc-a5"/>
      </symbol>
      <symbol id="sm-462">
         <name>__fs_mpy</name>
         <value>0x9c32</value>
         <object_component_ref idref="oc-aa"/>
      </symbol>
      <symbol id="sm-475">
         <name>__fs_tou</name>
         <value>0xa8a0</value>
         <object_component_ref idref="oc-af"/>
      </symbol>
      <symbol id="sm-485">
         <name>__fs_ultof</name>
         <value>0xab3c</value>
         <object_component_ref idref="oc-b4"/>
      </symbol>
      <symbol id="sm-494">
         <name>__fs_utof</name>
         <value>0xae16</value>
         <object_component_ref idref="oc-b9"/>
      </symbol>
      <symbol id="sm-498">
         <name>__TI_int00</name>
         <value>0xffe0</value>
         <object_component_ref idref="oc-1e"/>
      </symbol>
      <symbol id="sm-49c">
         <name>__TI_int01</name>
         <value>0xffe2</value>
         <object_component_ref idref="oc-1f"/>
      </symbol>
      <symbol id="sm-4a0">
         <name>__TI_int02</name>
         <value>0xffe4</value>
         <object_component_ref idref="oc-20"/>
      </symbol>
      <symbol id="sm-4a4">
         <name>__TI_int04</name>
         <value>0xffe8</value>
         <object_component_ref idref="oc-22"/>
      </symbol>
      <symbol id="sm-4a8">
         <name>__TI_int05</name>
         <value>0xffea</value>
         <object_component_ref idref="oc-23"/>
      </symbol>
      <symbol id="sm-4ac">
         <name>__TI_int06</name>
         <value>0xffec</value>
         <object_component_ref idref="oc-24"/>
      </symbol>
      <symbol id="sm-4b0">
         <name>__TI_int07</name>
         <value>0xffee</value>
         <object_component_ref idref="oc-25"/>
      </symbol>
      <symbol id="sm-4b4">
         <name>__TI_int08</name>
         <value>0xfff0</value>
         <object_component_ref idref="oc-26"/>
      </symbol>
      <symbol id="sm-4b8">
         <name>__TI_int09</name>
         <value>0xfff2</value>
         <object_component_ref idref="oc-27"/>
      </symbol>
      <symbol id="sm-4bc">
         <name>__TI_int10</name>
         <value>0xfff4</value>
         <object_component_ref idref="oc-28"/>
      </symbol>
      <symbol id="sm-4c0">
         <name>__TI_int11</name>
         <value>0xfff6</value>
         <object_component_ref idref="oc-29"/>
      </symbol>
      <symbol id="sm-4c4">
         <name>__TI_int12</name>
         <value>0xfff8</value>
         <object_component_ref idref="oc-2a"/>
      </symbol>
      <symbol id="sm-4c8">
         <name>__TI_int13</name>
         <value>0xfffa</value>
         <object_component_ref idref="oc-2b"/>
      </symbol>
      <symbol id="sm-4cc">
         <name>__TI_int14</name>
         <value>0xfffc</value>
         <object_component_ref idref="oc-2c"/>
      </symbol>
      <symbol id="sm-4d8">
         <name>__TI_ISR_TRAP</name>
         <value>0xb0a6</value>
         <object_component_ref idref="oc-be"/>
      </symbol>
      <symbol id="sm-4e4">
         <name>I_LSL</name>
         <value>0xacae</value>
         <object_component_ref idref="oc-c3"/>
      </symbol>
      <symbol id="sm-4e5">
         <name>I_LSL_3</name>
         <value>0xacd2</value>
         <object_component_ref idref="oc-c3"/>
      </symbol>
      <symbol id="sm-4e6">
         <name>I_LSL_2</name>
         <value>0xacd4</value>
         <object_component_ref idref="oc-c3"/>
      </symbol>
      <symbol id="sm-4e7">
         <name>I_LSL_1</name>
         <value>0xacd6</value>
         <object_component_ref idref="oc-c3"/>
      </symbol>
      <symbol id="sm-4e8">
         <name>I_LSL_7</name>
         <value>0xacca</value>
         <object_component_ref idref="oc-c3"/>
      </symbol>
      <symbol id="sm-4e9">
         <name>I_LSL_6</name>
         <value>0xaccc</value>
         <object_component_ref idref="oc-c3"/>
      </symbol>
      <symbol id="sm-4ea">
         <name>I_LSL_5</name>
         <value>0xacce</value>
         <object_component_ref idref="oc-c3"/>
      </symbol>
      <symbol id="sm-4eb">
         <name>I_LSL_4</name>
         <value>0xacd0</value>
         <object_component_ref idref="oc-c3"/>
      </symbol>
      <symbol id="sm-4ec">
         <name>I_LSL_9</name>
         <value>0xacc6</value>
         <object_component_ref idref="oc-c3"/>
      </symbol>
      <symbol id="sm-4ed">
         <name>I_LSL_8</name>
         <value>0xacc8</value>
         <object_component_ref idref="oc-c3"/>
      </symbol>
      <symbol id="sm-4ee">
         <name>I_LSL_12</name>
         <value>0xacc0</value>
         <object_component_ref idref="oc-c3"/>
      </symbol>
      <symbol id="sm-4ef">
         <name>I_LSL_13</name>
         <value>0xacbe</value>
         <object_component_ref idref="oc-c3"/>
      </symbol>
      <symbol id="sm-4f0">
         <name>I_LSL_10</name>
         <value>0xacc4</value>
         <object_component_ref idref="oc-c3"/>
      </symbol>
      <symbol id="sm-4f1">
         <name>I_LSL_11</name>
         <value>0xacc2</value>
         <object_component_ref idref="oc-c3"/>
      </symbol>
      <symbol id="sm-4f2">
         <name>I_LSL_14</name>
         <value>0xacbc</value>
         <object_component_ref idref="oc-c3"/>
      </symbol>
      <symbol id="sm-4f3">
         <name>I_LSL_15</name>
         <value>0xacba</value>
         <object_component_ref idref="oc-c3"/>
      </symbol>
      <symbol id="sm-4ff">
         <name>L_LSL_3</name>
         <value>0xa9dc</value>
         <object_component_ref idref="oc-162"/>
      </symbol>
      <symbol id="sm-500">
         <name>L_LSL_2</name>
         <value>0xa9e0</value>
         <object_component_ref idref="oc-162"/>
      </symbol>
      <symbol id="sm-501">
         <name>L_LSL_1</name>
         <value>0xa9e4</value>
         <object_component_ref idref="oc-162"/>
      </symbol>
      <symbol id="sm-502">
         <name>L_LSL_7</name>
         <value>0xa9cc</value>
         <object_component_ref idref="oc-162"/>
      </symbol>
      <symbol id="sm-503">
         <name>L_LSL_6</name>
         <value>0xa9d0</value>
         <object_component_ref idref="oc-162"/>
      </symbol>
      <symbol id="sm-504">
         <name>L_LSL_5</name>
         <value>0xa9d4</value>
         <object_component_ref idref="oc-162"/>
      </symbol>
      <symbol id="sm-505">
         <name>L_LSL_4</name>
         <value>0xa9d8</value>
         <object_component_ref idref="oc-162"/>
      </symbol>
      <symbol id="sm-506">
         <name>L_LSL_9</name>
         <value>0xa9c4</value>
         <object_component_ref idref="oc-162"/>
      </symbol>
      <symbol id="sm-507">
         <name>L_LSL_8</name>
         <value>0xa9c8</value>
         <object_component_ref idref="oc-162"/>
      </symbol>
      <symbol id="sm-508">
         <name>L_LSL_12</name>
         <value>0xa9b8</value>
         <object_component_ref idref="oc-162"/>
      </symbol>
      <symbol id="sm-509">
         <name>L_LSL_13</name>
         <value>0xa9b4</value>
         <object_component_ref idref="oc-162"/>
      </symbol>
      <symbol id="sm-50a">
         <name>L_LSL_10</name>
         <value>0xa9c0</value>
         <object_component_ref idref="oc-162"/>
      </symbol>
      <symbol id="sm-50b">
         <name>L_LSL_11</name>
         <value>0xa9bc</value>
         <object_component_ref idref="oc-162"/>
      </symbol>
      <symbol id="sm-50c">
         <name>L_LSL_14</name>
         <value>0xa9b0</value>
         <object_component_ref idref="oc-162"/>
      </symbol>
      <symbol id="sm-50d">
         <name>L_LSL_15</name>
         <value>0xa9ac</value>
         <object_component_ref idref="oc-162"/>
      </symbol>
      <symbol id="sm-519">
         <name>I_LSR</name>
         <value>0xa7c4</value>
         <object_component_ref idref="oc-cc"/>
      </symbol>
      <symbol id="sm-51a">
         <name>I_LSR_12</name>
         <value>0xa7de</value>
         <object_component_ref idref="oc-cc"/>
      </symbol>
      <symbol id="sm-51b">
         <name>I_LSR_13</name>
         <value>0xa7da</value>
         <object_component_ref idref="oc-cc"/>
      </symbol>
      <symbol id="sm-51c">
         <name>I_LSR_10</name>
         <value>0xa7e6</value>
         <object_component_ref idref="oc-cc"/>
      </symbol>
      <symbol id="sm-51d">
         <name>I_LSR_11</name>
         <value>0xa7e2</value>
         <object_component_ref idref="oc-cc"/>
      </symbol>
      <symbol id="sm-51e">
         <name>I_LSR_14</name>
         <value>0xa7d6</value>
         <object_component_ref idref="oc-cc"/>
      </symbol>
      <symbol id="sm-51f">
         <name>I_LSR_15</name>
         <value>0xa7d2</value>
         <object_component_ref idref="oc-cc"/>
      </symbol>
      <symbol id="sm-520">
         <name>I_LSR_3</name>
         <value>0xa802</value>
         <object_component_ref idref="oc-cc"/>
      </symbol>
      <symbol id="sm-521">
         <name>I_LSR_2</name>
         <value>0xa806</value>
         <object_component_ref idref="oc-cc"/>
      </symbol>
      <symbol id="sm-522">
         <name>I_LSR_1</name>
         <value>0xa80a</value>
         <object_component_ref idref="oc-cc"/>
      </symbol>
      <symbol id="sm-523">
         <name>I_LSR_7</name>
         <value>0xa7f2</value>
         <object_component_ref idref="oc-cc"/>
      </symbol>
      <symbol id="sm-524">
         <name>I_LSR_6</name>
         <value>0xa7f6</value>
         <object_component_ref idref="oc-cc"/>
      </symbol>
      <symbol id="sm-525">
         <name>I_LSR_5</name>
         <value>0xa7fa</value>
         <object_component_ref idref="oc-cc"/>
      </symbol>
      <symbol id="sm-526">
         <name>I_LSR_4</name>
         <value>0xa7fe</value>
         <object_component_ref idref="oc-cc"/>
      </symbol>
      <symbol id="sm-527">
         <name>I_LSR_9</name>
         <value>0xa7ea</value>
         <object_component_ref idref="oc-cc"/>
      </symbol>
      <symbol id="sm-528">
         <name>I_LSR_8</name>
         <value>0xa7ee</value>
         <object_component_ref idref="oc-cc"/>
      </symbol>
      <symbol id="sm-534">
         <name>L_LSR_12</name>
         <value>0xa4d2</value>
         <object_component_ref idref="oc-161"/>
      </symbol>
      <symbol id="sm-535">
         <name>L_LSR_13</name>
         <value>0xa4cc</value>
         <object_component_ref idref="oc-161"/>
      </symbol>
      <symbol id="sm-536">
         <name>L_LSR_10</name>
         <value>0xa4de</value>
         <object_component_ref idref="oc-161"/>
      </symbol>
      <symbol id="sm-537">
         <name>L_LSR_11</name>
         <value>0xa4d8</value>
         <object_component_ref idref="oc-161"/>
      </symbol>
      <symbol id="sm-538">
         <name>L_LSR_14</name>
         <value>0xa4c6</value>
         <object_component_ref idref="oc-161"/>
      </symbol>
      <symbol id="sm-539">
         <name>L_LSR_15</name>
         <value>0xa4c0</value>
         <object_component_ref idref="oc-161"/>
      </symbol>
      <symbol id="sm-53a">
         <name>L_LSR_3</name>
         <value>0xa508</value>
         <object_component_ref idref="oc-161"/>
      </symbol>
      <symbol id="sm-53b">
         <name>L_LSR_2</name>
         <value>0xa50e</value>
         <object_component_ref idref="oc-161"/>
      </symbol>
      <symbol id="sm-53c">
         <name>L_LSR_1</name>
         <value>0xa514</value>
         <object_component_ref idref="oc-161"/>
      </symbol>
      <symbol id="sm-53d">
         <name>L_LSR_7</name>
         <value>0xa4f0</value>
         <object_component_ref idref="oc-161"/>
      </symbol>
      <symbol id="sm-53e">
         <name>L_LSR_6</name>
         <value>0xa4f6</value>
         <object_component_ref idref="oc-161"/>
      </symbol>
      <symbol id="sm-53f">
         <name>L_LSR_5</name>
         <value>0xa4fc</value>
         <object_component_ref idref="oc-161"/>
      </symbol>
      <symbol id="sm-540">
         <name>L_LSR_4</name>
         <value>0xa502</value>
         <object_component_ref idref="oc-161"/>
      </symbol>
      <symbol id="sm-541">
         <name>L_LSR_9</name>
         <value>0xa4e4</value>
         <object_component_ref idref="oc-161"/>
      </symbol>
      <symbol id="sm-542">
         <name>L_LSR_8</name>
         <value>0xa4ea</value>
         <object_component_ref idref="oc-161"/>
      </symbol>
      <symbol id="sm-550">
         <name>memcpy</name>
         <value>0xb038</value>
         <object_component_ref idref="oc-124"/>
      </symbol>
      <symbol id="sm-55e">
         <name>memset</name>
         <value>0xafd8</value>
         <object_component_ref idref="oc-134"/>
      </symbol>
      <symbol id="sm-575">
         <name>__mpyi</name>
         <value>0xafec</value>
         <object_component_ref idref="oc-e4"/>
      </symbol>
      <symbol id="sm-583">
         <name>__mpyl</name>
         <value>0xadca</value>
         <object_component_ref idref="oc-e9"/>
      </symbol>
      <symbol id="sm-595">
         <name>sprintf</name>
         <value>0xaa66</value>
         <object_component_ref idref="oc-12e"/>
      </symbol>
      <symbol id="sm-5ab">
         <name>strcpy</name>
         <value>0xb06a</value>
         <object_component_ref idref="oc-179"/>
      </symbol>
      <symbol id="sm-5b8">
         <name>strlen</name>
         <value>0xb07a</value>
         <object_component_ref idref="oc-167"/>
      </symbol>
      <symbol id="sm-5c6">
         <name>_nop</name>
         <value>0xb0b6</value>
         <object_component_ref idref="oc-11e"/>
      </symbol>
      <symbol id="sm-5c7">
         <name>_lock</name>
         <value>0x298</value>
         <object_component_ref idref="oc-102"/>
      </symbol>
      <symbol id="sm-5c8">
         <name>_unlock</name>
         <value>0x29a</value>
         <object_component_ref idref="oc-102"/>
      </symbol>
      <symbol id="sm-608">
         <name>__TI_printfi_minimal</name>
         <value>0x9aa2</value>
         <object_component_ref idref="oc-14d"/>
      </symbol>
      <symbol id="sm-612">
         <name>__TI_args_main</name>
         <value>0x1</value>
      </symbol>
      <symbol id="sm-624">
         <name>_auto_init</name>
         <value>0xa810</value>
         <object_component_ref idref="oc-120"/>
      </symbol>
      <symbol id="sm-625">
         <name>__TI_auto_init</name>
         <value>0x1</value>
      </symbol>
      <symbol id="sm-634">
         <name>memccpy</name>
         <value>0xaed0</value>
         <object_component_ref idref="oc-178"/>
      </symbol>
   </symbol_table>
   <title>Link successful</title>
</link_info>
